[1.028s] Invoking command in '/home/olhamelnyk/colcon_venv/src/controller_with_gui': DEBUGINFOD_URLS=https://debuginfod.ubuntu.com PYTHONPATH=/home/olhamelnyk/colcon_venv/src/build/controller_with_gui/prefix_override:/usr/lib/python3/dist-packages/colcon_core/task/python/colcon_distutils_commands:/home/olhamelnyk/colcon_venv/src/install/controller_with_gui/lib/python3.12/site-packages:${PYTHONPATH} /usr/bin/python3 -W ignore:setup.py install is deprecated -W ignore:easy_install command is deprecated setup.py egg_info --egg-base ../build/controller_with_gui build --build-base /home/olhamelnyk/colcon_venv/src/build/controller_with_gui/build install --record /home/olhamelnyk/colcon_venv/src/build/controller_with_gui/install.log --single-version-externally-managed install_data
[1.390s] running egg_info
[1.390s] creating ../build/controller_with_gui/controller_with_gui.egg-info
[1.420s] writing ../build/controller_with_gui/controller_with_gui.egg-info/PKG-INFO
[1.421s] writing dependency_links to ../build/controller_with_gui/controller_with_gui.egg-info/dependency_links.txt
[1.421s] writing requirements to ../build/controller_with_gui/controller_with_gui.egg-info/requires.txt
[1.421s] writing top-level names to ../build/controller_with_gui/controller_with_gui.egg-info/top_level.txt
[1.421s] writing manifest file '../build/controller_with_gui/controller_with_gui.egg-info/SOURCES.txt'
[1.482s] reading manifest file '../build/controller_with_gui/controller_with_gui.egg-info/SOURCES.txt'
[1.482s] adding license file 'LICENSE'
[1.483s] writing manifest file '../build/controller_with_gui/controller_with_gui.egg-info/SOURCES.txt'
[1.483s] running build
[1.483s] running build_py
[1.483s] creating /home/olhamelnyk/colcon_venv/src/build/controller_with_gui/build
[1.484s] creating /home/olhamelnyk/colcon_venv/src/build/controller_with_gui/build/lib
[1.484s] creating /home/olhamelnyk/colcon_venv/src/build/controller_with_gui/build/lib/controller_with_gui
[1.484s] copying controller_with_gui/__init__.py -> /home/olhamelnyk/colcon_venv/src/build/controller_with_gui/build/lib/controller_with_gui
[1.484s] running install
[1.490s] running install_lib
[1.521s] creating /home/olhamelnyk/colcon_venv/src/install/controller_with_gui/lib/python3.12/site-packages/controller_with_gui
[1.521s] copying /home/olhamelnyk/colcon_venv/src/build/controller_with_gui/build/lib/controller_with_gui/__init__.py -> /home/olhamelnyk/colcon_venv/src/install/controller_with_gui/lib/python3.12/site-packages/controller_with_gui
[1.521s] byte-compiling /home/olhamelnyk/colcon_venv/src/install/controller_with_gui/lib/python3.12/site-packages/controller_with_gui/__init__.py to __init__.cpython-312.pyc
[1.522s] running install_data
[1.522s] creating /home/olhamelnyk/colcon_venv/src/install/controller_with_gui/share/ament_index
[1.522s] creating /home/olhamelnyk/colcon_venv/src/install/controller_with_gui/share/ament_index/resource_index
[1.522s] creating /home/olhamelnyk/colcon_venv/src/install/controller_with_gui/share/ament_index/resource_index/packages
[1.523s] copying resource/controller_with_gui -> /home/olhamelnyk/colcon_venv/src/install/controller_with_gui/share/ament_index/resource_index/packages
[1.523s] copying package.xml -> /home/olhamelnyk/colcon_venv/src/install/controller_with_gui/share/controller_with_gui
[1.523s] running install_egg_info
[1.554s] Copying ../build/controller_with_gui/controller_with_gui.egg-info to /home/olhamelnyk/colcon_venv/src/install/controller_with_gui/lib/python3.12/site-packages/controller_with_gui-0.0.0-py3.12.egg-info
[1.555s] running install_scripts
[1.742s] writing list of installed files to '/home/olhamelnyk/colcon_venv/src/build/controller_with_gui/install.log'
[1.789s] Invoked command in '/home/olhamelnyk/colcon_venv/src/controller_with_gui' returned '0': DEBUGINFOD_URLS=https://debuginfod.ubuntu.com PYTHONPATH=/home/olhamelnyk/colcon_venv/src/build/controller_with_gui/prefix_override:/usr/lib/python3/dist-packages/colcon_core/task/python/colcon_distutils_commands:/home/olhamelnyk/colcon_venv/src/install/controller_with_gui/lib/python3.12/site-packages:${PYTHONPATH} /usr/bin/python3 -W ignore:setup.py install is deprecated -W ignore:easy_install command is deprecated setup.py egg_info --egg-base ../build/controller_with_gui build --build-base /home/olhamelnyk/colcon_venv/src/build/controller_with_gui/build install --record /home/olhamelnyk/colcon_venv/src/build/controller_with_gui/install.log --single-version-externally-managed install_data
