[1.479s] Invoking command in '/home/olhamelnyk/colcon_venv/src/system_controller/system_controller': AMENT_PREFIX_PATH=/home/olhamelnyk/colcon_venv/src/install/egocentric_msg:${AMENT_PREFIX_PATH} CMAKE_PREFIX_PATH=/home/olhamelnyk/colcon_venv/src/install/egocentric_msg:${CMAKE_PREFIX_PATH} DEBUGINFOD_URLS=https://debuginfod.ubuntu.com LD_LIBRARY_PATH=/home/olhamelnyk/colcon_venv/src/install/egocentric_msg/lib:${LD_LIBRARY_PATH} PYTHONPATH=/home/olhamelnyk/colcon_venv/src/build/system_controller/prefix_override:/usr/lib/python3/dist-packages/colcon_core/task/python/colcon_distutils_commands:/home/olhamelnyk/colcon_venv/src/install/system_controller/lib/python3.12/site-packages:/home/olhamelnyk/colcon_venv/src/install/egocentric_msg/lib/python3.12/site-packages:${PYTHONPATH} /usr/bin/python3 -W ignore:setup.py install is deprecated -W ignore:easy_install command is deprecated setup.py egg_info --egg-base ../../build/system_controller build --build-base /home/olhamelnyk/colcon_venv/src/build/system_controller/build install --record /home/olhamelnyk/colcon_venv/src/build/system_controller/install.log --single-version-externally-managed install_data
[1.849s] running egg_info
[1.881s] writing ../../build/system_controller/system_controller.egg-info/PKG-INFO
[1.881s] writing dependency_links to ../../build/system_controller/system_controller.egg-info/dependency_links.txt
[1.881s] writing entry points to ../../build/system_controller/system_controller.egg-info/entry_points.txt
[1.881s] writing requirements to ../../build/system_controller/system_controller.egg-info/requires.txt
[1.882s] writing top-level names to ../../build/system_controller/system_controller.egg-info/top_level.txt
[1.945s] reading manifest file '../../build/system_controller/system_controller.egg-info/SOURCES.txt'
[1.946s] writing manifest file '../../build/system_controller/system_controller.egg-info/SOURCES.txt'
[1.946s] running build
[1.946s] running build_py
[1.946s] running install
[1.953s] running install_lib
[1.985s] running install_data
[1.985s] running install_egg_info
[2.018s] removing '/home/olhamelnyk/colcon_venv/src/install/system_controller/lib/python3.12/site-packages/system_controller-0.0.0-py3.12.egg-info' (and everything under it)
[2.018s] Copying ../../build/system_controller/system_controller.egg-info to /home/olhamelnyk/colcon_venv/src/install/system_controller/lib/python3.12/site-packages/system_controller-0.0.0-py3.12.egg-info
[2.019s] running install_scripts
[2.221s] Installing system_controller script to /home/olhamelnyk/colcon_venv/src/install/system_controller/lib/system_controller
[2.221s] writing list of installed files to '/home/olhamelnyk/colcon_venv/src/build/system_controller/install.log'
[2.266s] Invoked command in '/home/olhamelnyk/colcon_venv/src/system_controller/system_controller' returned '0': AMENT_PREFIX_PATH=/home/olhamelnyk/colcon_venv/src/install/egocentric_msg:${AMENT_PREFIX_PATH} CMAKE_PREFIX_PATH=/home/olhamelnyk/colcon_venv/src/install/egocentric_msg:${CMAKE_PREFIX_PATH} DEBUGINFOD_URLS=https://debuginfod.ubuntu.com LD_LIBRARY_PATH=/home/olhamelnyk/colcon_venv/src/install/egocentric_msg/lib:${LD_LIBRARY_PATH} PYTHONPATH=/home/olhamelnyk/colcon_venv/src/build/system_controller/prefix_override:/usr/lib/python3/dist-packages/colcon_core/task/python/colcon_distutils_commands:/home/olhamelnyk/colcon_venv/src/install/system_controller/lib/python3.12/site-packages:/home/olhamelnyk/colcon_venv/src/install/egocentric_msg/lib/python3.12/site-packages:${PYTHONPATH} /usr/bin/python3 -W ignore:setup.py install is deprecated -W ignore:easy_install command is deprecated setup.py egg_info --egg-base ../../build/system_controller build --build-base /home/olhamelnyk/colcon_venv/src/build/system_controller/build install --record /home/olhamelnyk/colcon_venv/src/build/system_controller/install.log --single-version-externally-managed install_data
