[1.708s] Invoking command in '/home/olhamelnyk/colcon_venv/src/system_controller/system_controller': DEBUGINFOD_URLS=https://debuginfod.ubuntu.com PYTHONPATH=/home/olhamelnyk/colcon_venv/src/build/system_controller/prefix_override:/usr/lib/python3/dist-packages/colcon_core/task/python/colcon_distutils_commands:/home/olhamelnyk/colcon_venv/src/install/system_controller/lib/python3.12/site-packages:/home/olhamelnyk/colcon_venv/src/install/egocentric_msg/lib/python3.12/site-packages:/home/olhamelnyk/colcon_venv/src/install/system_controller/lib/python3.12/site-packages:/home/olhamelnyk/colcon_venv/src/install/pupil_labs_wrapper/lib/python3.12/site-packages:/home/olhamelnyk/colcon_venv/src/install/gaze_video_recorder/lib/python3.12/site-packages:/home/olhamelnyk/colcon_venv/src/install/controller_with_gui/lib/python3.12/site-packages:/opt/ros/jazzy/lib/python3.12/site-packages /usr/bin/python3 -W ignore:setup.py install is deprecated -W ignore:easy_install command is deprecated setup.py egg_info --egg-base ../../build/system_controller build --build-base /home/olhamelnyk/colcon_venv/src/build/system_controller/build install --record /home/olhamelnyk/colcon_venv/src/build/system_controller/install.log --single-version-externally-managed install_data
[2.124s] running egg_info
[2.157s] writing ../../build/system_controller/system_controller.egg-info/PKG-INFO
[2.157s] writing dependency_links to ../../build/system_controller/system_controller.egg-info/dependency_links.txt
[2.157s] writing entry points to ../../build/system_controller/system_controller.egg-info/entry_points.txt
[2.157s] writing requirements to ../../build/system_controller/system_controller.egg-info/requires.txt
[2.158s] writing top-level names to ../../build/system_controller/system_controller.egg-info/top_level.txt
[2.223s] reading manifest file '../../build/system_controller/system_controller.egg-info/SOURCES.txt'
[2.224s] writing manifest file '../../build/system_controller/system_controller.egg-info/SOURCES.txt'
[2.225s] running build
[2.225s] running build_py
[2.225s] running install
[2.232s] running install_lib
[2.266s] running install_data
[2.266s] running install_egg_info
[2.301s] removing '/home/olhamelnyk/colcon_venv/src/install/system_controller/lib/python3.12/site-packages/system_controller-0.0.0-py3.12.egg-info' (and everything under it)
[2.301s] Copying ../../build/system_controller/system_controller.egg-info to /home/olhamelnyk/colcon_venv/src/install/system_controller/lib/python3.12/site-packages/system_controller-0.0.0-py3.12.egg-info
[2.302s] running install_scripts
[2.511s] Installing system_controller script to /home/olhamelnyk/colcon_venv/src/install/system_controller/lib/system_controller
[2.511s] writing list of installed files to '/home/olhamelnyk/colcon_venv/src/build/system_controller/install.log'
[2.563s] Invoked command in '/home/olhamelnyk/colcon_venv/src/system_controller/system_controller' returned '0': DEBUGINFOD_URLS=https://debuginfod.ubuntu.com PYTHONPATH=/home/olhamelnyk/colcon_venv/src/build/system_controller/prefix_override:/usr/lib/python3/dist-packages/colcon_core/task/python/colcon_distutils_commands:/home/olhamelnyk/colcon_venv/src/install/system_controller/lib/python3.12/site-packages:/home/olhamelnyk/colcon_venv/src/install/egocentric_msg/lib/python3.12/site-packages:/home/olhamelnyk/colcon_venv/src/install/system_controller/lib/python3.12/site-packages:/home/olhamelnyk/colcon_venv/src/install/pupil_labs_wrapper/lib/python3.12/site-packages:/home/olhamelnyk/colcon_venv/src/install/gaze_video_recorder/lib/python3.12/site-packages:/home/olhamelnyk/colcon_venv/src/install/controller_with_gui/lib/python3.12/site-packages:/opt/ros/jazzy/lib/python3.12/site-packages /usr/bin/python3 -W ignore:setup.py install is deprecated -W ignore:easy_install command is deprecated setup.py egg_info --egg-base ../../build/system_controller build --build-base /home/olhamelnyk/colcon_venv/src/build/system_controller/build install --record /home/olhamelnyk/colcon_venv/src/build/system_controller/install.log --single-version-externally-managed install_data
