running egg_info
creating ../build/recording_imu/recording_imu.egg-info
writing ../build/recording_imu/recording_imu.egg-info/PKG-INFO
writing dependency_links to ../build/recording_imu/recording_imu.egg-info/dependency_links.txt
writing entry points to ../build/recording_imu/recording_imu.egg-info/entry_points.txt
writing requirements to ../build/recording_imu/recording_imu.egg-info/requires.txt
writing top-level names to ../build/recording_imu/recording_imu.egg-info/top_level.txt
writing manifest file '../build/recording_imu/recording_imu.egg-info/SOURCES.txt'
reading manifest file '../build/recording_imu/recording_imu.egg-info/SOURCES.txt'
writing manifest file '../build/recording_imu/recording_imu.egg-info/SOURCES.txt'
running build
running build_py
creating /home/olhamelnyk/colcon_venv/src/build/recording_imu/build
creating /home/olhamelnyk/colcon_venv/src/build/recording_imu/build/lib
creating /home/olhamelnyk/colcon_venv/src/build/recording_imu/build/lib/recording_imu
copying recording_imu/recording_imu.py -> /home/olhamelnyk/colcon_venv/src/build/recording_imu/build/lib/recording_imu
copying recording_imu/__init__.py -> /home/olhamelnyk/colcon_venv/src/build/recording_imu/build/lib/recording_imu
running install
running install_lib
creating /home/olhamelnyk/colcon_venv/src/install/recording_imu/lib/python3.12/site-packages/recording_imu
copying /home/olhamelnyk/colcon_venv/src/build/recording_imu/build/lib/recording_imu/recording_imu.py -> /home/olhamelnyk/colcon_venv/src/install/recording_imu/lib/python3.12/site-packages/recording_imu
copying /home/olhamelnyk/colcon_venv/src/build/recording_imu/build/lib/recording_imu/__init__.py -> /home/olhamelnyk/colcon_venv/src/install/recording_imu/lib/python3.12/site-packages/recording_imu
byte-compiling /home/olhamelnyk/colcon_venv/src/install/recording_imu/lib/python3.12/site-packages/recording_imu/recording_imu.py to recording_imu.cpython-312.pyc
byte-compiling /home/olhamelnyk/colcon_venv/src/install/recording_imu/lib/python3.12/site-packages/recording_imu/__init__.py to __init__.cpython-312.pyc
running install_data
creating /home/olhamelnyk/colcon_venv/src/install/recording_imu/share/ament_index
creating /home/olhamelnyk/colcon_venv/src/install/recording_imu/share/ament_index/resource_index
creating /home/olhamelnyk/colcon_venv/src/install/recording_imu/share/ament_index/resource_index/packages
copying resource/recording_imu -> /home/olhamelnyk/colcon_venv/src/install/recording_imu/share/ament_index/resource_index/packages
copying package.xml -> /home/olhamelnyk/colcon_venv/src/install/recording_imu/share/recording_imu
running install_egg_info
Copying ../build/recording_imu/recording_imu.egg-info to /home/olhamelnyk/colcon_venv/src/install/recording_imu/lib/python3.12/site-packages/recording_imu-0.0.0-py3.12.egg-info
running install_scripts
Installing recording_imu script to /home/olhamelnyk/colcon_venv/src/install/recording_imu/lib/recording_imu
writing list of installed files to '/home/olhamelnyk/colcon_venv/src/build/recording_imu/install.log'
