-- The C compiler identification is GNU 13.3.0
-- The CXX compiler identification is GNU 13.3.0
-- Detecting C compiler ABI info
-- Detecting C compiler ABI info - done
-- Check for working C compiler: /usr/bin/cc - skipped
-- Detecting C compile features
-- Detecting C compile features - done
-- Detecting CXX compiler ABI info
-- Detecting CXX compiler ABI info - done
-- Check for working CXX compiler: /usr/bin/c++ - skipped
-- Detecting CXX compile features
-- Detecting CXX compile features - done
-- Found ament_cmake: 2.5.4 (/opt/ros/jazzy/share/ament_cmake/cmake)
-- Found Python3: /usr/bin/python3 (found version "3.12.3") found components: Interpreter 
-- Found rclcpp: 28.1.13 (/opt/ros/jazzy/share/rclcpp/cmake)
-- Found rosidl_generator_c: 4.6.6 (/opt/ros/jazzy/share/rosidl_generator_c/cmake)
-- Found rosidl_generator_cpp: 4.6.6 (/opt/ros/jazzy/share/rosidl_generator_cpp/cmake)
-- Using all available rosidl_typesupport_c: rosidl_typesupport_fastrtps_c;rosidl_typesupport_introspection_c
-- Using all available rosidl_typesupport_cpp: rosidl_typesupport_fastrtps_cpp;rosidl_typesupport_introspection_cpp
-- Found rmw_implementation_cmake: 7.3.2 (/opt/ros/jazzy/share/rmw_implementation_cmake/cmake)
-- Found rmw_fastrtps_cpp: 8.4.3 (/opt/ros/jazzy/share/rmw_fastrtps_cpp/cmake)
-- Found OpenSSL: /usr/lib/x86_64-linux-gnu/libcrypto.so (found version "3.0.13")  
-- Found FastRTPS: /opt/ros/jazzy/include (Required is at least version "2.13") 
-- Using RMW implementation 'rmw_fastrtps_cpp' as default
-- Found sensor_msgs: 5.3.6 (/opt/ros/jazzy/share/sensor_msgs/cmake)
-- Found std_srvs: 5.3.6 (/opt/ros/jazzy/share/std_srvs/cmake)
-- Found cv_bridge: 4.1.0 (/opt/ros/jazzy/share/cv_bridge/cmake)
-- Found OpenCV: /usr (found version "4.6.0") 
-- Configuring done (2.6s)
-- Generating done (0.0s)
-- Build files have been written to: /home/olhamelnyk/colcon_venv/src/build/recording_scene_cpp
[ 50%] Building CXX object CMakeFiles/scene_recorder_node.dir/src/scene_recorder_node.cpp.o
[100%] Linking CXX executable scene_recorder_node
[100%] Built target scene_recorder_node
-- Install configuration: ""
-- Installing: /home/olhamelnyk/colcon_venv/src/install/recording_scene_cpp/lib/recording_scene_cpp/scene_recorder_node
-- Set non-toolchain portion of runtime path of "/home/olhamelnyk/colcon_venv/src/install/recording_scene_cpp/lib/recording_scene_cpp/scene_recorder_node" to ""
-- Installing: /home/olhamelnyk/colcon_venv/src/install/recording_scene_cpp/share/ament_index/resource_index/package_run_dependencies/recording_scene_cpp
-- Installing: /home/olhamelnyk/colcon_venv/src/install/recording_scene_cpp/share/ament_index/resource_index/parent_prefix_path/recording_scene_cpp
-- Installing: /home/olhamelnyk/colcon_venv/src/install/recording_scene_cpp/share/recording_scene_cpp/environment/ament_prefix_path.sh
-- Installing: /home/olhamelnyk/colcon_venv/src/install/recording_scene_cpp/share/recording_scene_cpp/environment/ament_prefix_path.dsv
-- Installing: /home/olhamelnyk/colcon_venv/src/install/recording_scene_cpp/share/recording_scene_cpp/environment/path.sh
-- Installing: /home/olhamelnyk/colcon_venv/src/install/recording_scene_cpp/share/recording_scene_cpp/environment/path.dsv
-- Installing: /home/olhamelnyk/colcon_venv/src/install/recording_scene_cpp/share/recording_scene_cpp/local_setup.bash
-- Installing: /home/olhamelnyk/colcon_venv/src/install/recording_scene_cpp/share/recording_scene_cpp/local_setup.sh
-- Installing: /home/olhamelnyk/colcon_venv/src/install/recording_scene_cpp/share/recording_scene_cpp/local_setup.zsh
-- Installing: /home/olhamelnyk/colcon_venv/src/install/recording_scene_cpp/share/recording_scene_cpp/local_setup.dsv
-- Installing: /home/olhamelnyk/colcon_venv/src/install/recording_scene_cpp/share/recording_scene_cpp/package.dsv
-- Installing: /home/olhamelnyk/colcon_venv/src/install/recording_scene_cpp/share/ament_index/resource_index/packages/recording_scene_cpp
-- Installing: /home/olhamelnyk/colcon_venv/src/install/recording_scene_cpp/share/recording_scene_cpp/cmake/recording_scene_cppConfig.cmake
-- Installing: /home/olhamelnyk/colcon_venv/src/install/recording_scene_cpp/share/recording_scene_cpp/cmake/recording_scene_cppConfig-version.cmake
-- Installing: /home/olhamelnyk/colcon_venv/src/install/recording_scene_cpp/share/recording_scene_cpp/package.xml
