[0.394s] Invoking command in '/home/olhamelnyk/colcon_venv/src/build/recording_scene_cpp': CMAKE_PREFIX_PATH=${CMAKE_PREFIX_PATH}:/home/olhamelnyk/colcon_venv/install/recording_controller_pkg:/home/olhamelnyk/colcon_venv/install/zed_mini:/home/olhamelnyk/colcon_venv/install/tf_recording:/home/olhamelnyk/colcon_venv/install/recording_zed_rgb:/home/olhamelnyk/colcon_venv/install/recording_zed_depth_rgb:/home/olhamelnyk/colcon_venv/install/recording_zed_depth:/home/olhamelnyk/colcon_venv/install/recording_scene:/home/olhamelnyk/colcon_venv/install/recording_gaze:/home/olhamelnyk/colcon_venv/install/pupil_labs_wrapper:/home/olhamelnyk/colcon_venv/install/latency_tools:/home/olhamelnyk/colcon_venv/install/async_pupil_wrapper:/opt/ros/jazzy DEBUGINFOD_URLS=https://debuginfod.ubuntu.com /usr/bin/cmake /home/olhamelnyk/colcon_venv/src/recording_scene_cpp -DCMAKE_INSTALL_PREFIX=/home/olhamelnyk/colcon_venv/src/install/recording_scene_cpp
[0.490s] -- The C compiler identification is GNU 13.3.0
[0.590s] -- The CXX compiler identification is GNU 13.3.0
[0.628s] -- Detecting C compiler ABI info
[0.798s] -- Detecting C compiler ABI info - done
[0.829s] -- Check for working C compiler: /usr/bin/cc - skipped
[0.830s] -- Detecting C compile features
[0.832s] -- Detecting C compile features - done
[0.857s] -- Detecting CXX compiler ABI info
[1.068s] -- Detecting CXX compiler ABI info - done
[1.082s] -- Check for working CXX compiler: /usr/bin/c++ - skipped
[1.082s] -- Detecting CXX compile features
[1.082s] -- Detecting CXX compile features - done
[1.094s] -- Found ament_cmake: 2.5.4 (/opt/ros/jazzy/share/ament_cmake/cmake)
[1.403s] -- Found Python3: /usr/bin/python3 (found version "3.12.3") found components: Interpreter 
[1.683s] -- Found rclcpp: 28.1.13 (/opt/ros/jazzy/share/rclcpp/cmake)
[1.796s] -- Found rosidl_generator_c: 4.6.6 (/opt/ros/jazzy/share/rosidl_generator_c/cmake)
[1.837s] -- Found rosidl_generator_cpp: 4.6.6 (/opt/ros/jazzy/share/rosidl_generator_cpp/cmake)
[1.878s] -- Using all available rosidl_typesupport_c: rosidl_typesupport_fastrtps_c;rosidl_typesupport_introspection_c
[1.921s] -- Using all available rosidl_typesupport_cpp: rosidl_typesupport_fastrtps_cpp;rosidl_typesupport_introspection_cpp
[2.113s] -- Found rmw_implementation_cmake: 7.3.2 (/opt/ros/jazzy/share/rmw_implementation_cmake/cmake)
[2.128s] -- Found rmw_fastrtps_cpp: 8.4.3 (/opt/ros/jazzy/share/rmw_fastrtps_cpp/cmake)
[2.387s] -- Found OpenSSL: /usr/lib/x86_64-linux-gnu/libcrypto.so (found version "3.0.13")  
[2.424s] -- Found FastRTPS: /opt/ros/jazzy/include (Required is at least version "2.13") 
[2.467s] -- Using RMW implementation 'rmw_fastrtps_cpp' as default
[2.715s] -- Found sensor_msgs: 5.3.6 (/opt/ros/jazzy/share/sensor_msgs/cmake)
[2.814s] -- Found std_srvs: 5.3.6 (/opt/ros/jazzy/share/std_srvs/cmake)
[2.846s] -- Found cv_bridge: 4.1.0 (/opt/ros/jazzy/share/cv_bridge/cmake)
[2.875s] -- Found OpenCV: /usr (found version "4.6.0") 
[2.997s] -- Configuring done (2.6s)
[3.018s] -- Generating done (0.0s)
[3.023s] -- Build files have been written to: /home/olhamelnyk/colcon_venv/src/build/recording_scene_cpp
[3.038s] Invoked command in '/home/olhamelnyk/colcon_venv/src/build/recording_scene_cpp' returned '0': CMAKE_PREFIX_PATH=${CMAKE_PREFIX_PATH}:/home/olhamelnyk/colcon_venv/install/recording_controller_pkg:/home/olhamelnyk/colcon_venv/install/zed_mini:/home/olhamelnyk/colcon_venv/install/tf_recording:/home/olhamelnyk/colcon_venv/install/recording_zed_rgb:/home/olhamelnyk/colcon_venv/install/recording_zed_depth_rgb:/home/olhamelnyk/colcon_venv/install/recording_zed_depth:/home/olhamelnyk/colcon_venv/install/recording_scene:/home/olhamelnyk/colcon_venv/install/recording_gaze:/home/olhamelnyk/colcon_venv/install/pupil_labs_wrapper:/home/olhamelnyk/colcon_venv/install/latency_tools:/home/olhamelnyk/colcon_venv/install/async_pupil_wrapper:/opt/ros/jazzy DEBUGINFOD_URLS=https://debuginfod.ubuntu.com /usr/bin/cmake /home/olhamelnyk/colcon_venv/src/recording_scene_cpp -DCMAKE_INSTALL_PREFIX=/home/olhamelnyk/colcon_venv/src/install/recording_scene_cpp
[3.041s] Invoking command in '/home/olhamelnyk/colcon_venv/src/build/recording_scene_cpp': CMAKE_PREFIX_PATH=${CMAKE_PREFIX_PATH}:/home/olhamelnyk/colcon_venv/install/recording_controller_pkg:/home/olhamelnyk/colcon_venv/install/zed_mini:/home/olhamelnyk/colcon_venv/install/tf_recording:/home/olhamelnyk/colcon_venv/install/recording_zed_rgb:/home/olhamelnyk/colcon_venv/install/recording_zed_depth_rgb:/home/olhamelnyk/colcon_venv/install/recording_zed_depth:/home/olhamelnyk/colcon_venv/install/recording_scene:/home/olhamelnyk/colcon_venv/install/recording_gaze:/home/olhamelnyk/colcon_venv/install/pupil_labs_wrapper:/home/olhamelnyk/colcon_venv/install/latency_tools:/home/olhamelnyk/colcon_venv/install/async_pupil_wrapper:/opt/ros/jazzy DEBUGINFOD_URLS=https://debuginfod.ubuntu.com /usr/bin/cmake --build /home/olhamelnyk/colcon_venv/src/build/recording_scene_cpp -- -j16 -l16
[3.147s] [ 50%] Building CXX object CMakeFiles/scene_recorder_node.dir/src/scene_recorder_node.cpp.o
[16.565s] [100%] Linking CXX executable scene_recorder_node
[17.634s] [100%] Built target scene_recorder_node
[17.660s] Invoked command in '/home/olhamelnyk/colcon_venv/src/build/recording_scene_cpp' returned '0': CMAKE_PREFIX_PATH=${CMAKE_PREFIX_PATH}:/home/olhamelnyk/colcon_venv/install/recording_controller_pkg:/home/olhamelnyk/colcon_venv/install/zed_mini:/home/olhamelnyk/colcon_venv/install/tf_recording:/home/olhamelnyk/colcon_venv/install/recording_zed_rgb:/home/olhamelnyk/colcon_venv/install/recording_zed_depth_rgb:/home/olhamelnyk/colcon_venv/install/recording_zed_depth:/home/olhamelnyk/colcon_venv/install/recording_scene:/home/olhamelnyk/colcon_venv/install/recording_gaze:/home/olhamelnyk/colcon_venv/install/pupil_labs_wrapper:/home/olhamelnyk/colcon_venv/install/latency_tools:/home/olhamelnyk/colcon_venv/install/async_pupil_wrapper:/opt/ros/jazzy DEBUGINFOD_URLS=https://debuginfod.ubuntu.com /usr/bin/cmake --build /home/olhamelnyk/colcon_venv/src/build/recording_scene_cpp -- -j16 -l16
[17.678s] Invoking command in '/home/olhamelnyk/colcon_venv/src/build/recording_scene_cpp': CMAKE_PREFIX_PATH=${CMAKE_PREFIX_PATH}:/home/olhamelnyk/colcon_venv/install/recording_controller_pkg:/home/olhamelnyk/colcon_venv/install/zed_mini:/home/olhamelnyk/colcon_venv/install/tf_recording:/home/olhamelnyk/colcon_venv/install/recording_zed_rgb:/home/olhamelnyk/colcon_venv/install/recording_zed_depth_rgb:/home/olhamelnyk/colcon_venv/install/recording_zed_depth:/home/olhamelnyk/colcon_venv/install/recording_scene:/home/olhamelnyk/colcon_venv/install/recording_gaze:/home/olhamelnyk/colcon_venv/install/pupil_labs_wrapper:/home/olhamelnyk/colcon_venv/install/latency_tools:/home/olhamelnyk/colcon_venv/install/async_pupil_wrapper:/opt/ros/jazzy DEBUGINFOD_URLS=https://debuginfod.ubuntu.com /usr/bin/cmake --install /home/olhamelnyk/colcon_venv/src/build/recording_scene_cpp
[17.690s] -- Install configuration: ""
[17.691s] -- Installing: /home/olhamelnyk/colcon_venv/src/install/recording_scene_cpp/lib/recording_scene_cpp/scene_recorder_node
[17.699s] -- Set non-toolchain portion of runtime path of "/home/olhamelnyk/colcon_venv/src/install/recording_scene_cpp/lib/recording_scene_cpp/scene_recorder_node" to ""
[17.699s] -- Installing: /home/olhamelnyk/colcon_venv/src/install/recording_scene_cpp/share/ament_index/resource_index/package_run_dependencies/recording_scene_cpp
[17.700s] -- Installing: /home/olhamelnyk/colcon_venv/src/install/recording_scene_cpp/share/ament_index/resource_index/parent_prefix_path/recording_scene_cpp
[17.701s] -- Installing: /home/olhamelnyk/colcon_venv/src/install/recording_scene_cpp/share/recording_scene_cpp/environment/ament_prefix_path.sh
[17.702s] -- Installing: /home/olhamelnyk/colcon_venv/src/install/recording_scene_cpp/share/recording_scene_cpp/environment/ament_prefix_path.dsv
[17.702s] -- Installing: /home/olhamelnyk/colcon_venv/src/install/recording_scene_cpp/share/recording_scene_cpp/environment/path.sh
[17.702s] -- Installing: /home/olhamelnyk/colcon_venv/src/install/recording_scene_cpp/share/recording_scene_cpp/environment/path.dsv
[17.703s] -- Installing: /home/olhamelnyk/colcon_venv/src/install/recording_scene_cpp/share/recording_scene_cpp/local_setup.bash
[17.703s] -- Installing: /home/olhamelnyk/colcon_venv/src/install/recording_scene_cpp/share/recording_scene_cpp/local_setup.sh
[17.703s] -- Installing: /home/olhamelnyk/colcon_venv/src/install/recording_scene_cpp/share/recording_scene_cpp/local_setup.zsh
[17.703s] -- Installing: /home/olhamelnyk/colcon_venv/src/install/recording_scene_cpp/share/recording_scene_cpp/local_setup.dsv
[17.704s] -- Installing: /home/olhamelnyk/colcon_venv/src/install/recording_scene_cpp/share/recording_scene_cpp/package.dsv
[17.704s] -- Installing: /home/olhamelnyk/colcon_venv/src/install/recording_scene_cpp/share/ament_index/resource_index/packages/recording_scene_cpp
[17.705s] -- Installing: /home/olhamelnyk/colcon_venv/src/install/recording_scene_cpp/share/recording_scene_cpp/cmake/recording_scene_cppConfig.cmake
[17.706s] -- Installing: /home/olhamelnyk/colcon_venv/src/install/recording_scene_cpp/share/recording_scene_cpp/cmake/recording_scene_cppConfig-version.cmake
[17.707s] -- Installing: /home/olhamelnyk/colcon_venv/src/install/recording_scene_cpp/share/recording_scene_cpp/package.xml
[17.708s] Invoked command in '/home/olhamelnyk/colcon_venv/src/build/recording_scene_cpp' returned '0': CMAKE_PREFIX_PATH=${CMAKE_PREFIX_PATH}:/home/olhamelnyk/colcon_venv/install/recording_controller_pkg:/home/olhamelnyk/colcon_venv/install/zed_mini:/home/olhamelnyk/colcon_venv/install/tf_recording:/home/olhamelnyk/colcon_venv/install/recording_zed_rgb:/home/olhamelnyk/colcon_venv/install/recording_zed_depth_rgb:/home/olhamelnyk/colcon_venv/install/recording_zed_depth:/home/olhamelnyk/colcon_venv/install/recording_scene:/home/olhamelnyk/colcon_venv/install/recording_gaze:/home/olhamelnyk/colcon_venv/install/pupil_labs_wrapper:/home/olhamelnyk/colcon_venv/install/latency_tools:/home/olhamelnyk/colcon_venv/install/async_pupil_wrapper:/opt/ros/jazzy DEBUGINFOD_URLS=https://debuginfod.ubuntu.com /usr/bin/cmake --install /home/olhamelnyk/colcon_venv/src/build/recording_scene_cpp
