[1.981s] Invoking command in '/home/olhamelnyk/colcon_venv/src/recording_controller_pkg': DEBUGINFOD_URLS=https://debuginfod.ubuntu.com PYTHONPATH=/home/olhamelnyk/colcon_venv/src/build/recording_controller_pkg/prefix_override:/usr/lib/python3/dist-packages/colcon_core/task/python/colcon_distutils_commands:/home/olhamelnyk/colcon_venv/src/install/recording_controller_pkg/lib/python3.12/site-packages:${PYTHONPATH} /usr/bin/python3 -W ignore:setup.py install is deprecated -W ignore:easy_install command is deprecated setup.py egg_info --egg-base ../build/recording_controller_pkg build --build-base /home/olhamelnyk/colcon_venv/src/build/recording_controller_pkg/build install --record /home/olhamelnyk/colcon_venv/src/build/recording_controller_pkg/install.log --single-version-externally-managed install_data
[2.553s] running egg_info
[2.601s] writing ../build/recording_controller_pkg/recording_controller_pkg.egg-info/PKG-INFO
[2.602s] writing dependency_links to ../build/recording_controller_pkg/recording_controller_pkg.egg-info/dependency_links.txt
[2.602s] writing entry points to ../build/recording_controller_pkg/recording_controller_pkg.egg-info/entry_points.txt
[2.602s] writing requirements to ../build/recording_controller_pkg/recording_controller_pkg.egg-info/requires.txt
[2.602s] writing top-level names to ../build/recording_controller_pkg/recording_controller_pkg.egg-info/top_level.txt
[2.707s] reading manifest file '../build/recording_controller_pkg/recording_controller_pkg.egg-info/SOURCES.txt'
[2.712s] writing manifest file '../build/recording_controller_pkg/recording_controller_pkg.egg-info/SOURCES.txt'
[2.712s] running build
[2.712s] running build_py
[2.712s] copying recording_controller_pkg/controller_node.py -> /home/olhamelnyk/colcon_venv/src/build/recording_controller_pkg/build/lib/recording_controller_pkg
[2.713s] running install
[2.724s] running install_lib
[2.772s] copying /home/olhamelnyk/colcon_venv/src/build/recording_controller_pkg/build/lib/recording_controller_pkg/controller_node.py -> /home/olhamelnyk/colcon_venv/src/install/recording_controller_pkg/lib/python3.12/site-packages/recording_controller_pkg
[2.774s] byte-compiling /home/olhamelnyk/colcon_venv/src/install/recording_controller_pkg/lib/python3.12/site-packages/recording_controller_pkg/controller_node.py to controller_node.cpython-312.pyc
[2.778s] running install_data
[2.778s] running install_egg_info
[2.826s] removing '/home/olhamelnyk/colcon_venv/src/install/recording_controller_pkg/lib/python3.12/site-packages/recording_controller_pkg-0.0.0-py3.12.egg-info' (and everything under it)
[2.827s] Copying ../build/recording_controller_pkg/recording_controller_pkg.egg-info to /home/olhamelnyk/colcon_venv/src/install/recording_controller_pkg/lib/python3.12/site-packages/recording_controller_pkg-0.0.0-py3.12.egg-info
[2.830s] running install_scripts
[3.168s] Installing controller_node script to /home/olhamelnyk/colcon_venv/src/install/recording_controller_pkg/lib/recording_controller_pkg
[3.169s] writing list of installed files to '/home/olhamelnyk/colcon_venv/src/build/recording_controller_pkg/install.log'
[3.317s] Invoked command in '/home/olhamelnyk/colcon_venv/src/recording_controller_pkg' returned '0': DEBUGINFOD_URLS=https://debuginfod.ubuntu.com PYTHONPATH=/home/olhamelnyk/colcon_venv/src/build/recording_controller_pkg/prefix_override:/usr/lib/python3/dist-packages/colcon_core/task/python/colcon_distutils_commands:/home/olhamelnyk/colcon_venv/src/install/recording_controller_pkg/lib/python3.12/site-packages:${PYTHONPATH} /usr/bin/python3 -W ignore:setup.py install is deprecated -W ignore:easy_install command is deprecated setup.py egg_info --egg-base ../build/recording_controller_pkg build --build-base /home/olhamelnyk/colcon_venv/src/build/recording_controller_pkg/build install --record /home/olhamelnyk/colcon_venv/src/build/recording_controller_pkg/install.log --single-version-externally-managed install_data
