[0.014s] Invoking command in '/home/olhamelnyk/colcon_venv/src/build/zed_components': CMAKE_PREFIX_PATH=${CMAKE_PREFIX_PATH}:/home/olhamelnyk/colcon_venv/src/install/system_controller:/home/olhamelnyk/colcon_venv/src/install/pupil_labs_wrapper:/home/olhamelnyk/colcon_venv/src/install/gaze_video_recorder:/home/olhamelnyk/colcon_venv/src/install/controller_with_gui:/opt/ros/jazzy DEBUGINFOD_URLS=https://debuginfod.ubuntu.com /usr/bin/cmake /home/olhamelnyk/colcon_venv/src/zed-ros2-wrapper/zed_components -DCMAKE_BUILD_TYPE=Release -DAMENT_CMAKE_SYMLINK_INSTALL=1 -DCMAKE_INSTALL_PREFIX=/home/olhamelnyk/colcon_venv/src/install/zed_components
[0.104s] [33mCMake Warning (dev) at /usr/local/zed/zed-config.cmake:73 (find_package):
[0.104s]   Policy CMP0146 is not set: The FindCUDA module is removed.  Run "cmake
[0.104s]   --help-policy CMP0146" for policy details.  Use the cmake_policy command to
[0.104s]   set the policy and suppress this warning.
[0.105s] 
[0.105s] Call Stack (most recent call first):
[0.105s]   CMakeLists.txt:84 (find_package)
[0.105s] This warning is for project developers.  Use -Wno-dev to suppress it.
[0.105s] [0m
[0.118s] -- Found CUDA: /usr/local/cuda (found suitable version "12.9", minimum required is "12") 
[0.118s] [33mCMake Warning (dev) at /usr/local/zed/zed-config.cmake:78 (exec_program):
[0.119s]   Policy CMP0153 is not set: The exec_program command should not be called.
[0.120s]   Run "cmake --help-policy CMP0153" for policy details.  Use the cmake_policy
[0.120s]   command to set the policy and suppress this warning.
[0.121s] 
[0.122s]   Use execute_process() instead.
[0.122s] Call Stack (most recent call first):
[0.123s]   CMakeLists.txt:84 (find_package)
[0.123s] This warning is for project developers.  Use -Wno-dev to suppress it.
[0.123s] [0m
[0.125s] [33mCMake Warning (dev) at /usr/local/zed/zed-config.cmake:79 (exec_program):
[0.125s]   Policy CMP0153 is not set: The exec_program command should not be called.
[0.125s]   Run "cmake --help-policy CMP0153" for policy details.  Use the cmake_policy
[0.125s]   command to set the policy and suppress this warning.
[0.125s] 
[0.126s]   Use execute_process() instead.
[0.126s] Call Stack (most recent call first):
[0.126s]   CMakeLists.txt:84 (find_package)
[0.126s] This warning is for project developers.  Use -Wno-dev to suppress it.
[0.126s] [0m
[0.130s] [33mCMake Warning (dev) at /usr/local/zed/zed-config.cmake:95 (exec_program):
[0.130s]   Policy CMP0153 is not set: The exec_program command should not be called.
[0.130s]   Run "cmake --help-policy CMP0153" for policy details.  Use the cmake_policy
[0.130s]   command to set the policy and suppress this warning.
[0.131s] 
[0.131s]   Use execute_process() instead.
[0.131s] Call Stack (most recent call first):
[0.131s]   CMakeLists.txt:84 (find_package)
[0.131s] This warning is for project developers.  Use -Wno-dev to suppress it.
[0.132s] [0m
[0.139s] [33mCMake Warning (dev) at /usr/local/zed/zed-config.cmake:115 (exec_program):
[0.139s]   Policy CMP0153 is not set: The exec_program command should not be called.
[0.139s]   Run "cmake --help-policy CMP0153" for policy details.  Use the cmake_policy
[0.139s]   command to set the policy and suppress this warning.
[0.140s] 
[0.140s]   Use execute_process() instead.
[0.140s] Call Stack (most recent call first):
[0.140s]   CMakeLists.txt:84 (find_package)
[0.140s] This warning is for project developers.  Use -Wno-dev to suppress it.
[0.140s] [0m
[0.176s] [33mCMake Warning (dev) at /usr/local/zed/zed-config.cmake:117 (exec_program):
[0.176s]   Policy CMP0153 is not set: The exec_program command should not be called.
[0.176s]   Run "cmake --help-policy CMP0153" for policy details.  Use the cmake_policy
[0.176s]   command to set the policy and suppress this warning.
[0.176s] 
[0.176s]   Use execute_process() instead.
[0.176s] Call Stack (most recent call first):
[0.177s]   CMakeLists.txt:84 (find_package)
[0.177s] This warning is for project developers.  Use -Wno-dev to suppress it.
[0.177s] [0m
[0.379s] [33mCMake Warning (dev) at CMakeLists.txt:86 (exec_program):
[0.379s]   Policy CMP0153 is not set: The exec_program command should not be called.
[0.379s]   Run "cmake --help-policy CMP0153" for policy details.  Use the cmake_policy
[0.380s]   command to set the policy and suppress this warning.
[0.380s] 
[0.380s]   Use execute_process() instead.
[0.380s] This warning is for project developers.  Use -Wno-dev to suppress it.
[0.380s] [0m
[0.385s] [33mCMake Warning (dev) at CMakeLists.txt:91 (find_package):
[0.385s]   Policy CMP0146 is not set: The FindCUDA module is removed.  Run "cmake
[0.385s]   --help-policy CMP0146" for policy details.  Use the cmake_policy command to
[0.385s]   set the policy and suppress this warning.
[0.386s] 
[0.386s] This warning is for project developers.  Use -Wno-dev to suppress it.
[0.386s] [0m
[0.409s] -- Found CUDA: /usr/local/cuda (found version "12.9") 
[0.411s] -- Found ament_cmake_auto: 2.5.4 (/opt/ros/jazzy/share/ament_cmake_auto/cmake)
[0.705s] -- Override CMake install command with custom implementation using symlinks instead of copying resources
[0.900s] -- Found rosidl_generator_c: 4.6.5 (/opt/ros/jazzy/share/rosidl_generator_c/cmake)
[0.910s] -- Found rosidl_generator_cpp: 4.6.5 (/opt/ros/jazzy/share/rosidl_generator_cpp/cmake)
[0.924s] -- Using all available rosidl_typesupport_c: rosidl_typesupport_fastrtps_c;rosidl_typesupport_introspection_c
[0.939s] -- Using all available rosidl_typesupport_cpp: rosidl_typesupport_fastrtps_cpp;rosidl_typesupport_introspection_cpp
[1.009s] -- Found rmw_implementation_cmake: 7.3.2 (/opt/ros/jazzy/share/rmw_implementation_cmake/cmake)
[1.010s] -- Found rmw_fastrtps_cpp: 8.4.2 (/opt/ros/jazzy/share/rmw_fastrtps_cpp/cmake)
[1.086s] -- Using RMW implementation 'rmw_fastrtps_cpp' as default
[1.440s] -- Found eigen3_cmake_module: 0.3.0 (/opt/ros/jazzy/share/eigen3_cmake_module/cmake)
[1.442s] -- Ensuring Eigen3 include directory is part of orocos-kdl CMake target
[1.567s] [33mCMake Warning at CMakeLists.txt:122 (find_package):
[1.567s]   By not providing "Findzed_msgs.cmake" in CMAKE_MODULE_PATH this project has
[1.567s]   asked CMake to find a package configuration file provided by "zed_msgs",
[1.567s]   but CMake did not find one.
[1.567s] 
[1.568s]   Could not find a package configuration file provided by "zed_msgs" with any
[1.568s]   of the following names:
[1.568s] 
[1.568s]     zed_msgsConfig.cmake
[1.568s]     zed_msgs-config.cmake
[1.568s] 
[1.569s]   Add the installation prefix of "zed_msgs" to CMAKE_PREFIX_PATH or set
[1.569s]   "zed_msgs_DIR" to a directory containing one of the above files.  If
[1.569s]   "zed_msgs" provides a separate development package or SDK, be sure it has
[1.569s]   been installed.
[1.569s] 
[1.570s] [0m
[1.583s] [31mCMake Error at CMakeLists.txt:133 (find_package):
[1.583s]   By not providing "Findnmea_msgs.cmake" in CMAKE_MODULE_PATH this project
[1.583s]   has asked CMake to find a package configuration file provided by
[1.583s]   "nmea_msgs", but CMake did not find one.
[1.583s] 
[1.584s]   Could not find a package configuration file provided by "nmea_msgs" with
[1.584s]   any of the following names:
[1.584s] 
[1.584s]     nmea_msgsConfig.cmake
[1.584s]     nmea_msgs-config.cmake
[1.584s] 
[1.585s]   Add the installation prefix of "nmea_msgs" to CMAKE_PREFIX_PATH or set
[1.585s]   "nmea_msgs_DIR" to a directory containing one of the above files.  If
[1.585s]   "nmea_msgs" provides a separate development package or SDK, be sure it has
[1.585s]   been installed.
[1.585s] 
[1.585s] [0m
[1.586s] -- Configuring incomplete, errors occurred!
