-- The C compiler identification is GNU 13.3.0
-- The CXX compiler identification is GNU 13.3.0
-- Detecting C compiler ABI info
-- Detecting C compiler ABI info - done
-- Check for working C compiler: /usr/bin/cc - skipped
-- Detecting C compile features
-- Detecting C compile features - done
-- Detecting CXX compiler ABI info
-- Detecting CXX compiler ABI info - done
-- Check for working CXX compiler: /usr/bin/c++ - skipped
-- Detecting CXX compile features
-- Detecting CXX compile features - done
-- Found ament_cmake: 2.5.4 (/opt/ros/jazzy/share/ament_cmake/cmake)
-- Found Python3: /usr/bin/python3 (found version "3.12.3") found components: Interpreter 
-- Found rosidl_default_generators: 1.6.0 (/opt/ros/jazzy/share/rosidl_default_generators/cmake)
-- Using all available rosidl_typesupport_c: rosidl_typesupport_fastrtps_c;rosidl_typesupport_introspection_c
-- Using all available rosidl_typesupport_cpp: rosidl_typesupport_fastrtps_cpp;rosidl_typesupport_introspection_cpp
-- Found rosidl_adapter: 4.6.5 (/opt/ros/jazzy/share/rosidl_adapter/cmake)
-- Found std_msgs: 5.3.6 (/opt/ros/jazzy/share/std_msgs/cmake)
-- Found ament_cmake_ros: 0.12.0 (/opt/ros/jazzy/share/ament_cmake_ros/cmake)
-- Using all available rosidl_typesupport_c: rosidl_typesupport_fastrtps_c;rosidl_typesupport_introspection_c
-- Using all available rosidl_typesupport_cpp: rosidl_typesupport_fastrtps_cpp;rosidl_typesupport_introspection_cpp
-- Found python_cmake_module: 0.11.1 (/opt/ros/jazzy/share/python_cmake_module/cmake)
-- Found PythonExtra: /usr/bin/python3  
-- Found Python3: /usr/bin/python3 (found version "3.12.3") found components: Interpreter Development NumPy Development.Module Development.Embed 
-- Found ament_lint_auto: 0.17.2 (/opt/ros/jazzy/share/ament_lint_auto/cmake)
-- Added test 'lint_cmake' to check CMake code style
-- Added test 'xmllint' to check XML markup files
-- Configuring done (4.2s)
-- Generating done (0.0s)
-- Build files have been written to: /home/olhamelnyk/colcon_venv/src/build/egocentric_msg
[  2%] [34m[1mGenerating type hashes for ROS interfaces[0m
[  2%] Built target ament_cmake_python_copy_egocentric_msg
[  2%] Built target egocentric_msg__rosidl_generator_type_description
[  5%] [34m[1mGenerating C code for ROS interfaces[0m
[  8%] [34m[1mGenerating C++ code for ROS interfaces[0m
running egg_info
creating egocentric_msg.egg-info
writing egocentric_msg.egg-info/PKG-INFO
writing dependency_links to egocentric_msg.egg-info/dependency_links.txt
writing top-level names to egocentric_msg.egg-info/top_level.txt
writing manifest file 'egocentric_msg.egg-info/SOURCES.txt'
reading manifest file 'egocentric_msg.egg-info/SOURCES.txt'
writing manifest file 'egocentric_msg.egg-info/SOURCES.txt'
[  8%] Built target ament_cmake_python_build_egocentric_msg_egg
[ 11%] [32mBuilding C object CMakeFiles/egocentric_msg__rosidl_generator_c.dir/rosidl_generator_c/egocentric_msg/msg/detail/gaze_data__description.c.o[0m
[ 14%] [32mBuilding C object CMakeFiles/egocentric_msg__rosidl_generator_c.dir/rosidl_generator_c/egocentric_msg/msg/detail/gaze_data__functions.c.o[0m
[ 17%] [32mBuilding C object CMakeFiles/egocentric_msg__rosidl_generator_c.dir/rosidl_generator_c/egocentric_msg/msg/detail/gaze_data__type_support.c.o[0m
[ 17%] Built target egocentric_msg__cpp
[ 20%] [32m[1mLinking C shared library libegocentric_msg__rosidl_generator_c.so[0m
[ 20%] Built target egocentric_msg__rosidl_generator_c
[ 29%] [34m[1mGenerating C introspection for ROS interfaces[0m
[ 35%] [34m[1mGenerating C++ type support dispatch for ROS interfaces[0m
[ 38%] [34m[1mGenerating C++ introspection for ROS interfaces[0m
[ 38%] [34m[1mGenerating C type support dispatch for ROS interfaces[0m
[ 38%] [34m[1mGenerating C type support for eProsima Fast-RTPS[0m
[ 38%] [34m[1mGenerating C++ type support for eProsima Fast-RTPS[0m
[ 41%] [32mBuilding CXX object CMakeFiles/egocentric_msg__rosidl_typesupport_c.dir/rosidl_typesupport_c/egocentric_msg/msg/gaze_data__type_support.cpp.o[0m
[ 44%] [32mBuilding CXX object CMakeFiles/egocentric_msg__rosidl_typesupport_cpp.dir/rosidl_typesupport_cpp/egocentric_msg/msg/gaze_data__type_support.cpp.o[0m
[ 47%] [32mBuilding CXX object CMakeFiles/egocentric_msg__rosidl_typesupport_introspection_cpp.dir/rosidl_typesupport_introspection_cpp/egocentric_msg/msg/detail/gaze_data__type_support.cpp.o[0m
[ 50%] [32mBuilding C object CMakeFiles/egocentric_msg__rosidl_typesupport_introspection_c.dir/rosidl_typesupport_introspection_c/egocentric_msg/msg/detail/gaze_data__type_support.c.o[0m
[ 52%] [32m[1mLinking CXX shared library libegocentric_msg__rosidl_typesupport_c.so[0m
[ 58%] [32mBuilding CXX object CMakeFiles/egocentric_msg__rosidl_typesupport_fastrtps_cpp.dir/rosidl_typesupport_fastrtps_cpp/egocentric_msg/msg/detail/dds_fastrtps/gaze_data__type_support.cpp.o[0m
[ 58%] [32mBuilding CXX object CMakeFiles/egocentric_msg__rosidl_typesupport_fastrtps_c.dir/rosidl_typesupport_fastrtps_c/egocentric_msg/msg/detail/gaze_data__type_support_c.cpp.o[0m
[ 61%] [32m[1mLinking C shared library libegocentric_msg__rosidl_typesupport_introspection_c.so[0m
[ 61%] Built target egocentric_msg__rosidl_typesupport_c
[ 61%] Built target egocentric_msg__rosidl_typesupport_introspection_c
[ 64%] [32m[1mLinking CXX shared library libegocentric_msg__rosidl_typesupport_cpp.so[0m
[ 67%] [32m[1mLinking CXX shared library libegocentric_msg__rosidl_typesupport_introspection_cpp.so[0m
[ 67%] Built target egocentric_msg__rosidl_typesupport_cpp
[ 67%] Built target egocentric_msg__rosidl_typesupport_introspection_cpp
[ 70%] [32m[1mLinking CXX shared library libegocentric_msg__rosidl_typesupport_fastrtps_c.so[0m
[ 73%] [32m[1mLinking CXX shared library libegocentric_msg__rosidl_typesupport_fastrtps_cpp.so[0m
[ 73%] Built target egocentric_msg__rosidl_typesupport_fastrtps_c
[ 73%] Built target egocentric_msg__rosidl_typesupport_fastrtps_cpp
[ 73%] Built target egocentric_msg
[ 76%] [34m[1mGenerating Python code for ROS interfaces[0m
[ 76%] Built target egocentric_msg__py
[ 79%] [32mBuilding C object CMakeFiles/egocentric_msg__rosidl_generator_py.dir/rosidl_generator_py/egocentric_msg/msg/_gaze_data_s.c.o[0m
[ 82%] [32m[1mLinking C shared library libegocentric_msg__rosidl_generator_py.so[0m
[ 82%] Built target egocentric_msg__rosidl_generator_py
[ 85%] [32mBuilding C object CMakeFiles/egocentric_msg_s__rosidl_typesupport_introspection_c.dir/rosidl_generator_py/egocentric_msg/_egocentric_msg_s.ep.rosidl_typesupport_introspection_c.c.o[0m
[ 88%] [32mBuilding C object CMakeFiles/egocentric_msg_s__rosidl_typesupport_fastrtps_c.dir/rosidl_generator_py/egocentric_msg/_egocentric_msg_s.ep.rosidl_typesupport_fastrtps_c.c.o[0m
[ 91%] [32mBuilding C object CMakeFiles/egocentric_msg_s__rosidl_typesupport_c.dir/rosidl_generator_py/egocentric_msg/_egocentric_msg_s.ep.rosidl_typesupport_c.c.o[0m
[ 94%] [32m[1mLinking C shared module rosidl_generator_py/egocentric_msg/egocentric_msg_s__rosidl_typesupport_fastrtps_c.so[0m
[ 97%] [32m[1mLinking C shared module rosidl_generator_py/egocentric_msg/egocentric_msg_s__rosidl_typesupport_introspection_c.so[0m
[100%] [32m[1mLinking C shared module rosidl_generator_py/egocentric_msg/egocentric_msg_s__rosidl_typesupport_c.so[0m
[100%] Built target egocentric_msg_s__rosidl_typesupport_introspection_c
[100%] Built target egocentric_msg_s__rosidl_typesupport_fastrtps_c
[100%] Built target egocentric_msg_s__rosidl_typesupport_c
-- Install configuration: ""
-- Installing: /home/olhamelnyk/colcon_venv/src/install/egocentric_msg/share/ament_index/resource_index/rosidl_interfaces/egocentric_msg
-- Installing: /home/olhamelnyk/colcon_venv/src/install/egocentric_msg/share/egocentric_msg/msg/GazeData.json
-- Installing: /home/olhamelnyk/colcon_venv/src/install/egocentric_msg/include/egocentric_msg/egocentric_msg
-- Installing: /home/olhamelnyk/colcon_venv/src/install/egocentric_msg/include/egocentric_msg/egocentric_msg/msg
-- Installing: /home/olhamelnyk/colcon_venv/src/install/egocentric_msg/include/egocentric_msg/egocentric_msg/msg/rosidl_generator_c__visibility_control.h
-- Installing: /home/olhamelnyk/colcon_venv/src/install/egocentric_msg/include/egocentric_msg/egocentric_msg/msg/detail
-- Installing: /home/olhamelnyk/colcon_venv/src/install/egocentric_msg/include/egocentric_msg/egocentric_msg/msg/detail/gaze_data__description.c
-- Installing: /home/olhamelnyk/colcon_venv/src/install/egocentric_msg/include/egocentric_msg/egocentric_msg/msg/detail/gaze_data__functions.c
-- Installing: /home/olhamelnyk/colcon_venv/src/install/egocentric_msg/include/egocentric_msg/egocentric_msg/msg/detail/gaze_data__struct.h
-- Installing: /home/olhamelnyk/colcon_venv/src/install/egocentric_msg/include/egocentric_msg/egocentric_msg/msg/detail/gaze_data__type_support.h
-- Installing: /home/olhamelnyk/colcon_venv/src/install/egocentric_msg/include/egocentric_msg/egocentric_msg/msg/detail/gaze_data__type_support.c
-- Installing: /home/olhamelnyk/colcon_venv/src/install/egocentric_msg/include/egocentric_msg/egocentric_msg/msg/detail/gaze_data__functions.h
-- Installing: /home/olhamelnyk/colcon_venv/src/install/egocentric_msg/include/egocentric_msg/egocentric_msg/msg/gaze_data.h
-- Installing: /home/olhamelnyk/colcon_venv/src/install/egocentric_msg/share/egocentric_msg/environment/library_path.sh
-- Installing: /home/olhamelnyk/colcon_venv/src/install/egocentric_msg/share/egocentric_msg/environment/library_path.dsv
-- Installing: /home/olhamelnyk/colcon_venv/src/install/egocentric_msg/lib/libegocentric_msg__rosidl_generator_c.so
-- Set non-toolchain portion of runtime path of "/home/olhamelnyk/colcon_venv/src/install/egocentric_msg/lib/libegocentric_msg__rosidl_generator_c.so" to ""
-- Up-to-date: /home/olhamelnyk/colcon_venv/src/install/egocentric_msg/include/egocentric_msg/egocentric_msg
-- Up-to-date: /home/olhamelnyk/colcon_venv/src/install/egocentric_msg/include/egocentric_msg/egocentric_msg/msg
-- Up-to-date: /home/olhamelnyk/colcon_venv/src/install/egocentric_msg/include/egocentric_msg/egocentric_msg/msg/detail
-- Installing: /home/olhamelnyk/colcon_venv/src/install/egocentric_msg/include/egocentric_msg/egocentric_msg/msg/detail/gaze_data__rosidl_typesupport_fastrtps_c.h
-- Installing: /home/olhamelnyk/colcon_venv/src/install/egocentric_msg/include/egocentric_msg/egocentric_msg/msg/rosidl_typesupport_fastrtps_c__visibility_control.h
-- Installing: /home/olhamelnyk/colcon_venv/src/install/egocentric_msg/lib/libegocentric_msg__rosidl_typesupport_fastrtps_c.so
-- Set non-toolchain portion of runtime path of "/home/olhamelnyk/colcon_venv/src/install/egocentric_msg/lib/libegocentric_msg__rosidl_typesupport_fastrtps_c.so" to ""
-- Up-to-date: /home/olhamelnyk/colcon_venv/src/install/egocentric_msg/include/egocentric_msg/egocentric_msg
-- Up-to-date: /home/olhamelnyk/colcon_venv/src/install/egocentric_msg/include/egocentric_msg/egocentric_msg/msg
-- Installing: /home/olhamelnyk/colcon_venv/src/install/egocentric_msg/include/egocentric_msg/egocentric_msg/msg/rosidl_typesupport_introspection_c__visibility_control.h
-- Up-to-date: /home/olhamelnyk/colcon_venv/src/install/egocentric_msg/include/egocentric_msg/egocentric_msg/msg/detail
-- Installing: /home/olhamelnyk/colcon_venv/src/install/egocentric_msg/include/egocentric_msg/egocentric_msg/msg/detail/gaze_data__rosidl_typesupport_introspection_c.h
-- Up-to-date: /home/olhamelnyk/colcon_venv/src/install/egocentric_msg/include/egocentric_msg/egocentric_msg/msg/detail/gaze_data__type_support.c
-- Installing: /home/olhamelnyk/colcon_venv/src/install/egocentric_msg/lib/libegocentric_msg__rosidl_typesupport_introspection_c.so
-- Set non-toolchain portion of runtime path of "/home/olhamelnyk/colcon_venv/src/install/egocentric_msg/lib/libegocentric_msg__rosidl_typesupport_introspection_c.so" to ""
-- Installing: /home/olhamelnyk/colcon_venv/src/install/egocentric_msg/lib/libegocentric_msg__rosidl_typesupport_c.so
-- Set non-toolchain portion of runtime path of "/home/olhamelnyk/colcon_venv/src/install/egocentric_msg/lib/libegocentric_msg__rosidl_typesupport_c.so" to ""
-- Up-to-date: /home/olhamelnyk/colcon_venv/src/install/egocentric_msg/include/egocentric_msg/egocentric_msg
-- Up-to-date: /home/olhamelnyk/colcon_venv/src/install/egocentric_msg/include/egocentric_msg/egocentric_msg/msg
-- Installing: /home/olhamelnyk/colcon_venv/src/install/egocentric_msg/include/egocentric_msg/egocentric_msg/msg/gaze_data.hpp
-- Up-to-date: /home/olhamelnyk/colcon_venv/src/install/egocentric_msg/include/egocentric_msg/egocentric_msg/msg/detail
-- Installing: /home/olhamelnyk/colcon_venv/src/install/egocentric_msg/include/egocentric_msg/egocentric_msg/msg/detail/gaze_data__struct.hpp
-- Installing: /home/olhamelnyk/colcon_venv/src/install/egocentric_msg/include/egocentric_msg/egocentric_msg/msg/detail/gaze_data__type_support.hpp
-- Installing: /home/olhamelnyk/colcon_venv/src/install/egocentric_msg/include/egocentric_msg/egocentric_msg/msg/detail/gaze_data__builder.hpp
-- Installing: /home/olhamelnyk/colcon_venv/src/install/egocentric_msg/include/egocentric_msg/egocentric_msg/msg/detail/gaze_data__traits.hpp
-- Installing: /home/olhamelnyk/colcon_venv/src/install/egocentric_msg/include/egocentric_msg/egocentric_msg/msg/rosidl_generator_cpp__visibility_control.hpp
-- Up-to-date: /home/olhamelnyk/colcon_venv/src/install/egocentric_msg/include/egocentric_msg/egocentric_msg
-- Up-to-date: /home/olhamelnyk/colcon_venv/src/install/egocentric_msg/include/egocentric_msg/egocentric_msg/msg
-- Up-to-date: /home/olhamelnyk/colcon_venv/src/install/egocentric_msg/include/egocentric_msg/egocentric_msg/msg/detail
-- Installing: /home/olhamelnyk/colcon_venv/src/install/egocentric_msg/include/egocentric_msg/egocentric_msg/msg/detail/dds_fastrtps
-- Installing: /home/olhamelnyk/colcon_venv/src/install/egocentric_msg/include/egocentric_msg/egocentric_msg/msg/detail/gaze_data__rosidl_typesupport_fastrtps_cpp.hpp
-- Installing: /home/olhamelnyk/colcon_venv/src/install/egocentric_msg/include/egocentric_msg/egocentric_msg/msg/rosidl_typesupport_fastrtps_cpp__visibility_control.h
-- Installing: /home/olhamelnyk/colcon_venv/src/install/egocentric_msg/lib/libegocentric_msg__rosidl_typesupport_fastrtps_cpp.so
-- Set non-toolchain portion of runtime path of "/home/olhamelnyk/colcon_venv/src/install/egocentric_msg/lib/libegocentric_msg__rosidl_typesupport_fastrtps_cpp.so" to ""
-- Up-to-date: /home/olhamelnyk/colcon_venv/src/install/egocentric_msg/include/egocentric_msg/egocentric_msg
-- Up-to-date: /home/olhamelnyk/colcon_venv/src/install/egocentric_msg/include/egocentric_msg/egocentric_msg/msg
-- Up-to-date: /home/olhamelnyk/colcon_venv/src/install/egocentric_msg/include/egocentric_msg/egocentric_msg/msg/detail
-- Installing: /home/olhamelnyk/colcon_venv/src/install/egocentric_msg/include/egocentric_msg/egocentric_msg/msg/detail/gaze_data__rosidl_typesupport_introspection_cpp.hpp
-- Installing: /home/olhamelnyk/colcon_venv/src/install/egocentric_msg/include/egocentric_msg/egocentric_msg/msg/detail/gaze_data__type_support.cpp
-- Installing: /home/olhamelnyk/colcon_venv/src/install/egocentric_msg/lib/libegocentric_msg__rosidl_typesupport_introspection_cpp.so
-- Set non-toolchain portion of runtime path of "/home/olhamelnyk/colcon_venv/src/install/egocentric_msg/lib/libegocentric_msg__rosidl_typesupport_introspection_cpp.so" to ""
-- Installing: /home/olhamelnyk/colcon_venv/src/install/egocentric_msg/lib/libegocentric_msg__rosidl_typesupport_cpp.so
-- Set non-toolchain portion of runtime path of "/home/olhamelnyk/colcon_venv/src/install/egocentric_msg/lib/libegocentric_msg__rosidl_typesupport_cpp.so" to ""
-- Installing: /home/olhamelnyk/colcon_venv/src/install/egocentric_msg/share/egocentric_msg/environment/pythonpath.sh
-- Installing: /home/olhamelnyk/colcon_venv/src/install/egocentric_msg/share/egocentric_msg/environment/pythonpath.dsv
-- Installing: /home/olhamelnyk/colcon_venv/src/install/egocentric_msg/lib/python3.12/site-packages/egocentric_msg-0.0.0-py3.12.egg-info
-- Installing: /home/olhamelnyk/colcon_venv/src/install/egocentric_msg/lib/python3.12/site-packages/egocentric_msg-0.0.0-py3.12.egg-info/top_level.txt
-- Installing: /home/olhamelnyk/colcon_venv/src/install/egocentric_msg/lib/python3.12/site-packages/egocentric_msg-0.0.0-py3.12.egg-info/SOURCES.txt
-- Installing: /home/olhamelnyk/colcon_venv/src/install/egocentric_msg/lib/python3.12/site-packages/egocentric_msg-0.0.0-py3.12.egg-info/dependency_links.txt
-- Installing: /home/olhamelnyk/colcon_venv/src/install/egocentric_msg/lib/python3.12/site-packages/egocentric_msg-0.0.0-py3.12.egg-info/PKG-INFO
-- Installing: /home/olhamelnyk/colcon_venv/src/install/egocentric_msg/lib/python3.12/site-packages/egocentric_msg
-- Installing: /home/olhamelnyk/colcon_venv/src/install/egocentric_msg/lib/python3.12/site-packages/egocentric_msg/egocentric_msg_s__rosidl_typesupport_c.so
-- Installing: /home/olhamelnyk/colcon_venv/src/install/egocentric_msg/lib/python3.12/site-packages/egocentric_msg/_egocentric_msg_s.ep.rosidl_typesupport_introspection_c.c
-- Installing: /home/olhamelnyk/colcon_venv/src/install/egocentric_msg/lib/python3.12/site-packages/egocentric_msg/egocentric_msg_s__rosidl_typesupport_fastrtps_c.so
-- Installing: /home/olhamelnyk/colcon_venv/src/install/egocentric_msg/lib/python3.12/site-packages/egocentric_msg/msg
-- Installing: /home/olhamelnyk/colcon_venv/src/install/egocentric_msg/lib/python3.12/site-packages/egocentric_msg/msg/__init__.py
-- Installing: /home/olhamelnyk/colcon_venv/src/install/egocentric_msg/lib/python3.12/site-packages/egocentric_msg/msg/_gaze_data_s.c
-- Installing: /home/olhamelnyk/colcon_venv/src/install/egocentric_msg/lib/python3.12/site-packages/egocentric_msg/msg/_gaze_data.py
-- Installing: /home/olhamelnyk/colcon_venv/src/install/egocentric_msg/lib/python3.12/site-packages/egocentric_msg/__init__.py
-- Installing: /home/olhamelnyk/colcon_venv/src/install/egocentric_msg/lib/python3.12/site-packages/egocentric_msg/_egocentric_msg_s.ep.rosidl_typesupport_c.c
-- Installing: /home/olhamelnyk/colcon_venv/src/install/egocentric_msg/lib/python3.12/site-packages/egocentric_msg/egocentric_msg_s__rosidl_typesupport_introspection_c.so
-- Installing: /home/olhamelnyk/colcon_venv/src/install/egocentric_msg/lib/python3.12/site-packages/egocentric_msg/_egocentric_msg_s.ep.rosidl_typesupport_fastrtps_c.c
Listing '/home/olhamelnyk/colcon_venv/src/install/egocentric_msg/lib/python3.12/site-packages/egocentric_msg'...
Compiling '/home/olhamelnyk/colcon_venv/src/install/egocentric_msg/lib/python3.12/site-packages/egocentric_msg/__init__.py'...
Listing '/home/olhamelnyk/colcon_venv/src/install/egocentric_msg/lib/python3.12/site-packages/egocentric_msg/msg'...
Compiling '/home/olhamelnyk/colcon_venv/src/install/egocentric_msg/lib/python3.12/site-packages/egocentric_msg/msg/__init__.py'...
Compiling '/home/olhamelnyk/colcon_venv/src/install/egocentric_msg/lib/python3.12/site-packages/egocentric_msg/msg/_gaze_data.py'...
-- Installing: /home/olhamelnyk/colcon_venv/src/install/egocentric_msg/lib/python3.12/site-packages/egocentric_msg/egocentric_msg_s__rosidl_typesupport_fastrtps_c.so
-- Set non-toolchain portion of runtime path of "/home/olhamelnyk/colcon_venv/src/install/egocentric_msg/lib/python3.12/site-packages/egocentric_msg/egocentric_msg_s__rosidl_typesupport_fastrtps_c.so" to ""
-- Installing: /home/olhamelnyk/colcon_venv/src/install/egocentric_msg/lib/python3.12/site-packages/egocentric_msg/egocentric_msg_s__rosidl_typesupport_introspection_c.so
-- Set non-toolchain portion of runtime path of "/home/olhamelnyk/colcon_venv/src/install/egocentric_msg/lib/python3.12/site-packages/egocentric_msg/egocentric_msg_s__rosidl_typesupport_introspection_c.so" to ""
-- Installing: /home/olhamelnyk/colcon_venv/src/install/egocentric_msg/lib/python3.12/site-packages/egocentric_msg/egocentric_msg_s__rosidl_typesupport_c.so
-- Set non-toolchain portion of runtime path of "/home/olhamelnyk/colcon_venv/src/install/egocentric_msg/lib/python3.12/site-packages/egocentric_msg/egocentric_msg_s__rosidl_typesupport_c.so" to ""
-- Installing: /home/olhamelnyk/colcon_venv/src/install/egocentric_msg/lib/libegocentric_msg__rosidl_generator_py.so
-- Set non-toolchain portion of runtime path of "/home/olhamelnyk/colcon_venv/src/install/egocentric_msg/lib/libegocentric_msg__rosidl_generator_py.so" to ""
-- Installing: /home/olhamelnyk/colcon_venv/src/install/egocentric_msg/share/egocentric_msg/msg/GazeData.idl
-- Installing: /home/olhamelnyk/colcon_venv/src/install/egocentric_msg/share/egocentric_msg/msg/GazeData.msg
-- Installing: /home/olhamelnyk/colcon_venv/src/install/egocentric_msg/share/ament_index/resource_index/package_run_dependencies/egocentric_msg
-- Installing: /home/olhamelnyk/colcon_venv/src/install/egocentric_msg/share/ament_index/resource_index/parent_prefix_path/egocentric_msg
-- Installing: /home/olhamelnyk/colcon_venv/src/install/egocentric_msg/share/egocentric_msg/environment/ament_prefix_path.sh
-- Installing: /home/olhamelnyk/colcon_venv/src/install/egocentric_msg/share/egocentric_msg/environment/ament_prefix_path.dsv
-- Installing: /home/olhamelnyk/colcon_venv/src/install/egocentric_msg/share/egocentric_msg/environment/path.sh
-- Installing: /home/olhamelnyk/colcon_venv/src/install/egocentric_msg/share/egocentric_msg/environment/path.dsv
-- Installing: /home/olhamelnyk/colcon_venv/src/install/egocentric_msg/share/egocentric_msg/local_setup.bash
-- Installing: /home/olhamelnyk/colcon_venv/src/install/egocentric_msg/share/egocentric_msg/local_setup.sh
-- Installing: /home/olhamelnyk/colcon_venv/src/install/egocentric_msg/share/egocentric_msg/local_setup.zsh
-- Installing: /home/olhamelnyk/colcon_venv/src/install/egocentric_msg/share/egocentric_msg/local_setup.dsv
-- Installing: /home/olhamelnyk/colcon_venv/src/install/egocentric_msg/share/egocentric_msg/package.dsv
-- Installing: /home/olhamelnyk/colcon_venv/src/install/egocentric_msg/share/ament_index/resource_index/packages/egocentric_msg
-- Installing: /home/olhamelnyk/colcon_venv/src/install/egocentric_msg/share/egocentric_msg/cmake/export_egocentric_msg__rosidl_generator_cExport.cmake
-- Installing: /home/olhamelnyk/colcon_venv/src/install/egocentric_msg/share/egocentric_msg/cmake/export_egocentric_msg__rosidl_generator_cExport-noconfig.cmake
-- Installing: /home/olhamelnyk/colcon_venv/src/install/egocentric_msg/share/egocentric_msg/cmake/export_egocentric_msg__rosidl_typesupport_fastrtps_cExport.cmake
-- Installing: /home/olhamelnyk/colcon_venv/src/install/egocentric_msg/share/egocentric_msg/cmake/export_egocentric_msg__rosidl_typesupport_fastrtps_cExport-noconfig.cmake
-- Installing: /home/olhamelnyk/colcon_venv/src/install/egocentric_msg/share/egocentric_msg/cmake/egocentric_msg__rosidl_typesupport_introspection_cExport.cmake
-- Installing: /home/olhamelnyk/colcon_venv/src/install/egocentric_msg/share/egocentric_msg/cmake/egocentric_msg__rosidl_typesupport_introspection_cExport-noconfig.cmake
-- Installing: /home/olhamelnyk/colcon_venv/src/install/egocentric_msg/share/egocentric_msg/cmake/egocentric_msg__rosidl_typesupport_cExport.cmake
-- Installing: /home/olhamelnyk/colcon_venv/src/install/egocentric_msg/share/egocentric_msg/cmake/egocentric_msg__rosidl_typesupport_cExport-noconfig.cmake
-- Installing: /home/olhamelnyk/colcon_venv/src/install/egocentric_msg/share/egocentric_msg/cmake/export_egocentric_msg__rosidl_generator_cppExport.cmake
-- Installing: /home/olhamelnyk/colcon_venv/src/install/egocentric_msg/share/egocentric_msg/cmake/export_egocentric_msg__rosidl_typesupport_fastrtps_cppExport.cmake
-- Installing: /home/olhamelnyk/colcon_venv/src/install/egocentric_msg/share/egocentric_msg/cmake/export_egocentric_msg__rosidl_typesupport_fastrtps_cppExport-noconfig.cmake
-- Installing: /home/olhamelnyk/colcon_venv/src/install/egocentric_msg/share/egocentric_msg/cmake/egocentric_msg__rosidl_typesupport_introspection_cppExport.cmake
-- Installing: /home/olhamelnyk/colcon_venv/src/install/egocentric_msg/share/egocentric_msg/cmake/egocentric_msg__rosidl_typesupport_introspection_cppExport-noconfig.cmake
-- Installing: /home/olhamelnyk/colcon_venv/src/install/egocentric_msg/share/egocentric_msg/cmake/egocentric_msg__rosidl_typesupport_cppExport.cmake
-- Installing: /home/olhamelnyk/colcon_venv/src/install/egocentric_msg/share/egocentric_msg/cmake/egocentric_msg__rosidl_typesupport_cppExport-noconfig.cmake
-- Installing: /home/olhamelnyk/colcon_venv/src/install/egocentric_msg/share/egocentric_msg/cmake/export_egocentric_msg__rosidl_generator_pyExport.cmake
-- Installing: /home/olhamelnyk/colcon_venv/src/install/egocentric_msg/share/egocentric_msg/cmake/export_egocentric_msg__rosidl_generator_pyExport-noconfig.cmake
-- Installing: /home/olhamelnyk/colcon_venv/src/install/egocentric_msg/share/egocentric_msg/cmake/rosidl_cmake-extras.cmake
-- Installing: /home/olhamelnyk/colcon_venv/src/install/egocentric_msg/share/egocentric_msg/cmake/ament_cmake_export_dependencies-extras.cmake
-- Installing: /home/olhamelnyk/colcon_venv/src/install/egocentric_msg/share/egocentric_msg/cmake/ament_cmake_export_include_directories-extras.cmake
-- Installing: /home/olhamelnyk/colcon_venv/src/install/egocentric_msg/share/egocentric_msg/cmake/ament_cmake_export_libraries-extras.cmake
-- Installing: /home/olhamelnyk/colcon_venv/src/install/egocentric_msg/share/egocentric_msg/cmake/ament_cmake_export_targets-extras.cmake
-- Installing: /home/olhamelnyk/colcon_venv/src/install/egocentric_msg/share/egocentric_msg/cmake/rosidl_cmake_export_typesupport_targets-extras.cmake
-- Installing: /home/olhamelnyk/colcon_venv/src/install/egocentric_msg/share/egocentric_msg/cmake/rosidl_cmake_export_typesupport_libraries-extras.cmake
-- Installing: /home/olhamelnyk/colcon_venv/src/install/egocentric_msg/share/egocentric_msg/cmake/egocentric_msgConfig.cmake
-- Installing: /home/olhamelnyk/colcon_venv/src/install/egocentric_msg/share/egocentric_msg/cmake/egocentric_msgConfig-version.cmake
-- Installing: /home/olhamelnyk/colcon_venv/src/install/egocentric_msg/share/egocentric_msg/package.xml
