[0.015s] Invoking command in '/home/olhamelnyk/colcon_venv/src/build/egocentric_msg': CMAKE_PREFIX_PATH=${CMAKE_PREFIX_PATH}:/opt/ros/jazzy DEBUGINFOD_URLS=https://debuginfod.ubuntu.com /usr/bin/cmake /home/olhamelnyk/colcon_venv/src/egocentric_msg -DCMAKE_INSTALL_PREFIX=/home/olhamelnyk/colcon_venv/src/install/egocentric_msg
[0.107s] -- The C compiler identification is GNU 13.3.0
[0.189s] -- The CXX compiler identification is GNU 13.3.0
[0.230s] -- Detecting C compiler ABI info
[0.354s] -- Detecting C compiler ABI info - done
[0.365s] -- Check for working C compiler: /usr/bin/cc - skipped
[0.368s] -- Detecting C compile features
[0.368s] -- Detecting C compile features - done
[0.380s] -- Detecting CXX compiler ABI info
[0.524s] -- Detecting CXX compiler ABI info - done
[0.535s] -- Check for working CXX compiler: /usr/bin/c++ - skipped
[0.535s] -- Detecting CXX compile features
[0.535s] -- Detecting CXX compile features - done
[0.547s] -- Found ament_cmake: 2.5.4 (/opt/ros/jazzy/share/ament_cmake/cmake)
[0.741s] -- Found Python3: /usr/bin/python3 (found version "3.12.3") found components: Interpreter 
[0.921s] -- Found rosidl_default_generators: 1.6.0 (/opt/ros/jazzy/share/rosidl_default_generators/cmake)
[0.932s] -- Using all available rosidl_typesupport_c: rosidl_typesupport_fastrtps_c;rosidl_typesupport_introspection_c
[1.014s] -- Using all available rosidl_typesupport_cpp: rosidl_typesupport_fastrtps_cpp;rosidl_typesupport_introspection_cpp
[1.081s] -- Found rosidl_adapter: 4.6.5 (/opt/ros/jazzy/share/rosidl_adapter/cmake)
[1.086s] -- Found std_msgs: 5.3.6 (/opt/ros/jazzy/share/std_msgs/cmake)
[1.852s] -- Found ament_cmake_ros: 0.12.0 (/opt/ros/jazzy/share/ament_cmake_ros/cmake)
[2.533s] -- Using all available rosidl_typesupport_c: rosidl_typesupport_fastrtps_c;rosidl_typesupport_introspection_c
[3.367s] -- Using all available rosidl_typesupport_cpp: rosidl_typesupport_fastrtps_cpp;rosidl_typesupport_introspection_cpp
[3.379s] -- Found python_cmake_module: 0.11.1 (/opt/ros/jazzy/share/python_cmake_module/cmake)
[3.594s] -- Found PythonExtra: /usr/bin/python3  
[4.135s] -- Found Python3: /usr/bin/python3 (found version "3.12.3") found components: Interpreter Development NumPy Development.Module Development.Embed 
[4.225s] -- Found ament_lint_auto: 0.17.2 (/opt/ros/jazzy/share/ament_lint_auto/cmake)
[4.266s] -- Added test 'lint_cmake' to check CMake code style
[4.268s] -- Added test 'xmllint' to check XML markup files
[4.272s] -- Configuring done (4.2s)
[4.310s] -- Generating done (0.0s)
[4.323s] -- Build files have been written to: /home/olhamelnyk/colcon_venv/src/build/egocentric_msg
[4.333s] Invoked command in '/home/olhamelnyk/colcon_venv/src/build/egocentric_msg' returned '0': CMAKE_PREFIX_PATH=${CMAKE_PREFIX_PATH}:/opt/ros/jazzy DEBUGINFOD_URLS=https://debuginfod.ubuntu.com /usr/bin/cmake /home/olhamelnyk/colcon_venv/src/egocentric_msg -DCMAKE_INSTALL_PREFIX=/home/olhamelnyk/colcon_venv/src/install/egocentric_msg
[4.336s] Invoking command in '/home/olhamelnyk/colcon_venv/src/build/egocentric_msg': CMAKE_PREFIX_PATH=${CMAKE_PREFIX_PATH}:/opt/ros/jazzy DEBUGINFOD_URLS=https://debuginfod.ubuntu.com /usr/bin/cmake --build /home/olhamelnyk/colcon_venv/src/build/egocentric_msg -- -j16 -l16
[4.415s] [  2%] [34m[1mGenerating type hashes for ROS interfaces[0m
[4.445s] [  2%] Built target ament_cmake_python_copy_egocentric_msg
[4.652s] [  2%] Built target egocentric_msg__rosidl_generator_type_description
[4.677s] [  5%] [34m[1mGenerating C code for ROS interfaces[0m
[4.696s] [  8%] [34m[1mGenerating C++ code for ROS interfaces[0m
[4.749s] running egg_info
[4.750s] creating egocentric_msg.egg-info
[4.783s] writing egocentric_msg.egg-info/PKG-INFO
[4.784s] writing dependency_links to egocentric_msg.egg-info/dependency_links.txt
[4.784s] writing top-level names to egocentric_msg.egg-info/top_level.txt
[4.784s] writing manifest file 'egocentric_msg.egg-info/SOURCES.txt'
[4.883s] reading manifest file 'egocentric_msg.egg-info/SOURCES.txt'
[4.884s] writing manifest file 'egocentric_msg.egg-info/SOURCES.txt'
[4.923s] [  8%] Built target ament_cmake_python_build_egocentric_msg_egg
[5.003s] [ 11%] [32mBuilding C object CMakeFiles/egocentric_msg__rosidl_generator_c.dir/rosidl_generator_c/egocentric_msg/msg/detail/gaze_data__description.c.o[0m
[5.003s] [ 14%] [32mBuilding C object CMakeFiles/egocentric_msg__rosidl_generator_c.dir/rosidl_generator_c/egocentric_msg/msg/detail/gaze_data__functions.c.o[0m
[5.003s] [ 17%] [32mBuilding C object CMakeFiles/egocentric_msg__rosidl_generator_c.dir/rosidl_generator_c/egocentric_msg/msg/detail/gaze_data__type_support.c.o[0m
[5.017s] [ 17%] Built target egocentric_msg__cpp
[5.069s] [ 20%] [32m[1mLinking C shared library libegocentric_msg__rosidl_generator_c.so[0m
[5.123s] [ 20%] Built target egocentric_msg__rosidl_generator_c
[5.138s] [ 29%] [34m[1mGenerating C introspection for ROS interfaces[0m
[5.138s] [ 35%] [34m[1mGenerating C++ type support dispatch for ROS interfaces[0m
[5.138s] [ 38%] [34m[1mGenerating C++ introspection for ROS interfaces[0m
[5.139s] [ 38%] [34m[1mGenerating C type support dispatch for ROS interfaces[0m
[5.139s] [ 38%] [34m[1mGenerating C type support for eProsima Fast-RTPS[0m
[5.139s] [ 38%] [34m[1mGenerating C++ type support for eProsima Fast-RTPS[0m
[5.424s] [ 41%] [32mBuilding CXX object CMakeFiles/egocentric_msg__rosidl_typesupport_c.dir/rosidl_typesupport_c/egocentric_msg/msg/gaze_data__type_support.cpp.o[0m
[5.438s] [ 44%] [32mBuilding CXX object CMakeFiles/egocentric_msg__rosidl_typesupport_cpp.dir/rosidl_typesupport_cpp/egocentric_msg/msg/gaze_data__type_support.cpp.o[0m
[5.454s] [ 47%] [32mBuilding CXX object CMakeFiles/egocentric_msg__rosidl_typesupport_introspection_cpp.dir/rosidl_typesupport_introspection_cpp/egocentric_msg/msg/detail/gaze_data__type_support.cpp.o[0m
[5.456s] [ 50%] [32mBuilding C object CMakeFiles/egocentric_msg__rosidl_typesupport_introspection_c.dir/rosidl_typesupport_introspection_c/egocentric_msg/msg/detail/gaze_data__type_support.c.o[0m
[5.486s] [ 52%] [32m[1mLinking CXX shared library libegocentric_msg__rosidl_typesupport_c.so[0m
[5.489s] [ 58%] [32mBuilding CXX object CMakeFiles/egocentric_msg__rosidl_typesupport_fastrtps_cpp.dir/rosidl_typesupport_fastrtps_cpp/egocentric_msg/msg/detail/dds_fastrtps/gaze_data__type_support.cpp.o[0m
[5.489s] [ 58%] [32mBuilding CXX object CMakeFiles/egocentric_msg__rosidl_typesupport_fastrtps_c.dir/rosidl_typesupport_fastrtps_c/egocentric_msg/msg/detail/gaze_data__type_support_c.cpp.o[0m
[5.508s] [ 61%] [32m[1mLinking C shared library libegocentric_msg__rosidl_typesupport_introspection_c.so[0m
[5.550s] [ 61%] Built target egocentric_msg__rosidl_typesupport_c
[5.557s] [ 61%] Built target egocentric_msg__rosidl_typesupport_introspection_c
[5.780s] [ 64%] [32m[1mLinking CXX shared library libegocentric_msg__rosidl_typesupport_cpp.so[0m
[5.825s] [ 67%] [32m[1mLinking CXX shared library libegocentric_msg__rosidl_typesupport_introspection_cpp.so[0m
[5.851s] [ 67%] Built target egocentric_msg__rosidl_typesupport_cpp
[5.892s] [ 67%] Built target egocentric_msg__rosidl_typesupport_introspection_cpp
[6.003s] [ 70%] [32m[1mLinking CXX shared library libegocentric_msg__rosidl_typesupport_fastrtps_c.so[0m
[6.009s] [ 73%] [32m[1mLinking CXX shared library libegocentric_msg__rosidl_typesupport_fastrtps_cpp.so[0m
[6.074s] [ 73%] Built target egocentric_msg__rosidl_typesupport_fastrtps_c
[6.078s] [ 73%] Built target egocentric_msg__rosidl_typesupport_fastrtps_cpp
[6.115s] [ 73%] Built target egocentric_msg
[6.142s] [ 76%] [34m[1mGenerating Python code for ROS interfaces[0m
[6.534s] [ 76%] Built target egocentric_msg__py
[6.571s] [ 79%] [32mBuilding C object CMakeFiles/egocentric_msg__rosidl_generator_py.dir/rosidl_generator_py/egocentric_msg/msg/_gaze_data_s.c.o[0m
[6.747s] [ 82%] [32m[1mLinking C shared library libegocentric_msg__rosidl_generator_py.so[0m
[6.845s] [ 82%] Built target egocentric_msg__rosidl_generator_py
[6.877s] [ 85%] [32mBuilding C object CMakeFiles/egocentric_msg_s__rosidl_typesupport_introspection_c.dir/rosidl_generator_py/egocentric_msg/_egocentric_msg_s.ep.rosidl_typesupport_introspection_c.c.o[0m
[6.877s] [ 88%] [32mBuilding C object CMakeFiles/egocentric_msg_s__rosidl_typesupport_fastrtps_c.dir/rosidl_generator_py/egocentric_msg/_egocentric_msg_s.ep.rosidl_typesupport_fastrtps_c.c.o[0m
[6.887s] [ 91%] [32mBuilding C object CMakeFiles/egocentric_msg_s__rosidl_typesupport_c.dir/rosidl_generator_py/egocentric_msg/_egocentric_msg_s.ep.rosidl_typesupport_c.c.o[0m
[7.005s] [ 94%] [32m[1mLinking C shared module rosidl_generator_py/egocentric_msg/egocentric_msg_s__rosidl_typesupport_fastrtps_c.so[0m
[7.008s] [ 97%] [32m[1mLinking C shared module rosidl_generator_py/egocentric_msg/egocentric_msg_s__rosidl_typesupport_introspection_c.so[0m
[7.022s] [100%] [32m[1mLinking C shared module rosidl_generator_py/egocentric_msg/egocentric_msg_s__rosidl_typesupport_c.so[0m
[7.050s] [100%] Built target egocentric_msg_s__rosidl_typesupport_introspection_c
[7.057s] [100%] Built target egocentric_msg_s__rosidl_typesupport_fastrtps_c
[7.067s] [100%] Built target egocentric_msg_s__rosidl_typesupport_c
[7.095s] Invoked command in '/home/olhamelnyk/colcon_venv/src/build/egocentric_msg' returned '0': CMAKE_PREFIX_PATH=${CMAKE_PREFIX_PATH}:/opt/ros/jazzy DEBUGINFOD_URLS=https://debuginfod.ubuntu.com /usr/bin/cmake --build /home/olhamelnyk/colcon_venv/src/build/egocentric_msg -- -j16 -l16
[7.117s] Invoking command in '/home/olhamelnyk/colcon_venv/src/build/egocentric_msg': CMAKE_PREFIX_PATH=${CMAKE_PREFIX_PATH}:/opt/ros/jazzy DEBUGINFOD_URLS=https://debuginfod.ubuntu.com /usr/bin/cmake --install /home/olhamelnyk/colcon_venv/src/build/egocentric_msg
[7.132s] -- Install configuration: ""
[7.133s] -- Installing: /home/olhamelnyk/colcon_venv/src/install/egocentric_msg/share/ament_index/resource_index/rosidl_interfaces/egocentric_msg
[7.133s] -- Installing: /home/olhamelnyk/colcon_venv/src/install/egocentric_msg/share/egocentric_msg/msg/GazeData.json
[7.133s] -- Installing: /home/olhamelnyk/colcon_venv/src/install/egocentric_msg/include/egocentric_msg/egocentric_msg
[7.133s] -- Installing: /home/olhamelnyk/colcon_venv/src/install/egocentric_msg/include/egocentric_msg/egocentric_msg/msg
[7.134s] -- Installing: /home/olhamelnyk/colcon_venv/src/install/egocentric_msg/include/egocentric_msg/egocentric_msg/msg/rosidl_generator_c__visibility_control.h
[7.134s] -- Installing: /home/olhamelnyk/colcon_venv/src/install/egocentric_msg/include/egocentric_msg/egocentric_msg/msg/detail
[7.134s] -- Installing: /home/olhamelnyk/colcon_venv/src/install/egocentric_msg/include/egocentric_msg/egocentric_msg/msg/detail/gaze_data__description.c
[7.134s] -- Installing: /home/olhamelnyk/colcon_venv/src/install/egocentric_msg/include/egocentric_msg/egocentric_msg/msg/detail/gaze_data__functions.c
[7.135s] -- Installing: /home/olhamelnyk/colcon_venv/src/install/egocentric_msg/include/egocentric_msg/egocentric_msg/msg/detail/gaze_data__struct.h
[7.135s] -- Installing: /home/olhamelnyk/colcon_venv/src/install/egocentric_msg/include/egocentric_msg/egocentric_msg/msg/detail/gaze_data__type_support.h
[7.135s] -- Installing: /home/olhamelnyk/colcon_venv/src/install/egocentric_msg/include/egocentric_msg/egocentric_msg/msg/detail/gaze_data__type_support.c
[7.135s] -- Installing: /home/olhamelnyk/colcon_venv/src/install/egocentric_msg/include/egocentric_msg/egocentric_msg/msg/detail/gaze_data__functions.h
[7.135s] -- Installing: /home/olhamelnyk/colcon_venv/src/install/egocentric_msg/include/egocentric_msg/egocentric_msg/msg/gaze_data.h
[7.136s] -- Installing: /home/olhamelnyk/colcon_venv/src/install/egocentric_msg/share/egocentric_msg/environment/library_path.sh
[7.136s] -- Installing: /home/olhamelnyk/colcon_venv/src/install/egocentric_msg/share/egocentric_msg/environment/library_path.dsv
[7.136s] -- Installing: /home/olhamelnyk/colcon_venv/src/install/egocentric_msg/lib/libegocentric_msg__rosidl_generator_c.so
[7.136s] -- Set non-toolchain portion of runtime path of "/home/olhamelnyk/colcon_venv/src/install/egocentric_msg/lib/libegocentric_msg__rosidl_generator_c.so" to ""
[7.136s] -- Up-to-date: /home/olhamelnyk/colcon_venv/src/install/egocentric_msg/include/egocentric_msg/egocentric_msg
[7.137s] -- Up-to-date: /home/olhamelnyk/colcon_venv/src/install/egocentric_msg/include/egocentric_msg/egocentric_msg/msg
[7.137s] -- Up-to-date: /home/olhamelnyk/colcon_venv/src/install/egocentric_msg/include/egocentric_msg/egocentric_msg/msg/detail
[7.137s] -- Installing: /home/olhamelnyk/colcon_venv/src/install/egocentric_msg/include/egocentric_msg/egocentric_msg/msg/detail/gaze_data__rosidl_typesupport_fastrtps_c.h
[7.137s] -- Installing: /home/olhamelnyk/colcon_venv/src/install/egocentric_msg/include/egocentric_msg/egocentric_msg/msg/rosidl_typesupport_fastrtps_c__visibility_control.h
[7.138s] -- Installing: /home/olhamelnyk/colcon_venv/src/install/egocentric_msg/lib/libegocentric_msg__rosidl_typesupport_fastrtps_c.so
[7.138s] -- Set non-toolchain portion of runtime path of "/home/olhamelnyk/colcon_venv/src/install/egocentric_msg/lib/libegocentric_msg__rosidl_typesupport_fastrtps_c.so" to ""
[7.138s] -- Up-to-date: /home/olhamelnyk/colcon_venv/src/install/egocentric_msg/include/egocentric_msg/egocentric_msg
[7.138s] -- Up-to-date: /home/olhamelnyk/colcon_venv/src/install/egocentric_msg/include/egocentric_msg/egocentric_msg/msg
[7.138s] -- Installing: /home/olhamelnyk/colcon_venv/src/install/egocentric_msg/include/egocentric_msg/egocentric_msg/msg/rosidl_typesupport_introspection_c__visibility_control.h
[7.139s] -- Up-to-date: /home/olhamelnyk/colcon_venv/src/install/egocentric_msg/include/egocentric_msg/egocentric_msg/msg/detail
[7.139s] -- Installing: /home/olhamelnyk/colcon_venv/src/install/egocentric_msg/include/egocentric_msg/egocentric_msg/msg/detail/gaze_data__rosidl_typesupport_introspection_c.h
[7.139s] -- Up-to-date: /home/olhamelnyk/colcon_venv/src/install/egocentric_msg/include/egocentric_msg/egocentric_msg/msg/detail/gaze_data__type_support.c
[7.139s] -- Installing: /home/olhamelnyk/colcon_venv/src/install/egocentric_msg/lib/libegocentric_msg__rosidl_typesupport_introspection_c.so
[7.139s] -- Set non-toolchain portion of runtime path of "/home/olhamelnyk/colcon_venv/src/install/egocentric_msg/lib/libegocentric_msg__rosidl_typesupport_introspection_c.so" to ""
[7.140s] -- Installing: /home/olhamelnyk/colcon_venv/src/install/egocentric_msg/lib/libegocentric_msg__rosidl_typesupport_c.so
[7.140s] -- Set non-toolchain portion of runtime path of "/home/olhamelnyk/colcon_venv/src/install/egocentric_msg/lib/libegocentric_msg__rosidl_typesupport_c.so" to ""
[7.140s] -- Up-to-date: /home/olhamelnyk/colcon_venv/src/install/egocentric_msg/include/egocentric_msg/egocentric_msg
[7.140s] -- Up-to-date: /home/olhamelnyk/colcon_venv/src/install/egocentric_msg/include/egocentric_msg/egocentric_msg/msg
[7.141s] -- Installing: /home/olhamelnyk/colcon_venv/src/install/egocentric_msg/include/egocentric_msg/egocentric_msg/msg/gaze_data.hpp
[7.141s] -- Up-to-date: /home/olhamelnyk/colcon_venv/src/install/egocentric_msg/include/egocentric_msg/egocentric_msg/msg/detail
[7.141s] -- Installing: /home/olhamelnyk/colcon_venv/src/install/egocentric_msg/include/egocentric_msg/egocentric_msg/msg/detail/gaze_data__struct.hpp
[7.141s] -- Installing: /home/olhamelnyk/colcon_venv/src/install/egocentric_msg/include/egocentric_msg/egocentric_msg/msg/detail/gaze_data__type_support.hpp
[7.141s] -- Installing: /home/olhamelnyk/colcon_venv/src/install/egocentric_msg/include/egocentric_msg/egocentric_msg/msg/detail/gaze_data__builder.hpp
[7.142s] -- Installing: /home/olhamelnyk/colcon_venv/src/install/egocentric_msg/include/egocentric_msg/egocentric_msg/msg/detail/gaze_data__traits.hpp
[7.142s] -- Installing: /home/olhamelnyk/colcon_venv/src/install/egocentric_msg/include/egocentric_msg/egocentric_msg/msg/rosidl_generator_cpp__visibility_control.hpp
[7.142s] -- Up-to-date: /home/olhamelnyk/colcon_venv/src/install/egocentric_msg/include/egocentric_msg/egocentric_msg
[7.142s] -- Up-to-date: /home/olhamelnyk/colcon_venv/src/install/egocentric_msg/include/egocentric_msg/egocentric_msg/msg
[7.142s] -- Up-to-date: /home/olhamelnyk/colcon_venv/src/install/egocentric_msg/include/egocentric_msg/egocentric_msg/msg/detail
[7.143s] -- Installing: /home/olhamelnyk/colcon_venv/src/install/egocentric_msg/include/egocentric_msg/egocentric_msg/msg/detail/dds_fastrtps
[7.143s] -- Installing: /home/olhamelnyk/colcon_venv/src/install/egocentric_msg/include/egocentric_msg/egocentric_msg/msg/detail/gaze_data__rosidl_typesupport_fastrtps_cpp.hpp
[7.143s] -- Installing: /home/olhamelnyk/colcon_venv/src/install/egocentric_msg/include/egocentric_msg/egocentric_msg/msg/rosidl_typesupport_fastrtps_cpp__visibility_control.h
[7.143s] -- Installing: /home/olhamelnyk/colcon_venv/src/install/egocentric_msg/lib/libegocentric_msg__rosidl_typesupport_fastrtps_cpp.so
[7.144s] -- Set non-toolchain portion of runtime path of "/home/olhamelnyk/colcon_venv/src/install/egocentric_msg/lib/libegocentric_msg__rosidl_typesupport_fastrtps_cpp.so" to ""
[7.144s] -- Up-to-date: /home/olhamelnyk/colcon_venv/src/install/egocentric_msg/include/egocentric_msg/egocentric_msg
[7.144s] -- Up-to-date: /home/olhamelnyk/colcon_venv/src/install/egocentric_msg/include/egocentric_msg/egocentric_msg/msg
[7.144s] -- Up-to-date: /home/olhamelnyk/colcon_venv/src/install/egocentric_msg/include/egocentric_msg/egocentric_msg/msg/detail
[7.144s] -- Installing: /home/olhamelnyk/colcon_venv/src/install/egocentric_msg/include/egocentric_msg/egocentric_msg/msg/detail/gaze_data__rosidl_typesupport_introspection_cpp.hpp
[7.145s] -- Installing: /home/olhamelnyk/colcon_venv/src/install/egocentric_msg/include/egocentric_msg/egocentric_msg/msg/detail/gaze_data__type_support.cpp
[7.145s] -- Installing: /home/olhamelnyk/colcon_venv/src/install/egocentric_msg/lib/libegocentric_msg__rosidl_typesupport_introspection_cpp.so
[7.145s] -- Set non-toolchain portion of runtime path of "/home/olhamelnyk/colcon_venv/src/install/egocentric_msg/lib/libegocentric_msg__rosidl_typesupport_introspection_cpp.so" to ""
[7.145s] -- Installing: /home/olhamelnyk/colcon_venv/src/install/egocentric_msg/lib/libegocentric_msg__rosidl_typesupport_cpp.so
[7.145s] -- Set non-toolchain portion of runtime path of "/home/olhamelnyk/colcon_venv/src/install/egocentric_msg/lib/libegocentric_msg__rosidl_typesupport_cpp.so" to ""
[7.146s] -- Installing: /home/olhamelnyk/colcon_venv/src/install/egocentric_msg/share/egocentric_msg/environment/pythonpath.sh
[7.146s] -- Installing: /home/olhamelnyk/colcon_venv/src/install/egocentric_msg/share/egocentric_msg/environment/pythonpath.dsv
[7.146s] -- Installing: /home/olhamelnyk/colcon_venv/src/install/egocentric_msg/lib/python3.12/site-packages/egocentric_msg-0.0.0-py3.12.egg-info
[7.146s] -- Installing: /home/olhamelnyk/colcon_venv/src/install/egocentric_msg/lib/python3.12/site-packages/egocentric_msg-0.0.0-py3.12.egg-info/top_level.txt
[7.146s] -- Installing: /home/olhamelnyk/colcon_venv/src/install/egocentric_msg/lib/python3.12/site-packages/egocentric_msg-0.0.0-py3.12.egg-info/SOURCES.txt
[7.146s] -- Installing: /home/olhamelnyk/colcon_venv/src/install/egocentric_msg/lib/python3.12/site-packages/egocentric_msg-0.0.0-py3.12.egg-info/dependency_links.txt
[7.147s] -- Installing: /home/olhamelnyk/colcon_venv/src/install/egocentric_msg/lib/python3.12/site-packages/egocentric_msg-0.0.0-py3.12.egg-info/PKG-INFO
[7.147s] -- Installing: /home/olhamelnyk/colcon_venv/src/install/egocentric_msg/lib/python3.12/site-packages/egocentric_msg
[7.147s] -- Installing: /home/olhamelnyk/colcon_venv/src/install/egocentric_msg/lib/python3.12/site-packages/egocentric_msg/egocentric_msg_s__rosidl_typesupport_c.so
[7.147s] -- Installing: /home/olhamelnyk/colcon_venv/src/install/egocentric_msg/lib/python3.12/site-packages/egocentric_msg/_egocentric_msg_s.ep.rosidl_typesupport_introspection_c.c
[7.147s] -- Installing: /home/olhamelnyk/colcon_venv/src/install/egocentric_msg/lib/python3.12/site-packages/egocentric_msg/egocentric_msg_s__rosidl_typesupport_fastrtps_c.so
[7.148s] -- Installing: /home/olhamelnyk/colcon_venv/src/install/egocentric_msg/lib/python3.12/site-packages/egocentric_msg/msg
[7.148s] -- Installing: /home/olhamelnyk/colcon_venv/src/install/egocentric_msg/lib/python3.12/site-packages/egocentric_msg/msg/__init__.py
[7.148s] -- Installing: /home/olhamelnyk/colcon_venv/src/install/egocentric_msg/lib/python3.12/site-packages/egocentric_msg/msg/_gaze_data_s.c
[7.148s] -- Installing: /home/olhamelnyk/colcon_venv/src/install/egocentric_msg/lib/python3.12/site-packages/egocentric_msg/msg/_gaze_data.py
[7.148s] -- Installing: /home/olhamelnyk/colcon_venv/src/install/egocentric_msg/lib/python3.12/site-packages/egocentric_msg/__init__.py
[7.149s] -- Installing: /home/olhamelnyk/colcon_venv/src/install/egocentric_msg/lib/python3.12/site-packages/egocentric_msg/_egocentric_msg_s.ep.rosidl_typesupport_c.c
[7.149s] -- Installing: /home/olhamelnyk/colcon_venv/src/install/egocentric_msg/lib/python3.12/site-packages/egocentric_msg/egocentric_msg_s__rosidl_typesupport_introspection_c.so
[7.149s] -- Installing: /home/olhamelnyk/colcon_venv/src/install/egocentric_msg/lib/python3.12/site-packages/egocentric_msg/_egocentric_msg_s.ep.rosidl_typesupport_fastrtps_c.c
[7.187s] Listing '/home/olhamelnyk/colcon_venv/src/install/egocentric_msg/lib/python3.12/site-packages/egocentric_msg'...
[7.187s] Compiling '/home/olhamelnyk/colcon_venv/src/install/egocentric_msg/lib/python3.12/site-packages/egocentric_msg/__init__.py'...
[7.187s] Listing '/home/olhamelnyk/colcon_venv/src/install/egocentric_msg/lib/python3.12/site-packages/egocentric_msg/msg'...
[7.187s] Compiling '/home/olhamelnyk/colcon_venv/src/install/egocentric_msg/lib/python3.12/site-packages/egocentric_msg/msg/__init__.py'...
[7.188s] Compiling '/home/olhamelnyk/colcon_venv/src/install/egocentric_msg/lib/python3.12/site-packages/egocentric_msg/msg/_gaze_data.py'...
[7.192s] -- Installing: /home/olhamelnyk/colcon_venv/src/install/egocentric_msg/lib/python3.12/site-packages/egocentric_msg/egocentric_msg_s__rosidl_typesupport_fastrtps_c.so
[7.193s] -- Set non-toolchain portion of runtime path of "/home/olhamelnyk/colcon_venv/src/install/egocentric_msg/lib/python3.12/site-packages/egocentric_msg/egocentric_msg_s__rosidl_typesupport_fastrtps_c.so" to ""
[7.193s] -- Installing: /home/olhamelnyk/colcon_venv/src/install/egocentric_msg/lib/python3.12/site-packages/egocentric_msg/egocentric_msg_s__rosidl_typesupport_introspection_c.so
[7.193s] -- Set non-toolchain portion of runtime path of "/home/olhamelnyk/colcon_venv/src/install/egocentric_msg/lib/python3.12/site-packages/egocentric_msg/egocentric_msg_s__rosidl_typesupport_introspection_c.so" to ""
[7.194s] -- Installing: /home/olhamelnyk/colcon_venv/src/install/egocentric_msg/lib/python3.12/site-packages/egocentric_msg/egocentric_msg_s__rosidl_typesupport_c.so
[7.194s] -- Set non-toolchain portion of runtime path of "/home/olhamelnyk/colcon_venv/src/install/egocentric_msg/lib/python3.12/site-packages/egocentric_msg/egocentric_msg_s__rosidl_typesupport_c.so" to ""
[7.194s] -- Installing: /home/olhamelnyk/colcon_venv/src/install/egocentric_msg/lib/libegocentric_msg__rosidl_generator_py.so
[7.195s] -- Set non-toolchain portion of runtime path of "/home/olhamelnyk/colcon_venv/src/install/egocentric_msg/lib/libegocentric_msg__rosidl_generator_py.so" to ""
[7.195s] -- Installing: /home/olhamelnyk/colcon_venv/src/install/egocentric_msg/share/egocentric_msg/msg/GazeData.idl
[7.195s] -- Installing: /home/olhamelnyk/colcon_venv/src/install/egocentric_msg/share/egocentric_msg/msg/GazeData.msg
[7.195s] -- Installing: /home/olhamelnyk/colcon_venv/src/install/egocentric_msg/share/ament_index/resource_index/package_run_dependencies/egocentric_msg
[7.196s] -- Installing: /home/olhamelnyk/colcon_venv/src/install/egocentric_msg/share/ament_index/resource_index/parent_prefix_path/egocentric_msg
[7.196s] -- Installing: /home/olhamelnyk/colcon_venv/src/install/egocentric_msg/share/egocentric_msg/environment/ament_prefix_path.sh
[7.196s] -- Installing: /home/olhamelnyk/colcon_venv/src/install/egocentric_msg/share/egocentric_msg/environment/ament_prefix_path.dsv
[7.196s] -- Installing: /home/olhamelnyk/colcon_venv/src/install/egocentric_msg/share/egocentric_msg/environment/path.sh
[7.197s] -- Installing: /home/olhamelnyk/colcon_venv/src/install/egocentric_msg/share/egocentric_msg/environment/path.dsv
[7.197s] -- Installing: /home/olhamelnyk/colcon_venv/src/install/egocentric_msg/share/egocentric_msg/local_setup.bash
[7.197s] -- Installing: /home/olhamelnyk/colcon_venv/src/install/egocentric_msg/share/egocentric_msg/local_setup.sh
[7.197s] -- Installing: /home/olhamelnyk/colcon_venv/src/install/egocentric_msg/share/egocentric_msg/local_setup.zsh
[7.197s] -- Installing: /home/olhamelnyk/colcon_venv/src/install/egocentric_msg/share/egocentric_msg/local_setup.dsv
[7.198s] -- Installing: /home/olhamelnyk/colcon_venv/src/install/egocentric_msg/share/egocentric_msg/package.dsv
[7.198s] -- Installing: /home/olhamelnyk/colcon_venv/src/install/egocentric_msg/share/ament_index/resource_index/packages/egocentric_msg
[7.198s] -- Installing: /home/olhamelnyk/colcon_venv/src/install/egocentric_msg/share/egocentric_msg/cmake/export_egocentric_msg__rosidl_generator_cExport.cmake
[7.198s] -- Installing: /home/olhamelnyk/colcon_venv/src/install/egocentric_msg/share/egocentric_msg/cmake/export_egocentric_msg__rosidl_generator_cExport-noconfig.cmake
[7.199s] -- Installing: /home/olhamelnyk/colcon_venv/src/install/egocentric_msg/share/egocentric_msg/cmake/export_egocentric_msg__rosidl_typesupport_fastrtps_cExport.cmake
[7.199s] -- Installing: /home/olhamelnyk/colcon_venv/src/install/egocentric_msg/share/egocentric_msg/cmake/export_egocentric_msg__rosidl_typesupport_fastrtps_cExport-noconfig.cmake
[7.199s] -- Installing: /home/olhamelnyk/colcon_venv/src/install/egocentric_msg/share/egocentric_msg/cmake/egocentric_msg__rosidl_typesupport_introspection_cExport.cmake
[7.199s] -- Installing: /home/olhamelnyk/colcon_venv/src/install/egocentric_msg/share/egocentric_msg/cmake/egocentric_msg__rosidl_typesupport_introspection_cExport-noconfig.cmake
[7.200s] -- Installing: /home/olhamelnyk/colcon_venv/src/install/egocentric_msg/share/egocentric_msg/cmake/egocentric_msg__rosidl_typesupport_cExport.cmake
[7.200s] -- Installing: /home/olhamelnyk/colcon_venv/src/install/egocentric_msg/share/egocentric_msg/cmake/egocentric_msg__rosidl_typesupport_cExport-noconfig.cmake
[7.200s] -- Installing: /home/olhamelnyk/colcon_venv/src/install/egocentric_msg/share/egocentric_msg/cmake/export_egocentric_msg__rosidl_generator_cppExport.cmake
[7.200s] -- Installing: /home/olhamelnyk/colcon_venv/src/install/egocentric_msg/share/egocentric_msg/cmake/export_egocentric_msg__rosidl_typesupport_fastrtps_cppExport.cmake
[7.201s] -- Installing: /home/olhamelnyk/colcon_venv/src/install/egocentric_msg/share/egocentric_msg/cmake/export_egocentric_msg__rosidl_typesupport_fastrtps_cppExport-noconfig.cmake
[7.201s] -- Installing: /home/olhamelnyk/colcon_venv/src/install/egocentric_msg/share/egocentric_msg/cmake/egocentric_msg__rosidl_typesupport_introspection_cppExport.cmake
[7.201s] -- Installing: /home/olhamelnyk/colcon_venv/src/install/egocentric_msg/share/egocentric_msg/cmake/egocentric_msg__rosidl_typesupport_introspection_cppExport-noconfig.cmake
[7.201s] -- Installing: /home/olhamelnyk/colcon_venv/src/install/egocentric_msg/share/egocentric_msg/cmake/egocentric_msg__rosidl_typesupport_cppExport.cmake
[7.202s] -- Installing: /home/olhamelnyk/colcon_venv/src/install/egocentric_msg/share/egocentric_msg/cmake/egocentric_msg__rosidl_typesupport_cppExport-noconfig.cmake
[7.202s] -- Installing: /home/olhamelnyk/colcon_venv/src/install/egocentric_msg/share/egocentric_msg/cmake/export_egocentric_msg__rosidl_generator_pyExport.cmake
[7.202s] -- Installing: /home/olhamelnyk/colcon_venv/src/install/egocentric_msg/share/egocentric_msg/cmake/export_egocentric_msg__rosidl_generator_pyExport-noconfig.cmake
[7.202s] -- Installing: /home/olhamelnyk/colcon_venv/src/install/egocentric_msg/share/egocentric_msg/cmake/rosidl_cmake-extras.cmake
[7.203s] -- Installing: /home/olhamelnyk/colcon_venv/src/install/egocentric_msg/share/egocentric_msg/cmake/ament_cmake_export_dependencies-extras.cmake
[7.203s] -- Installing: /home/olhamelnyk/colcon_venv/src/install/egocentric_msg/share/egocentric_msg/cmake/ament_cmake_export_include_directories-extras.cmake
[7.203s] -- Installing: /home/olhamelnyk/colcon_venv/src/install/egocentric_msg/share/egocentric_msg/cmake/ament_cmake_export_libraries-extras.cmake
[7.203s] -- Installing: /home/olhamelnyk/colcon_venv/src/install/egocentric_msg/share/egocentric_msg/cmake/ament_cmake_export_targets-extras.cmake
[7.203s] -- Installing: /home/olhamelnyk/colcon_venv/src/install/egocentric_msg/share/egocentric_msg/cmake/rosidl_cmake_export_typesupport_targets-extras.cmake
[7.204s] -- Installing: /home/olhamelnyk/colcon_venv/src/install/egocentric_msg/share/egocentric_msg/cmake/rosidl_cmake_export_typesupport_libraries-extras.cmake
[7.204s] -- Installing: /home/olhamelnyk/colcon_venv/src/install/egocentric_msg/share/egocentric_msg/cmake/egocentric_msgConfig.cmake
[7.204s] -- Installing: /home/olhamelnyk/colcon_venv/src/install/egocentric_msg/share/egocentric_msg/cmake/egocentric_msgConfig-version.cmake
[7.204s] -- Installing: /home/olhamelnyk/colcon_venv/src/install/egocentric_msg/share/egocentric_msg/package.xml
[7.206s] Invoked command in '/home/olhamelnyk/colcon_venv/src/build/egocentric_msg' returned '0': CMAKE_PREFIX_PATH=${CMAKE_PREFIX_PATH}:/opt/ros/jazzy DEBUGINFOD_URLS=https://debuginfod.ubuntu.com /usr/bin/cmake --install /home/olhamelnyk/colcon_venv/src/build/egocentric_msg
