running egg_info
writing ../build/async_pupil_wrapper/async_pupil_wrapper.egg-info/PKG-INFO
writing dependency_links to ../build/async_pupil_wrapper/async_pupil_wrapper.egg-info/dependency_links.txt
writing entry points to ../build/async_pupil_wrapper/async_pupil_wrapper.egg-info/entry_points.txt
writing requirements to ../build/async_pupil_wrapper/async_pupil_wrapper.egg-info/requires.txt
writing top-level names to ../build/async_pupil_wrapper/async_pupil_wrapper.egg-info/top_level.txt
reading manifest file '../build/async_pupil_wrapper/async_pupil_wrapper.egg-info/SOURCES.txt'
adding license file 'LICENSE'
writing manifest file '../build/async_pupil_wrapper/async_pupil_wrapper.egg-info/SOURCES.txt'
running build
running build_py
copying async_pupil_wrapper/async_pupil_wrapper.py -> /home/olhamelnyk/colcon_venv/src/build/async_pupil_wrapper/build/lib/async_pupil_wrapper
running install
running install_lib
copying /home/olhamelnyk/colcon_venv/src/build/async_pupil_wrapper/build/lib/async_pupil_wrapper/async_pupil_wrapper.py -> /home/olhamelnyk/colcon_venv/src/install/async_pupil_wrapper/lib/python3.12/site-packages/async_pupil_wrapper
byte-compiling /home/olhamelnyk/colcon_venv/src/install/async_pupil_wrapper/lib/python3.12/site-packages/async_pupil_wrapper/async_pupil_wrapper.py to async_pupil_wrapper.cpython-312.pyc
running install_data
running install_egg_info
removing '/home/olhamelnyk/colcon_venv/src/install/async_pupil_wrapper/lib/python3.12/site-packages/async_pupil_wrapper-0.0.0-py3.12.egg-info' (and everything under it)
Copying ../build/async_pupil_wrapper/async_pupil_wrapper.egg-info to /home/olhamelnyk/colcon_venv/src/install/async_pupil_wrapper/lib/python3.12/site-packages/async_pupil_wrapper-0.0.0-py3.12.egg-info
running install_scripts
Installing async_pupil_wrapper script to /home/olhamelnyk/colcon_venv/src/install/async_pupil_wrapper/lib/async_pupil_wrapper
writing list of installed files to '/home/olhamelnyk/colcon_venv/src/build/async_pupil_wrapper/install.log'
