-- The C compiler identification is GNU 13.3.0
-- The CXX compiler identification is GNU 13.3.0
-- Detecting C compiler ABI info
-- Detecting C compiler ABI info - done
-- Check for working C compiler: /usr/bin/cc - skipped
-- Detecting C compile features
-- Detecting C compile features - done
-- Detecting CXX compiler ABI info
-- Detecting CXX compiler ABI info - done
-- Check for working CXX compiler: /usr/bin/c++ - skipped
-- Detecting CXX compile features
-- Detecting CXX compile features - done
-- Found ament_cmake: 2.5.4 (/opt/ros/jazzy/share/ament_cmake/cmake)
-- Found Python3: /usr/bin/python3 (found version "3.12.3") found components: Interpreter 
-- Found rosidl_default_generators: 1.6.0 (/opt/ros/jazzy/share/rosidl_default_generators/cmake)
-- Using all available rosidl_typesupport_c: rosidl_typesupport_fastrtps_c;rosidl_typesupport_introspection_c
-- Using all available rosidl_typesupport_cpp: rosidl_typesupport_fastrtps_cpp;rosidl_typesupport_introspection_cpp
-- Found rosidl_adapter: 4.6.6 (/opt/ros/jazzy/share/rosidl_adapter/cmake)
-- Found geometry_msgs: 5.3.6 (/opt/ros/jazzy/share/geometry_msgs/cmake)
-- Found ament_cmake_ros: 0.12.0 (/opt/ros/jazzy/share/ament_cmake_ros/cmake)
-- Using all available rosidl_typesupport_c: rosidl_typesupport_fastrtps_c;rosidl_typesupport_introspection_c
-- Using all available rosidl_typesupport_cpp: rosidl_typesupport_fastrtps_cpp;rosidl_typesupport_introspection_cpp
-- Found python_cmake_module: 0.11.1 (/opt/ros/jazzy/share/python_cmake_module/cmake)
-- Found PythonExtra: /usr/bin/python3  
-- Found Python3: /usr/bin/python3 (found version "3.12.3") found components: Interpreter Development NumPy Development.Module Development.Embed 
-- Configuring done (6.4s)
-- Generating done (0.0s)
-- Build files have been written to: /home/olhamelnyk/colcon_venv/src/build/imu_interface
[  2%] Generating type hashes for ROS interfaces
[  2%] Built target ament_cmake_python_copy_imu_interface
[  2%] Built target imu_interface__rosidl_generator_type_description
[  5%] Generating C code for ROS interfaces
[  8%] Generating C++ code for ROS interfaces
running egg_info
creating imu_interface.egg-info
writing imu_interface.egg-info/PKG-INFO
writing dependency_links to imu_interface.egg-info/dependency_links.txt
writing top-level names to imu_interface.egg-info/top_level.txt
writing manifest file 'imu_interface.egg-info/SOURCES.txt'
reading manifest file 'imu_interface.egg-info/SOURCES.txt'
writing manifest file 'imu_interface.egg-info/SOURCES.txt'
[  8%] Built target ament_cmake_python_build_imu_interface_egg
[  8%] Built target imu_interface__cpp
[ 11%] Building C object CMakeFiles/imu_interface__rosidl_generator_c.dir/rosidl_generator_c/imu_interface/msg/detail/imu_data__description.c.o
[ 14%] Building C object CMakeFiles/imu_interface__rosidl_generator_c.dir/rosidl_generator_c/imu_interface/msg/detail/imu_data__functions.c.o
[ 17%] Building C object CMakeFiles/imu_interface__rosidl_generator_c.dir/rosidl_generator_c/imu_interface/msg/detail/imu_data__type_support.c.o
[ 20%] Linking C shared library libimu_interface__rosidl_generator_c.so
[ 20%] Built target imu_interface__rosidl_generator_c
[ 23%] Generating C++ type support for eProsima Fast-RTPS
[ 26%] Generating C type support dispatch for ROS interfaces
[ 29%] Generating C type support for eProsima Fast-RTPS
[ 32%] Generating C++ introspection for ROS interfaces
[ 38%] Generating C++ type support dispatch for ROS interfaces
[ 38%] Generating C introspection for ROS interfaces
[ 41%] Building CXX object CMakeFiles/imu_interface__rosidl_typesupport_cpp.dir/rosidl_typesupport_cpp/imu_interface/msg/imu_data__type_support.cpp.o
[ 44%] Building CXX object CMakeFiles/imu_interface__rosidl_typesupport_c.dir/rosidl_typesupport_c/imu_interface/msg/imu_data__type_support.cpp.o
[ 47%] Building CXX object CMakeFiles/imu_interface__rosidl_typesupport_introspection_cpp.dir/rosidl_typesupport_introspection_cpp/imu_interface/msg/detail/imu_data__type_support.cpp.o
[ 50%] Building C object CMakeFiles/imu_interface__rosidl_typesupport_introspection_c.dir/rosidl_typesupport_introspection_c/imu_interface/msg/detail/imu_data__type_support.c.o
[ 52%] Building CXX object CMakeFiles/imu_interface__rosidl_typesupport_fastrtps_c.dir/rosidl_typesupport_fastrtps_c/imu_interface/msg/detail/imu_data__type_support_c.cpp.o
[ 55%] Building CXX object CMakeFiles/imu_interface__rosidl_typesupport_fastrtps_cpp.dir/rosidl_typesupport_fastrtps_cpp/imu_interface/msg/detail/dds_fastrtps/imu_data__type_support.cpp.o
[ 58%] Linking CXX shared library libimu_interface__rosidl_typesupport_c.so
[ 61%] Linking C shared library libimu_interface__rosidl_typesupport_introspection_c.so
[ 61%] Built target imu_interface__rosidl_typesupport_c
[ 61%] Built target imu_interface__rosidl_typesupport_introspection_c
[ 64%] Linking CXX shared library libimu_interface__rosidl_typesupport_cpp.so
[ 67%] Linking CXX shared library libimu_interface__rosidl_typesupport_introspection_cpp.so
[ 67%] Built target imu_interface__rosidl_typesupport_cpp
[ 67%] Built target imu_interface__rosidl_typesupport_introspection_cpp
[ 70%] Linking CXX shared library libimu_interface__rosidl_typesupport_fastrtps_cpp.so
[ 73%] Linking CXX shared library libimu_interface__rosidl_typesupport_fastrtps_c.so
[ 73%] Built target imu_interface__rosidl_typesupport_fastrtps_cpp
[ 73%] Built target imu_interface__rosidl_typesupport_fastrtps_c
[ 73%] Built target imu_interface
[ 76%] Generating Python code for ROS interfaces
[ 76%] Built target imu_interface__py
[ 79%] Building C object CMakeFiles/imu_interface__rosidl_generator_py.dir/rosidl_generator_py/imu_interface/msg/_imu_data_s.c.o
[ 82%] Linking C shared library libimu_interface__rosidl_generator_py.so
[ 82%] Built target imu_interface__rosidl_generator_py
[ 88%] Building C object CMakeFiles/imu_interface_s__rosidl_typesupport_c.dir/rosidl_generator_py/imu_interface/_imu_interface_s.ep.rosidl_typesupport_c.c.o
[ 88%] Building C object CMakeFiles/imu_interface_s__rosidl_typesupport_introspection_c.dir/rosidl_generator_py/imu_interface/_imu_interface_s.ep.rosidl_typesupport_introspection_c.c.o
[ 91%] Building C object CMakeFiles/imu_interface_s__rosidl_typesupport_fastrtps_c.dir/rosidl_generator_py/imu_interface/_imu_interface_s.ep.rosidl_typesupport_fastrtps_c.c.o
[ 94%] Linking C shared module rosidl_generator_py/imu_interface/imu_interface_s__rosidl_typesupport_c.so
[ 97%] Linking C shared module rosidl_generator_py/imu_interface/imu_interface_s__rosidl_typesupport_introspection_c.so
[100%] Linking C shared module rosidl_generator_py/imu_interface/imu_interface_s__rosidl_typesupport_fastrtps_c.so
[100%] Built target imu_interface_s__rosidl_typesupport_c
[100%] Built target imu_interface_s__rosidl_typesupport_introspection_c
[100%] Built target imu_interface_s__rosidl_typesupport_fastrtps_c
-- Install configuration: ""
-- Installing: /home/olhamelnyk/colcon_venv/src/install/imu_interface/share/ament_index/resource_index/rosidl_interfaces/imu_interface
-- Installing: /home/olhamelnyk/colcon_venv/src/install/imu_interface/share/imu_interface/msg/ImuData.json
-- Installing: /home/olhamelnyk/colcon_venv/src/install/imu_interface/include/imu_interface/imu_interface
-- Installing: /home/olhamelnyk/colcon_venv/src/install/imu_interface/include/imu_interface/imu_interface/msg
-- Installing: /home/olhamelnyk/colcon_venv/src/install/imu_interface/include/imu_interface/imu_interface/msg/rosidl_generator_c__visibility_control.h
-- Installing: /home/olhamelnyk/colcon_venv/src/install/imu_interface/include/imu_interface/imu_interface/msg/detail
-- Installing: /home/olhamelnyk/colcon_venv/src/install/imu_interface/include/imu_interface/imu_interface/msg/detail/imu_data__type_support.h
-- Installing: /home/olhamelnyk/colcon_venv/src/install/imu_interface/include/imu_interface/imu_interface/msg/detail/imu_data__description.c
-- Installing: /home/olhamelnyk/colcon_venv/src/install/imu_interface/include/imu_interface/imu_interface/msg/detail/imu_data__struct.h
-- Installing: /home/olhamelnyk/colcon_venv/src/install/imu_interface/include/imu_interface/imu_interface/msg/detail/imu_data__functions.h
-- Installing: /home/olhamelnyk/colcon_venv/src/install/imu_interface/include/imu_interface/imu_interface/msg/detail/imu_data__type_support.c
-- Installing: /home/olhamelnyk/colcon_venv/src/install/imu_interface/include/imu_interface/imu_interface/msg/detail/imu_data__functions.c
-- Installing: /home/olhamelnyk/colcon_venv/src/install/imu_interface/include/imu_interface/imu_interface/msg/imu_data.h
-- Installing: /home/olhamelnyk/colcon_venv/src/install/imu_interface/share/imu_interface/environment/library_path.sh
-- Installing: /home/olhamelnyk/colcon_venv/src/install/imu_interface/share/imu_interface/environment/library_path.dsv
-- Installing: /home/olhamelnyk/colcon_venv/src/install/imu_interface/lib/libimu_interface__rosidl_generator_c.so
-- Set non-toolchain portion of runtime path of "/home/olhamelnyk/colcon_venv/src/install/imu_interface/lib/libimu_interface__rosidl_generator_c.so" to ""
-- Up-to-date: /home/olhamelnyk/colcon_venv/src/install/imu_interface/include/imu_interface/imu_interface
-- Up-to-date: /home/olhamelnyk/colcon_venv/src/install/imu_interface/include/imu_interface/imu_interface/msg
-- Up-to-date: /home/olhamelnyk/colcon_venv/src/install/imu_interface/include/imu_interface/imu_interface/msg/detail
-- Installing: /home/olhamelnyk/colcon_venv/src/install/imu_interface/include/imu_interface/imu_interface/msg/detail/imu_data__rosidl_typesupport_fastrtps_c.h
-- Installing: /home/olhamelnyk/colcon_venv/src/install/imu_interface/include/imu_interface/imu_interface/msg/rosidl_typesupport_fastrtps_c__visibility_control.h
-- Installing: /home/olhamelnyk/colcon_venv/src/install/imu_interface/lib/libimu_interface__rosidl_typesupport_fastrtps_c.so
-- Set non-toolchain portion of runtime path of "/home/olhamelnyk/colcon_venv/src/install/imu_interface/lib/libimu_interface__rosidl_typesupport_fastrtps_c.so" to ""
-- Up-to-date: /home/olhamelnyk/colcon_venv/src/install/imu_interface/include/imu_interface/imu_interface
-- Up-to-date: /home/olhamelnyk/colcon_venv/src/install/imu_interface/include/imu_interface/imu_interface/msg
-- Installing: /home/olhamelnyk/colcon_venv/src/install/imu_interface/include/imu_interface/imu_interface/msg/rosidl_typesupport_introspection_c__visibility_control.h
-- Up-to-date: /home/olhamelnyk/colcon_venv/src/install/imu_interface/include/imu_interface/imu_interface/msg/detail
-- Installing: /home/olhamelnyk/colcon_venv/src/install/imu_interface/include/imu_interface/imu_interface/msg/detail/imu_data__rosidl_typesupport_introspection_c.h
-- Up-to-date: /home/olhamelnyk/colcon_venv/src/install/imu_interface/include/imu_interface/imu_interface/msg/detail/imu_data__type_support.c
-- Installing: /home/olhamelnyk/colcon_venv/src/install/imu_interface/lib/libimu_interface__rosidl_typesupport_introspection_c.so
-- Set non-toolchain portion of runtime path of "/home/olhamelnyk/colcon_venv/src/install/imu_interface/lib/libimu_interface__rosidl_typesupport_introspection_c.so" to ""
-- Installing: /home/olhamelnyk/colcon_venv/src/install/imu_interface/lib/libimu_interface__rosidl_typesupport_c.so
-- Set non-toolchain portion of runtime path of "/home/olhamelnyk/colcon_venv/src/install/imu_interface/lib/libimu_interface__rosidl_typesupport_c.so" to ""
-- Up-to-date: /home/olhamelnyk/colcon_venv/src/install/imu_interface/include/imu_interface/imu_interface
-- Up-to-date: /home/olhamelnyk/colcon_venv/src/install/imu_interface/include/imu_interface/imu_interface/msg
-- Installing: /home/olhamelnyk/colcon_venv/src/install/imu_interface/include/imu_interface/imu_interface/msg/imu_data.hpp
-- Up-to-date: /home/olhamelnyk/colcon_venv/src/install/imu_interface/include/imu_interface/imu_interface/msg/detail
-- Installing: /home/olhamelnyk/colcon_venv/src/install/imu_interface/include/imu_interface/imu_interface/msg/detail/imu_data__builder.hpp
-- Installing: /home/olhamelnyk/colcon_venv/src/install/imu_interface/include/imu_interface/imu_interface/msg/detail/imu_data__struct.hpp
-- Installing: /home/olhamelnyk/colcon_venv/src/install/imu_interface/include/imu_interface/imu_interface/msg/detail/imu_data__type_support.hpp
-- Installing: /home/olhamelnyk/colcon_venv/src/install/imu_interface/include/imu_interface/imu_interface/msg/detail/imu_data__traits.hpp
-- Installing: /home/olhamelnyk/colcon_venv/src/install/imu_interface/include/imu_interface/imu_interface/msg/rosidl_generator_cpp__visibility_control.hpp
-- Up-to-date: /home/olhamelnyk/colcon_venv/src/install/imu_interface/include/imu_interface/imu_interface
-- Up-to-date: /home/olhamelnyk/colcon_venv/src/install/imu_interface/include/imu_interface/imu_interface/msg
-- Up-to-date: /home/olhamelnyk/colcon_venv/src/install/imu_interface/include/imu_interface/imu_interface/msg/detail
-- Installing: /home/olhamelnyk/colcon_venv/src/install/imu_interface/include/imu_interface/imu_interface/msg/detail/imu_data__rosidl_typesupport_fastrtps_cpp.hpp
-- Installing: /home/olhamelnyk/colcon_venv/src/install/imu_interface/include/imu_interface/imu_interface/msg/detail/dds_fastrtps
-- Installing: /home/olhamelnyk/colcon_venv/src/install/imu_interface/include/imu_interface/imu_interface/msg/rosidl_typesupport_fastrtps_cpp__visibility_control.h
-- Installing: /home/olhamelnyk/colcon_venv/src/install/imu_interface/lib/libimu_interface__rosidl_typesupport_fastrtps_cpp.so
-- Set non-toolchain portion of runtime path of "/home/olhamelnyk/colcon_venv/src/install/imu_interface/lib/libimu_interface__rosidl_typesupport_fastrtps_cpp.so" to ""
-- Up-to-date: /home/olhamelnyk/colcon_venv/src/install/imu_interface/include/imu_interface/imu_interface
-- Up-to-date: /home/olhamelnyk/colcon_venv/src/install/imu_interface/include/imu_interface/imu_interface/msg
-- Up-to-date: /home/olhamelnyk/colcon_venv/src/install/imu_interface/include/imu_interface/imu_interface/msg/detail
-- Installing: /home/olhamelnyk/colcon_venv/src/install/imu_interface/include/imu_interface/imu_interface/msg/detail/imu_data__rosidl_typesupport_introspection_cpp.hpp
-- Installing: /home/olhamelnyk/colcon_venv/src/install/imu_interface/include/imu_interface/imu_interface/msg/detail/imu_data__type_support.cpp
-- Installing: /home/olhamelnyk/colcon_venv/src/install/imu_interface/lib/libimu_interface__rosidl_typesupport_introspection_cpp.so
-- Set non-toolchain portion of runtime path of "/home/olhamelnyk/colcon_venv/src/install/imu_interface/lib/libimu_interface__rosidl_typesupport_introspection_cpp.so" to ""
-- Installing: /home/olhamelnyk/colcon_venv/src/install/imu_interface/lib/libimu_interface__rosidl_typesupport_cpp.so
-- Set non-toolchain portion of runtime path of "/home/olhamelnyk/colcon_venv/src/install/imu_interface/lib/libimu_interface__rosidl_typesupport_cpp.so" to ""
-- Installing: /home/olhamelnyk/colcon_venv/src/install/imu_interface/share/imu_interface/environment/pythonpath.sh
-- Installing: /home/olhamelnyk/colcon_venv/src/install/imu_interface/share/imu_interface/environment/pythonpath.dsv
-- Installing: /home/olhamelnyk/colcon_venv/src/install/imu_interface/lib/python3.12/site-packages/imu_interface-0.0.0-py3.12.egg-info
-- Installing: /home/olhamelnyk/colcon_venv/src/install/imu_interface/lib/python3.12/site-packages/imu_interface-0.0.0-py3.12.egg-info/top_level.txt
-- Installing: /home/olhamelnyk/colcon_venv/src/install/imu_interface/lib/python3.12/site-packages/imu_interface-0.0.0-py3.12.egg-info/SOURCES.txt
-- Installing: /home/olhamelnyk/colcon_venv/src/install/imu_interface/lib/python3.12/site-packages/imu_interface-0.0.0-py3.12.egg-info/dependency_links.txt
-- Installing: /home/olhamelnyk/colcon_venv/src/install/imu_interface/lib/python3.12/site-packages/imu_interface-0.0.0-py3.12.egg-info/PKG-INFO
-- Installing: /home/olhamelnyk/colcon_venv/src/install/imu_interface/lib/python3.12/site-packages/imu_interface
-- Installing: /home/olhamelnyk/colcon_venv/src/install/imu_interface/lib/python3.12/site-packages/imu_interface/_imu_interface_s.ep.rosidl_typesupport_c.c
-- Installing: /home/olhamelnyk/colcon_venv/src/install/imu_interface/lib/python3.12/site-packages/imu_interface/imu_interface_s__rosidl_typesupport_fastrtps_c.so
-- Installing: /home/olhamelnyk/colcon_venv/src/install/imu_interface/lib/python3.12/site-packages/imu_interface/msg
-- Installing: /home/olhamelnyk/colcon_venv/src/install/imu_interface/lib/python3.12/site-packages/imu_interface/msg/__init__.py
-- Installing: /home/olhamelnyk/colcon_venv/src/install/imu_interface/lib/python3.12/site-packages/imu_interface/msg/_imu_data.py
-- Installing: /home/olhamelnyk/colcon_venv/src/install/imu_interface/lib/python3.12/site-packages/imu_interface/msg/_imu_data_s.c
-- Installing: /home/olhamelnyk/colcon_venv/src/install/imu_interface/lib/python3.12/site-packages/imu_interface/__init__.py
-- Installing: /home/olhamelnyk/colcon_venv/src/install/imu_interface/lib/python3.12/site-packages/imu_interface/_imu_interface_s.ep.rosidl_typesupport_fastrtps_c.c
-- Installing: /home/olhamelnyk/colcon_venv/src/install/imu_interface/lib/python3.12/site-packages/imu_interface/imu_interface_s__rosidl_typesupport_introspection_c.so
-- Installing: /home/olhamelnyk/colcon_venv/src/install/imu_interface/lib/python3.12/site-packages/imu_interface/imu_interface_s__rosidl_typesupport_c.so
-- Installing: /home/olhamelnyk/colcon_venv/src/install/imu_interface/lib/python3.12/site-packages/imu_interface/_imu_interface_s.ep.rosidl_typesupport_introspection_c.c
Listing '/home/olhamelnyk/colcon_venv/src/install/imu_interface/lib/python3.12/site-packages/imu_interface'...
Compiling '/home/olhamelnyk/colcon_venv/src/install/imu_interface/lib/python3.12/site-packages/imu_interface/__init__.py'...
Listing '/home/olhamelnyk/colcon_venv/src/install/imu_interface/lib/python3.12/site-packages/imu_interface/msg'...
Compiling '/home/olhamelnyk/colcon_venv/src/install/imu_interface/lib/python3.12/site-packages/imu_interface/msg/__init__.py'...
Compiling '/home/olhamelnyk/colcon_venv/src/install/imu_interface/lib/python3.12/site-packages/imu_interface/msg/_imu_data.py'...
-- Installing: /home/olhamelnyk/colcon_venv/src/install/imu_interface/lib/python3.12/site-packages/imu_interface/imu_interface_s__rosidl_typesupport_fastrtps_c.so
-- Set non-toolchain portion of runtime path of "/home/olhamelnyk/colcon_venv/src/install/imu_interface/lib/python3.12/site-packages/imu_interface/imu_interface_s__rosidl_typesupport_fastrtps_c.so" to ""
-- Installing: /home/olhamelnyk/colcon_venv/src/install/imu_interface/lib/python3.12/site-packages/imu_interface/imu_interface_s__rosidl_typesupport_introspection_c.so
-- Set non-toolchain portion of runtime path of "/home/olhamelnyk/colcon_venv/src/install/imu_interface/lib/python3.12/site-packages/imu_interface/imu_interface_s__rosidl_typesupport_introspection_c.so" to ""
-- Installing: /home/olhamelnyk/colcon_venv/src/install/imu_interface/lib/python3.12/site-packages/imu_interface/imu_interface_s__rosidl_typesupport_c.so
-- Set non-toolchain portion of runtime path of "/home/olhamelnyk/colcon_venv/src/install/imu_interface/lib/python3.12/site-packages/imu_interface/imu_interface_s__rosidl_typesupport_c.so" to ""
-- Installing: /home/olhamelnyk/colcon_venv/src/install/imu_interface/lib/libimu_interface__rosidl_generator_py.so
-- Set non-toolchain portion of runtime path of "/home/olhamelnyk/colcon_venv/src/install/imu_interface/lib/libimu_interface__rosidl_generator_py.so" to ""
-- Installing: /home/olhamelnyk/colcon_venv/src/install/imu_interface/share/imu_interface/msg/ImuData.idl
-- Installing: /home/olhamelnyk/colcon_venv/src/install/imu_interface/share/imu_interface/msg/ImuData.msg
-- Installing: /home/olhamelnyk/colcon_venv/src/install/imu_interface/share/ament_index/resource_index/package_run_dependencies/imu_interface
-- Installing: /home/olhamelnyk/colcon_venv/src/install/imu_interface/share/ament_index/resource_index/parent_prefix_path/imu_interface
-- Installing: /home/olhamelnyk/colcon_venv/src/install/imu_interface/share/imu_interface/environment/ament_prefix_path.sh
-- Installing: /home/olhamelnyk/colcon_venv/src/install/imu_interface/share/imu_interface/environment/ament_prefix_path.dsv
-- Installing: /home/olhamelnyk/colcon_venv/src/install/imu_interface/share/imu_interface/environment/path.sh
-- Installing: /home/olhamelnyk/colcon_venv/src/install/imu_interface/share/imu_interface/environment/path.dsv
-- Installing: /home/olhamelnyk/colcon_venv/src/install/imu_interface/share/imu_interface/local_setup.bash
-- Installing: /home/olhamelnyk/colcon_venv/src/install/imu_interface/share/imu_interface/local_setup.sh
-- Installing: /home/olhamelnyk/colcon_venv/src/install/imu_interface/share/imu_interface/local_setup.zsh
-- Installing: /home/olhamelnyk/colcon_venv/src/install/imu_interface/share/imu_interface/local_setup.dsv
-- Installing: /home/olhamelnyk/colcon_venv/src/install/imu_interface/share/imu_interface/package.dsv
-- Installing: /home/olhamelnyk/colcon_venv/src/install/imu_interface/share/ament_index/resource_index/packages/imu_interface
-- Installing: /home/olhamelnyk/colcon_venv/src/install/imu_interface/share/imu_interface/cmake/export_imu_interface__rosidl_generator_cExport.cmake
-- Installing: /home/olhamelnyk/colcon_venv/src/install/imu_interface/share/imu_interface/cmake/export_imu_interface__rosidl_generator_cExport-noconfig.cmake
-- Installing: /home/olhamelnyk/colcon_venv/src/install/imu_interface/share/imu_interface/cmake/export_imu_interface__rosidl_typesupport_fastrtps_cExport.cmake
-- Installing: /home/olhamelnyk/colcon_venv/src/install/imu_interface/share/imu_interface/cmake/export_imu_interface__rosidl_typesupport_fastrtps_cExport-noconfig.cmake
-- Installing: /home/olhamelnyk/colcon_venv/src/install/imu_interface/share/imu_interface/cmake/imu_interface__rosidl_typesupport_introspection_cExport.cmake
-- Installing: /home/olhamelnyk/colcon_venv/src/install/imu_interface/share/imu_interface/cmake/imu_interface__rosidl_typesupport_introspection_cExport-noconfig.cmake
-- Installing: /home/olhamelnyk/colcon_venv/src/install/imu_interface/share/imu_interface/cmake/imu_interface__rosidl_typesupport_cExport.cmake
-- Installing: /home/olhamelnyk/colcon_venv/src/install/imu_interface/share/imu_interface/cmake/imu_interface__rosidl_typesupport_cExport-noconfig.cmake
-- Installing: /home/olhamelnyk/colcon_venv/src/install/imu_interface/share/imu_interface/cmake/export_imu_interface__rosidl_generator_cppExport.cmake
-- Installing: /home/olhamelnyk/colcon_venv/src/install/imu_interface/share/imu_interface/cmake/export_imu_interface__rosidl_typesupport_fastrtps_cppExport.cmake
-- Installing: /home/olhamelnyk/colcon_venv/src/install/imu_interface/share/imu_interface/cmake/export_imu_interface__rosidl_typesupport_fastrtps_cppExport-noconfig.cmake
-- Installing: /home/olhamelnyk/colcon_venv/src/install/imu_interface/share/imu_interface/cmake/imu_interface__rosidl_typesupport_introspection_cppExport.cmake
-- Installing: /home/olhamelnyk/colcon_venv/src/install/imu_interface/share/imu_interface/cmake/imu_interface__rosidl_typesupport_introspection_cppExport-noconfig.cmake
-- Installing: /home/olhamelnyk/colcon_venv/src/install/imu_interface/share/imu_interface/cmake/imu_interface__rosidl_typesupport_cppExport.cmake
-- Installing: /home/olhamelnyk/colcon_venv/src/install/imu_interface/share/imu_interface/cmake/imu_interface__rosidl_typesupport_cppExport-noconfig.cmake
-- Installing: /home/olhamelnyk/colcon_venv/src/install/imu_interface/share/imu_interface/cmake/export_imu_interface__rosidl_generator_pyExport.cmake
-- Installing: /home/olhamelnyk/colcon_venv/src/install/imu_interface/share/imu_interface/cmake/export_imu_interface__rosidl_generator_pyExport-noconfig.cmake
-- Installing: /home/olhamelnyk/colcon_venv/src/install/imu_interface/share/imu_interface/cmake/rosidl_cmake-extras.cmake
-- Installing: /home/olhamelnyk/colcon_venv/src/install/imu_interface/share/imu_interface/cmake/ament_cmake_export_dependencies-extras.cmake
-- Installing: /home/olhamelnyk/colcon_venv/src/install/imu_interface/share/imu_interface/cmake/ament_cmake_export_include_directories-extras.cmake
-- Installing: /home/olhamelnyk/colcon_venv/src/install/imu_interface/share/imu_interface/cmake/ament_cmake_export_libraries-extras.cmake
-- Installing: /home/olhamelnyk/colcon_venv/src/install/imu_interface/share/imu_interface/cmake/ament_cmake_export_targets-extras.cmake
-- Installing: /home/olhamelnyk/colcon_venv/src/install/imu_interface/share/imu_interface/cmake/rosidl_cmake_export_typesupport_targets-extras.cmake
-- Installing: /home/olhamelnyk/colcon_venv/src/install/imu_interface/share/imu_interface/cmake/rosidl_cmake_export_typesupport_libraries-extras.cmake
-- Installing: /home/olhamelnyk/colcon_venv/src/install/imu_interface/share/imu_interface/cmake/imu_interfaceConfig.cmake
-- Installing: /home/olhamelnyk/colcon_venv/src/install/imu_interface/share/imu_interface/cmake/imu_interfaceConfig-version.cmake
-- Installing: /home/olhamelnyk/colcon_venv/src/install/imu_interface/share/imu_interface/package.xml
