[0.016s] Invoking command in '/home/olhamelnyk/colcon_venv/src/build/imu_interface': CMAKE_PREFIX_PATH=${CMAKE_PREFIX_PATH}:/home/olhamelnyk/colcon_venv/install/recording_controller_pkg:/home/olhamelnyk/colcon_venv/install/zed_mini:/home/olhamelnyk/colcon_venv/install/tf_recording:/home/olhamelnyk/colcon_venv/install/recording_zed_rgb:/home/olhamelnyk/colcon_venv/install/recording_zed_depth_rgb:/home/olhamelnyk/colcon_venv/install/recording_zed_depth:/home/olhamelnyk/colcon_venv/install/recording_scene:/home/olhamelnyk/colcon_venv/install/recording_gaze:/home/olhamelnyk/colcon_venv/install/pupil_labs_wrapper:/home/olhamelnyk/colcon_venv/install/latency_tools:/home/olhamelnyk/colcon_venv/install/async_pupil_wrapper:/opt/ros/jazzy DEBUGINFOD_URLS=https://debuginfod.ubuntu.com /usr/bin/cmake /home/olhamelnyk/colcon_venv/src/imu_interface -DCMAKE_INSTALL_PREFIX=/home/olhamelnyk/colcon_venv/src/install/imu_interface
[0.298s] -- The C compiler identification is GNU 13.3.0
[0.428s] -- The CXX compiler identification is GNU 13.3.0
[0.503s] -- Detecting C compiler ABI info
[0.687s] -- Detecting C compiler ABI info - done
[0.716s] -- Check for working C compiler: /usr/bin/cc - skipped
[0.719s] -- Detecting C compile features
[0.720s] -- Detecting C compile features - done
[0.739s] -- Detecting CXX compiler ABI info
[0.901s] -- Detecting CXX compiler ABI info - done
[0.941s] -- Check for working CXX compiler: /usr/bin/c++ - skipped
[0.942s] -- Detecting CXX compile features
[0.944s] -- Detecting CXX compile features - done
[0.971s] -- Found ament_cmake: 2.5.4 (/opt/ros/jazzy/share/ament_cmake/cmake)
[1.323s] -- Found Python3: /usr/bin/python3 (found version "3.12.3") found components: Interpreter 
[1.608s] -- Found rosidl_default_generators: 1.6.0 (/opt/ros/jazzy/share/rosidl_default_generators/cmake)
[1.634s] -- Using all available rosidl_typesupport_c: rosidl_typesupport_fastrtps_c;rosidl_typesupport_introspection_c
[1.778s] -- Using all available rosidl_typesupport_cpp: rosidl_typesupport_fastrtps_cpp;rosidl_typesupport_introspection_cpp
[1.896s] -- Found rosidl_adapter: 4.6.6 (/opt/ros/jazzy/share/rosidl_adapter/cmake)
[1.908s] -- Found geometry_msgs: 5.3.6 (/opt/ros/jazzy/share/geometry_msgs/cmake)
[3.190s] -- Found ament_cmake_ros: 0.12.0 (/opt/ros/jazzy/share/ament_cmake_ros/cmake)
[4.165s] -- Using all available rosidl_typesupport_c: rosidl_typesupport_fastrtps_c;rosidl_typesupport_introspection_c
[5.329s] -- Using all available rosidl_typesupport_cpp: rosidl_typesupport_fastrtps_cpp;rosidl_typesupport_introspection_cpp
[5.356s] -- Found python_cmake_module: 0.11.1 (/opt/ros/jazzy/share/python_cmake_module/cmake)
[5.601s] -- Found PythonExtra: /usr/bin/python3  
[6.339s] -- Found Python3: /usr/bin/python3 (found version "3.12.3") found components: Interpreter Development NumPy Development.Module Development.Embed 
[6.467s] -- Configuring done (6.4s)
[6.514s] -- Generating done (0.0s)
[6.528s] -- Build files have been written to: /home/olhamelnyk/colcon_venv/src/build/imu_interface
[6.541s] Invoked command in '/home/olhamelnyk/colcon_venv/src/build/imu_interface' returned '0': CMAKE_PREFIX_PATH=${CMAKE_PREFIX_PATH}:/home/olhamelnyk/colcon_venv/install/recording_controller_pkg:/home/olhamelnyk/colcon_venv/install/zed_mini:/home/olhamelnyk/colcon_venv/install/tf_recording:/home/olhamelnyk/colcon_venv/install/recording_zed_rgb:/home/olhamelnyk/colcon_venv/install/recording_zed_depth_rgb:/home/olhamelnyk/colcon_venv/install/recording_zed_depth:/home/olhamelnyk/colcon_venv/install/recording_scene:/home/olhamelnyk/colcon_venv/install/recording_gaze:/home/olhamelnyk/colcon_venv/install/pupil_labs_wrapper:/home/olhamelnyk/colcon_venv/install/latency_tools:/home/olhamelnyk/colcon_venv/install/async_pupil_wrapper:/opt/ros/jazzy DEBUGINFOD_URLS=https://debuginfod.ubuntu.com /usr/bin/cmake /home/olhamelnyk/colcon_venv/src/imu_interface -DCMAKE_INSTALL_PREFIX=/home/olhamelnyk/colcon_venv/src/install/imu_interface
[6.544s] Invoking command in '/home/olhamelnyk/colcon_venv/src/build/imu_interface': CMAKE_PREFIX_PATH=${CMAKE_PREFIX_PATH}:/home/olhamelnyk/colcon_venv/install/recording_controller_pkg:/home/olhamelnyk/colcon_venv/install/zed_mini:/home/olhamelnyk/colcon_venv/install/tf_recording:/home/olhamelnyk/colcon_venv/install/recording_zed_rgb:/home/olhamelnyk/colcon_venv/install/recording_zed_depth_rgb:/home/olhamelnyk/colcon_venv/install/recording_zed_depth:/home/olhamelnyk/colcon_venv/install/recording_scene:/home/olhamelnyk/colcon_venv/install/recording_gaze:/home/olhamelnyk/colcon_venv/install/pupil_labs_wrapper:/home/olhamelnyk/colcon_venv/install/latency_tools:/home/olhamelnyk/colcon_venv/install/async_pupil_wrapper:/opt/ros/jazzy DEBUGINFOD_URLS=https://debuginfod.ubuntu.com /usr/bin/cmake --build /home/olhamelnyk/colcon_venv/src/build/imu_interface -- -j16 -l16
[6.673s] [  2%] Generating type hashes for ROS interfaces
[6.693s] [  2%] Built target ament_cmake_python_copy_imu_interface
[6.962s] [  2%] Built target imu_interface__rosidl_generator_type_description
[6.980s] [  5%] Generating C code for ROS interfaces
[7.008s] [  8%] Generating C++ code for ROS interfaces
[7.064s] running egg_info
[7.065s] creating imu_interface.egg-info
[7.106s] writing imu_interface.egg-info/PKG-INFO
[7.106s] writing dependency_links to imu_interface.egg-info/dependency_links.txt
[7.106s] writing top-level names to imu_interface.egg-info/top_level.txt
[7.106s] writing manifest file 'imu_interface.egg-info/SOURCES.txt'
[7.242s] reading manifest file 'imu_interface.egg-info/SOURCES.txt'
[7.243s] writing manifest file 'imu_interface.egg-info/SOURCES.txt'
[7.297s] [  8%] Built target ament_cmake_python_build_imu_interface_egg
[7.394s] [  8%] Built target imu_interface__cpp
[7.457s] [ 11%] Building C object CMakeFiles/imu_interface__rosidl_generator_c.dir/rosidl_generator_c/imu_interface/msg/detail/imu_data__description.c.o
[7.458s] [ 14%] Building C object CMakeFiles/imu_interface__rosidl_generator_c.dir/rosidl_generator_c/imu_interface/msg/detail/imu_data__functions.c.o
[7.459s] [ 17%] Building C object CMakeFiles/imu_interface__rosidl_generator_c.dir/rosidl_generator_c/imu_interface/msg/detail/imu_data__type_support.c.o
[7.625s] [ 20%] Linking C shared library libimu_interface__rosidl_generator_c.so
[7.693s] [ 20%] Built target imu_interface__rosidl_generator_c
[7.710s] [ 23%] Generating C++ type support for eProsima Fast-RTPS
[7.712s] [ 26%] Generating C type support dispatch for ROS interfaces
[7.714s] [ 29%] Generating C type support for eProsima Fast-RTPS
[7.715s] [ 32%] Generating C++ introspection for ROS interfaces
[7.718s] [ 38%] Generating C++ type support dispatch for ROS interfaces
[7.718s] [ 38%] Generating C introspection for ROS interfaces
[8.076s] [ 41%] Building CXX object CMakeFiles/imu_interface__rosidl_typesupport_cpp.dir/rosidl_typesupport_cpp/imu_interface/msg/imu_data__type_support.cpp.o
[8.080s] [ 44%] Building CXX object CMakeFiles/imu_interface__rosidl_typesupport_c.dir/rosidl_typesupport_c/imu_interface/msg/imu_data__type_support.cpp.o
[8.098s] [ 47%] Building CXX object CMakeFiles/imu_interface__rosidl_typesupport_introspection_cpp.dir/rosidl_typesupport_introspection_cpp/imu_interface/msg/detail/imu_data__type_support.cpp.o
[8.111s] [ 50%] Building C object CMakeFiles/imu_interface__rosidl_typesupport_introspection_c.dir/rosidl_typesupport_introspection_c/imu_interface/msg/detail/imu_data__type_support.c.o
[8.132s] [ 52%] Building CXX object CMakeFiles/imu_interface__rosidl_typesupport_fastrtps_c.dir/rosidl_typesupport_fastrtps_c/imu_interface/msg/detail/imu_data__type_support_c.cpp.o
[8.147s] [ 55%] Building CXX object CMakeFiles/imu_interface__rosidl_typesupport_fastrtps_cpp.dir/rosidl_typesupport_fastrtps_cpp/imu_interface/msg/detail/dds_fastrtps/imu_data__type_support.cpp.o
[8.174s] [ 58%] Linking CXX shared library libimu_interface__rosidl_typesupport_c.so
[8.224s] [ 61%] Linking C shared library libimu_interface__rosidl_typesupport_introspection_c.so
[8.246s] [ 61%] Built target imu_interface__rosidl_typesupport_c
[8.307s] [ 61%] Built target imu_interface__rosidl_typesupport_introspection_c
[8.512s] [ 64%] Linking CXX shared library libimu_interface__rosidl_typesupport_cpp.so
[8.556s] [ 67%] Linking CXX shared library libimu_interface__rosidl_typesupport_introspection_cpp.so
[8.592s] [ 67%] Built target imu_interface__rosidl_typesupport_cpp
[8.693s] [ 67%] Built target imu_interface__rosidl_typesupport_introspection_cpp
[8.757s] [ 70%] Linking CXX shared library libimu_interface__rosidl_typesupport_fastrtps_cpp.so
[8.795s] [ 73%] Linking CXX shared library libimu_interface__rosidl_typesupport_fastrtps_c.so
[8.850s] [ 73%] Built target imu_interface__rosidl_typesupport_fastrtps_cpp
[8.889s] [ 73%] Built target imu_interface__rosidl_typesupport_fastrtps_c
[8.928s] [ 73%] Built target imu_interface
[8.998s] [ 76%] Generating Python code for ROS interfaces
[9.351s] [ 76%] Built target imu_interface__py
[9.399s] [ 79%] Building C object CMakeFiles/imu_interface__rosidl_generator_py.dir/rosidl_generator_py/imu_interface/msg/_imu_data_s.c.o
[9.617s] [ 82%] Linking C shared library libimu_interface__rosidl_generator_py.so
[9.697s] [ 82%] Built target imu_interface__rosidl_generator_py
[9.733s] [ 88%] Building C object CMakeFiles/imu_interface_s__rosidl_typesupport_c.dir/rosidl_generator_py/imu_interface/_imu_interface_s.ep.rosidl_typesupport_c.c.o
[9.733s] [ 88%] Building C object CMakeFiles/imu_interface_s__rosidl_typesupport_introspection_c.dir/rosidl_generator_py/imu_interface/_imu_interface_s.ep.rosidl_typesupport_introspection_c.c.o
[9.748s] [ 91%] Building C object CMakeFiles/imu_interface_s__rosidl_typesupport_fastrtps_c.dir/rosidl_generator_py/imu_interface/_imu_interface_s.ep.rosidl_typesupport_fastrtps_c.c.o
[9.887s] [ 94%] Linking C shared module rosidl_generator_py/imu_interface/imu_interface_s__rosidl_typesupport_c.so
[9.915s] [ 97%] Linking C shared module rosidl_generator_py/imu_interface/imu_interface_s__rosidl_typesupport_introspection_c.so
[9.918s] [100%] Linking C shared module rosidl_generator_py/imu_interface/imu_interface_s__rosidl_typesupport_fastrtps_c.so
[9.964s] [100%] Built target imu_interface_s__rosidl_typesupport_c
[9.984s] [100%] Built target imu_interface_s__rosidl_typesupport_introspection_c
[9.984s] [100%] Built target imu_interface_s__rosidl_typesupport_fastrtps_c
[10.011s] Invoked command in '/home/olhamelnyk/colcon_venv/src/build/imu_interface' returned '0': CMAKE_PREFIX_PATH=${CMAKE_PREFIX_PATH}:/home/olhamelnyk/colcon_venv/install/recording_controller_pkg:/home/olhamelnyk/colcon_venv/install/zed_mini:/home/olhamelnyk/colcon_venv/install/tf_recording:/home/olhamelnyk/colcon_venv/install/recording_zed_rgb:/home/olhamelnyk/colcon_venv/install/recording_zed_depth_rgb:/home/olhamelnyk/colcon_venv/install/recording_zed_depth:/home/olhamelnyk/colcon_venv/install/recording_scene:/home/olhamelnyk/colcon_venv/install/recording_gaze:/home/olhamelnyk/colcon_venv/install/pupil_labs_wrapper:/home/olhamelnyk/colcon_venv/install/latency_tools:/home/olhamelnyk/colcon_venv/install/async_pupil_wrapper:/opt/ros/jazzy DEBUGINFOD_URLS=https://debuginfod.ubuntu.com /usr/bin/cmake --build /home/olhamelnyk/colcon_venv/src/build/imu_interface -- -j16 -l16
[10.032s] Invoking command in '/home/olhamelnyk/colcon_venv/src/build/imu_interface': CMAKE_PREFIX_PATH=${CMAKE_PREFIX_PATH}:/home/olhamelnyk/colcon_venv/install/recording_controller_pkg:/home/olhamelnyk/colcon_venv/install/zed_mini:/home/olhamelnyk/colcon_venv/install/tf_recording:/home/olhamelnyk/colcon_venv/install/recording_zed_rgb:/home/olhamelnyk/colcon_venv/install/recording_zed_depth_rgb:/home/olhamelnyk/colcon_venv/install/recording_zed_depth:/home/olhamelnyk/colcon_venv/install/recording_scene:/home/olhamelnyk/colcon_venv/install/recording_gaze:/home/olhamelnyk/colcon_venv/install/pupil_labs_wrapper:/home/olhamelnyk/colcon_venv/install/latency_tools:/home/olhamelnyk/colcon_venv/install/async_pupil_wrapper:/opt/ros/jazzy DEBUGINFOD_URLS=https://debuginfod.ubuntu.com /usr/bin/cmake --install /home/olhamelnyk/colcon_venv/src/build/imu_interface
[10.045s] -- Install configuration: ""
[10.046s] -- Installing: /home/olhamelnyk/colcon_venv/src/install/imu_interface/share/ament_index/resource_index/rosidl_interfaces/imu_interface
[10.047s] -- Installing: /home/olhamelnyk/colcon_venv/src/install/imu_interface/share/imu_interface/msg/ImuData.json
[10.047s] -- Installing: /home/olhamelnyk/colcon_venv/src/install/imu_interface/include/imu_interface/imu_interface
[10.048s] -- Installing: /home/olhamelnyk/colcon_venv/src/install/imu_interface/include/imu_interface/imu_interface/msg
[10.048s] -- Installing: /home/olhamelnyk/colcon_venv/src/install/imu_interface/include/imu_interface/imu_interface/msg/rosidl_generator_c__visibility_control.h
[10.049s] -- Installing: /home/olhamelnyk/colcon_venv/src/install/imu_interface/include/imu_interface/imu_interface/msg/detail
[10.049s] -- Installing: /home/olhamelnyk/colcon_venv/src/install/imu_interface/include/imu_interface/imu_interface/msg/detail/imu_data__type_support.h
[10.049s] -- Installing: /home/olhamelnyk/colcon_venv/src/install/imu_interface/include/imu_interface/imu_interface/msg/detail/imu_data__description.c
[10.050s] -- Installing: /home/olhamelnyk/colcon_venv/src/install/imu_interface/include/imu_interface/imu_interface/msg/detail/imu_data__struct.h
[10.050s] -- Installing: /home/olhamelnyk/colcon_venv/src/install/imu_interface/include/imu_interface/imu_interface/msg/detail/imu_data__functions.h
[10.051s] -- Installing: /home/olhamelnyk/colcon_venv/src/install/imu_interface/include/imu_interface/imu_interface/msg/detail/imu_data__type_support.c
[10.051s] -- Installing: /home/olhamelnyk/colcon_venv/src/install/imu_interface/include/imu_interface/imu_interface/msg/detail/imu_data__functions.c
[10.052s] -- Installing: /home/olhamelnyk/colcon_venv/src/install/imu_interface/include/imu_interface/imu_interface/msg/imu_data.h
[10.052s] -- Installing: /home/olhamelnyk/colcon_venv/src/install/imu_interface/share/imu_interface/environment/library_path.sh
[10.052s] -- Installing: /home/olhamelnyk/colcon_venv/src/install/imu_interface/share/imu_interface/environment/library_path.dsv
[10.053s] -- Installing: /home/olhamelnyk/colcon_venv/src/install/imu_interface/lib/libimu_interface__rosidl_generator_c.so
[10.053s] -- Set non-toolchain portion of runtime path of "/home/olhamelnyk/colcon_venv/src/install/imu_interface/lib/libimu_interface__rosidl_generator_c.so" to ""
[10.054s] -- Up-to-date: /home/olhamelnyk/colcon_venv/src/install/imu_interface/include/imu_interface/imu_interface
[10.054s] -- Up-to-date: /home/olhamelnyk/colcon_venv/src/install/imu_interface/include/imu_interface/imu_interface/msg
[10.054s] -- Up-to-date: /home/olhamelnyk/colcon_venv/src/install/imu_interface/include/imu_interface/imu_interface/msg/detail
[10.055s] -- Installing: /home/olhamelnyk/colcon_venv/src/install/imu_interface/include/imu_interface/imu_interface/msg/detail/imu_data__rosidl_typesupport_fastrtps_c.h
[10.055s] -- Installing: /home/olhamelnyk/colcon_venv/src/install/imu_interface/include/imu_interface/imu_interface/msg/rosidl_typesupport_fastrtps_c__visibility_control.h
[10.055s] -- Installing: /home/olhamelnyk/colcon_venv/src/install/imu_interface/lib/libimu_interface__rosidl_typesupport_fastrtps_c.so
[10.056s] -- Set non-toolchain portion of runtime path of "/home/olhamelnyk/colcon_venv/src/install/imu_interface/lib/libimu_interface__rosidl_typesupport_fastrtps_c.so" to ""
[10.056s] -- Up-to-date: /home/olhamelnyk/colcon_venv/src/install/imu_interface/include/imu_interface/imu_interface
[10.057s] -- Up-to-date: /home/olhamelnyk/colcon_venv/src/install/imu_interface/include/imu_interface/imu_interface/msg
[10.057s] -- Installing: /home/olhamelnyk/colcon_venv/src/install/imu_interface/include/imu_interface/imu_interface/msg/rosidl_typesupport_introspection_c__visibility_control.h
[10.058s] -- Up-to-date: /home/olhamelnyk/colcon_venv/src/install/imu_interface/include/imu_interface/imu_interface/msg/detail
[10.058s] -- Installing: /home/olhamelnyk/colcon_venv/src/install/imu_interface/include/imu_interface/imu_interface/msg/detail/imu_data__rosidl_typesupport_introspection_c.h
[10.059s] -- Up-to-date: /home/olhamelnyk/colcon_venv/src/install/imu_interface/include/imu_interface/imu_interface/msg/detail/imu_data__type_support.c
[10.059s] -- Installing: /home/olhamelnyk/colcon_venv/src/install/imu_interface/lib/libimu_interface__rosidl_typesupport_introspection_c.so
[10.060s] -- Set non-toolchain portion of runtime path of "/home/olhamelnyk/colcon_venv/src/install/imu_interface/lib/libimu_interface__rosidl_typesupport_introspection_c.so" to ""
[10.060s] -- Installing: /home/olhamelnyk/colcon_venv/src/install/imu_interface/lib/libimu_interface__rosidl_typesupport_c.so
[10.061s] -- Set non-toolchain portion of runtime path of "/home/olhamelnyk/colcon_venv/src/install/imu_interface/lib/libimu_interface__rosidl_typesupport_c.so" to ""
[10.061s] -- Up-to-date: /home/olhamelnyk/colcon_venv/src/install/imu_interface/include/imu_interface/imu_interface
[10.062s] -- Up-to-date: /home/olhamelnyk/colcon_venv/src/install/imu_interface/include/imu_interface/imu_interface/msg
[10.062s] -- Installing: /home/olhamelnyk/colcon_venv/src/install/imu_interface/include/imu_interface/imu_interface/msg/imu_data.hpp
[10.063s] -- Up-to-date: /home/olhamelnyk/colcon_venv/src/install/imu_interface/include/imu_interface/imu_interface/msg/detail
[10.064s] -- Installing: /home/olhamelnyk/colcon_venv/src/install/imu_interface/include/imu_interface/imu_interface/msg/detail/imu_data__builder.hpp
[10.064s] -- Installing: /home/olhamelnyk/colcon_venv/src/install/imu_interface/include/imu_interface/imu_interface/msg/detail/imu_data__struct.hpp
[10.065s] -- Installing: /home/olhamelnyk/colcon_venv/src/install/imu_interface/include/imu_interface/imu_interface/msg/detail/imu_data__type_support.hpp
[10.065s] -- Installing: /home/olhamelnyk/colcon_venv/src/install/imu_interface/include/imu_interface/imu_interface/msg/detail/imu_data__traits.hpp
[10.066s] -- Installing: /home/olhamelnyk/colcon_venv/src/install/imu_interface/include/imu_interface/imu_interface/msg/rosidl_generator_cpp__visibility_control.hpp
[10.066s] -- Up-to-date: /home/olhamelnyk/colcon_venv/src/install/imu_interface/include/imu_interface/imu_interface
[10.067s] -- Up-to-date: /home/olhamelnyk/colcon_venv/src/install/imu_interface/include/imu_interface/imu_interface/msg
[10.067s] -- Up-to-date: /home/olhamelnyk/colcon_venv/src/install/imu_interface/include/imu_interface/imu_interface/msg/detail
[10.067s] -- Installing: /home/olhamelnyk/colcon_venv/src/install/imu_interface/include/imu_interface/imu_interface/msg/detail/imu_data__rosidl_typesupport_fastrtps_cpp.hpp
[10.068s] -- Installing: /home/olhamelnyk/colcon_venv/src/install/imu_interface/include/imu_interface/imu_interface/msg/detail/dds_fastrtps
[10.068s] -- Installing: /home/olhamelnyk/colcon_venv/src/install/imu_interface/include/imu_interface/imu_interface/msg/rosidl_typesupport_fastrtps_cpp__visibility_control.h
[10.068s] -- Installing: /home/olhamelnyk/colcon_venv/src/install/imu_interface/lib/libimu_interface__rosidl_typesupport_fastrtps_cpp.so
[10.069s] -- Set non-toolchain portion of runtime path of "/home/olhamelnyk/colcon_venv/src/install/imu_interface/lib/libimu_interface__rosidl_typesupport_fastrtps_cpp.so" to ""
[10.069s] -- Up-to-date: /home/olhamelnyk/colcon_venv/src/install/imu_interface/include/imu_interface/imu_interface
[10.070s] -- Up-to-date: /home/olhamelnyk/colcon_venv/src/install/imu_interface/include/imu_interface/imu_interface/msg
[10.070s] -- Up-to-date: /home/olhamelnyk/colcon_venv/src/install/imu_interface/include/imu_interface/imu_interface/msg/detail
[10.070s] -- Installing: /home/olhamelnyk/colcon_venv/src/install/imu_interface/include/imu_interface/imu_interface/msg/detail/imu_data__rosidl_typesupport_introspection_cpp.hpp
[10.071s] -- Installing: /home/olhamelnyk/colcon_venv/src/install/imu_interface/include/imu_interface/imu_interface/msg/detail/imu_data__type_support.cpp
[10.071s] -- Installing: /home/olhamelnyk/colcon_venv/src/install/imu_interface/lib/libimu_interface__rosidl_typesupport_introspection_cpp.so
[10.071s] -- Set non-toolchain portion of runtime path of "/home/olhamelnyk/colcon_venv/src/install/imu_interface/lib/libimu_interface__rosidl_typesupport_introspection_cpp.so" to ""
[10.071s] -- Installing: /home/olhamelnyk/colcon_venv/src/install/imu_interface/lib/libimu_interface__rosidl_typesupport_cpp.so
[10.072s] -- Set non-toolchain portion of runtime path of "/home/olhamelnyk/colcon_venv/src/install/imu_interface/lib/libimu_interface__rosidl_typesupport_cpp.so" to ""
[10.072s] -- Installing: /home/olhamelnyk/colcon_venv/src/install/imu_interface/share/imu_interface/environment/pythonpath.sh
[10.073s] -- Installing: /home/olhamelnyk/colcon_venv/src/install/imu_interface/share/imu_interface/environment/pythonpath.dsv
[10.073s] -- Installing: /home/olhamelnyk/colcon_venv/src/install/imu_interface/lib/python3.12/site-packages/imu_interface-0.0.0-py3.12.egg-info
[10.073s] -- Installing: /home/olhamelnyk/colcon_venv/src/install/imu_interface/lib/python3.12/site-packages/imu_interface-0.0.0-py3.12.egg-info/top_level.txt
[10.074s] -- Installing: /home/olhamelnyk/colcon_venv/src/install/imu_interface/lib/python3.12/site-packages/imu_interface-0.0.0-py3.12.egg-info/SOURCES.txt
[10.074s] -- Installing: /home/olhamelnyk/colcon_venv/src/install/imu_interface/lib/python3.12/site-packages/imu_interface-0.0.0-py3.12.egg-info/dependency_links.txt
[10.074s] -- Installing: /home/olhamelnyk/colcon_venv/src/install/imu_interface/lib/python3.12/site-packages/imu_interface-0.0.0-py3.12.egg-info/PKG-INFO
[10.075s] -- Installing: /home/olhamelnyk/colcon_venv/src/install/imu_interface/lib/python3.12/site-packages/imu_interface
[10.075s] -- Installing: /home/olhamelnyk/colcon_venv/src/install/imu_interface/lib/python3.12/site-packages/imu_interface/_imu_interface_s.ep.rosidl_typesupport_c.c
[10.075s] -- Installing: /home/olhamelnyk/colcon_venv/src/install/imu_interface/lib/python3.12/site-packages/imu_interface/imu_interface_s__rosidl_typesupport_fastrtps_c.so
[10.076s] -- Installing: /home/olhamelnyk/colcon_venv/src/install/imu_interface/lib/python3.12/site-packages/imu_interface/msg
[10.076s] -- Installing: /home/olhamelnyk/colcon_venv/src/install/imu_interface/lib/python3.12/site-packages/imu_interface/msg/__init__.py
[10.077s] -- Installing: /home/olhamelnyk/colcon_venv/src/install/imu_interface/lib/python3.12/site-packages/imu_interface/msg/_imu_data.py
[10.077s] -- Installing: /home/olhamelnyk/colcon_venv/src/install/imu_interface/lib/python3.12/site-packages/imu_interface/msg/_imu_data_s.c
[10.077s] -- Installing: /home/olhamelnyk/colcon_venv/src/install/imu_interface/lib/python3.12/site-packages/imu_interface/__init__.py
[10.078s] -- Installing: /home/olhamelnyk/colcon_venv/src/install/imu_interface/lib/python3.12/site-packages/imu_interface/_imu_interface_s.ep.rosidl_typesupport_fastrtps_c.c
[10.078s] -- Installing: /home/olhamelnyk/colcon_venv/src/install/imu_interface/lib/python3.12/site-packages/imu_interface/imu_interface_s__rosidl_typesupport_introspection_c.so
[10.078s] -- Installing: /home/olhamelnyk/colcon_venv/src/install/imu_interface/lib/python3.12/site-packages/imu_interface/imu_interface_s__rosidl_typesupport_c.so
[10.079s] -- Installing: /home/olhamelnyk/colcon_venv/src/install/imu_interface/lib/python3.12/site-packages/imu_interface/_imu_interface_s.ep.rosidl_typesupport_introspection_c.c
[10.132s] Listing '/home/olhamelnyk/colcon_venv/src/install/imu_interface/lib/python3.12/site-packages/imu_interface'...
[10.132s] Compiling '/home/olhamelnyk/colcon_venv/src/install/imu_interface/lib/python3.12/site-packages/imu_interface/__init__.py'...
[10.133s] Listing '/home/olhamelnyk/colcon_venv/src/install/imu_interface/lib/python3.12/site-packages/imu_interface/msg'...
[10.133s] Compiling '/home/olhamelnyk/colcon_venv/src/install/imu_interface/lib/python3.12/site-packages/imu_interface/msg/__init__.py'...
[10.133s] Compiling '/home/olhamelnyk/colcon_venv/src/install/imu_interface/lib/python3.12/site-packages/imu_interface/msg/_imu_data.py'...
[10.140s] -- Installing: /home/olhamelnyk/colcon_venv/src/install/imu_interface/lib/python3.12/site-packages/imu_interface/imu_interface_s__rosidl_typesupport_fastrtps_c.so
[10.141s] -- Set non-toolchain portion of runtime path of "/home/olhamelnyk/colcon_venv/src/install/imu_interface/lib/python3.12/site-packages/imu_interface/imu_interface_s__rosidl_typesupport_fastrtps_c.so" to ""
[10.141s] -- Installing: /home/olhamelnyk/colcon_venv/src/install/imu_interface/lib/python3.12/site-packages/imu_interface/imu_interface_s__rosidl_typesupport_introspection_c.so
[10.142s] -- Set non-toolchain portion of runtime path of "/home/olhamelnyk/colcon_venv/src/install/imu_interface/lib/python3.12/site-packages/imu_interface/imu_interface_s__rosidl_typesupport_introspection_c.so" to ""
[10.142s] -- Installing: /home/olhamelnyk/colcon_venv/src/install/imu_interface/lib/python3.12/site-packages/imu_interface/imu_interface_s__rosidl_typesupport_c.so
[10.142s] -- Set non-toolchain portion of runtime path of "/home/olhamelnyk/colcon_venv/src/install/imu_interface/lib/python3.12/site-packages/imu_interface/imu_interface_s__rosidl_typesupport_c.so" to ""
[10.143s] -- Installing: /home/olhamelnyk/colcon_venv/src/install/imu_interface/lib/libimu_interface__rosidl_generator_py.so
[10.143s] -- Set non-toolchain portion of runtime path of "/home/olhamelnyk/colcon_venv/src/install/imu_interface/lib/libimu_interface__rosidl_generator_py.so" to ""
[10.144s] -- Installing: /home/olhamelnyk/colcon_venv/src/install/imu_interface/share/imu_interface/msg/ImuData.idl
[10.144s] -- Installing: /home/olhamelnyk/colcon_venv/src/install/imu_interface/share/imu_interface/msg/ImuData.msg
[10.145s] -- Installing: /home/olhamelnyk/colcon_venv/src/install/imu_interface/share/ament_index/resource_index/package_run_dependencies/imu_interface
[10.145s] -- Installing: /home/olhamelnyk/colcon_venv/src/install/imu_interface/share/ament_index/resource_index/parent_prefix_path/imu_interface
[10.146s] -- Installing: /home/olhamelnyk/colcon_venv/src/install/imu_interface/share/imu_interface/environment/ament_prefix_path.sh
[10.146s] -- Installing: /home/olhamelnyk/colcon_venv/src/install/imu_interface/share/imu_interface/environment/ament_prefix_path.dsv
[10.146s] -- Installing: /home/olhamelnyk/colcon_venv/src/install/imu_interface/share/imu_interface/environment/path.sh
[10.146s] -- Installing: /home/olhamelnyk/colcon_venv/src/install/imu_interface/share/imu_interface/environment/path.dsv
[10.146s] -- Installing: /home/olhamelnyk/colcon_venv/src/install/imu_interface/share/imu_interface/local_setup.bash
[10.146s] -- Installing: /home/olhamelnyk/colcon_venv/src/install/imu_interface/share/imu_interface/local_setup.sh
[10.146s] -- Installing: /home/olhamelnyk/colcon_venv/src/install/imu_interface/share/imu_interface/local_setup.zsh
[10.147s] -- Installing: /home/olhamelnyk/colcon_venv/src/install/imu_interface/share/imu_interface/local_setup.dsv
[10.147s] -- Installing: /home/olhamelnyk/colcon_venv/src/install/imu_interface/share/imu_interface/package.dsv
[10.147s] -- Installing: /home/olhamelnyk/colcon_venv/src/install/imu_interface/share/ament_index/resource_index/packages/imu_interface
[10.147s] -- Installing: /home/olhamelnyk/colcon_venv/src/install/imu_interface/share/imu_interface/cmake/export_imu_interface__rosidl_generator_cExport.cmake
[10.147s] -- Installing: /home/olhamelnyk/colcon_venv/src/install/imu_interface/share/imu_interface/cmake/export_imu_interface__rosidl_generator_cExport-noconfig.cmake
[10.147s] -- Installing: /home/olhamelnyk/colcon_venv/src/install/imu_interface/share/imu_interface/cmake/export_imu_interface__rosidl_typesupport_fastrtps_cExport.cmake
[10.148s] -- Installing: /home/olhamelnyk/colcon_venv/src/install/imu_interface/share/imu_interface/cmake/export_imu_interface__rosidl_typesupport_fastrtps_cExport-noconfig.cmake
[10.148s] -- Installing: /home/olhamelnyk/colcon_venv/src/install/imu_interface/share/imu_interface/cmake/imu_interface__rosidl_typesupport_introspection_cExport.cmake
[10.148s] -- Installing: /home/olhamelnyk/colcon_venv/src/install/imu_interface/share/imu_interface/cmake/imu_interface__rosidl_typesupport_introspection_cExport-noconfig.cmake
[10.148s] -- Installing: /home/olhamelnyk/colcon_venv/src/install/imu_interface/share/imu_interface/cmake/imu_interface__rosidl_typesupport_cExport.cmake
[10.148s] -- Installing: /home/olhamelnyk/colcon_venv/src/install/imu_interface/share/imu_interface/cmake/imu_interface__rosidl_typesupport_cExport-noconfig.cmake
[10.148s] -- Installing: /home/olhamelnyk/colcon_venv/src/install/imu_interface/share/imu_interface/cmake/export_imu_interface__rosidl_generator_cppExport.cmake
[10.149s] -- Installing: /home/olhamelnyk/colcon_venv/src/install/imu_interface/share/imu_interface/cmake/export_imu_interface__rosidl_typesupport_fastrtps_cppExport.cmake
[10.149s] -- Installing: /home/olhamelnyk/colcon_venv/src/install/imu_interface/share/imu_interface/cmake/export_imu_interface__rosidl_typesupport_fastrtps_cppExport-noconfig.cmake
[10.149s] -- Installing: /home/olhamelnyk/colcon_venv/src/install/imu_interface/share/imu_interface/cmake/imu_interface__rosidl_typesupport_introspection_cppExport.cmake
[10.149s] -- Installing: /home/olhamelnyk/colcon_venv/src/install/imu_interface/share/imu_interface/cmake/imu_interface__rosidl_typesupport_introspection_cppExport-noconfig.cmake
[10.150s] -- Installing: /home/olhamelnyk/colcon_venv/src/install/imu_interface/share/imu_interface/cmake/imu_interface__rosidl_typesupport_cppExport.cmake
[10.150s] -- Installing: /home/olhamelnyk/colcon_venv/src/install/imu_interface/share/imu_interface/cmake/imu_interface__rosidl_typesupport_cppExport-noconfig.cmake
[10.150s] -- Installing: /home/olhamelnyk/colcon_venv/src/install/imu_interface/share/imu_interface/cmake/export_imu_interface__rosidl_generator_pyExport.cmake
[10.150s] -- Installing: /home/olhamelnyk/colcon_venv/src/install/imu_interface/share/imu_interface/cmake/export_imu_interface__rosidl_generator_pyExport-noconfig.cmake
[10.150s] -- Installing: /home/olhamelnyk/colcon_venv/src/install/imu_interface/share/imu_interface/cmake/rosidl_cmake-extras.cmake
[10.150s] -- Installing: /home/olhamelnyk/colcon_venv/src/install/imu_interface/share/imu_interface/cmake/ament_cmake_export_dependencies-extras.cmake
[10.151s] -- Installing: /home/olhamelnyk/colcon_venv/src/install/imu_interface/share/imu_interface/cmake/ament_cmake_export_include_directories-extras.cmake
[10.151s] -- Installing: /home/olhamelnyk/colcon_venv/src/install/imu_interface/share/imu_interface/cmake/ament_cmake_export_libraries-extras.cmake
[10.151s] -- Installing: /home/olhamelnyk/colcon_venv/src/install/imu_interface/share/imu_interface/cmake/ament_cmake_export_targets-extras.cmake
[10.151s] -- Installing: /home/olhamelnyk/colcon_venv/src/install/imu_interface/share/imu_interface/cmake/rosidl_cmake_export_typesupport_targets-extras.cmake
[10.151s] -- Installing: /home/olhamelnyk/colcon_venv/src/install/imu_interface/share/imu_interface/cmake/rosidl_cmake_export_typesupport_libraries-extras.cmake
[10.152s] -- Installing: /home/olhamelnyk/colcon_venv/src/install/imu_interface/share/imu_interface/cmake/imu_interfaceConfig.cmake
[10.152s] -- Installing: /home/olhamelnyk/colcon_venv/src/install/imu_interface/share/imu_interface/cmake/imu_interfaceConfig-version.cmake
[10.152s] -- Installing: /home/olhamelnyk/colcon_venv/src/install/imu_interface/share/imu_interface/package.xml
[10.155s] Invoked command in '/home/olhamelnyk/colcon_venv/src/build/imu_interface' returned '0': CMAKE_PREFIX_PATH=${CMAKE_PREFIX_PATH}:/home/olhamelnyk/colcon_venv/install/recording_controller_pkg:/home/olhamelnyk/colcon_venv/install/zed_mini:/home/olhamelnyk/colcon_venv/install/tf_recording:/home/olhamelnyk/colcon_venv/install/recording_zed_rgb:/home/olhamelnyk/colcon_venv/install/recording_zed_depth_rgb:/home/olhamelnyk/colcon_venv/install/recording_zed_depth:/home/olhamelnyk/colcon_venv/install/recording_scene:/home/olhamelnyk/colcon_venv/install/recording_gaze:/home/olhamelnyk/colcon_venv/install/pupil_labs_wrapper:/home/olhamelnyk/colcon_venv/install/latency_tools:/home/olhamelnyk/colcon_venv/install/async_pupil_wrapper:/opt/ros/jazzy DEBUGINFOD_URLS=https://debuginfod.ubuntu.com /usr/bin/cmake --install /home/olhamelnyk/colcon_venv/src/build/imu_interface
