[2.437s] Invoking command in '/home/olhamelnyk/colcon_venv/src/build/zed_recorder_cpp': CMAKE_PREFIX_PATH=${CMAKE_PREFIX_PATH}:/home/olhamelnyk/colcon_venv/install/recording_controller_pkg:/home/olhamelnyk/colcon_venv/install/zed_mini:/home/olhamelnyk/colcon_venv/install/recording_zed_rgb:/home/olhamelnyk/colcon_venv/install/recording_zed_depth_rgb:/home/olhamelnyk/colcon_venv/install/recording_zed_depth:/home/olhamelnyk/colcon_venv/install/recording_scene:/home/olhamelnyk/colcon_venv/install/recording_gaze:/home/olhamelnyk/colcon_venv/install/pupil_labs_wrapper:/home/olhamelnyk/colcon_venv/install/async_pupil_wrapper:/opt/ros/jazzy DEBUGINFOD_URLS=https://debuginfod.ubuntu.com /usr/bin/cmake /home/olhamelnyk/colcon_venv/src/zed_recorder_cpp -DAMENT_CMAKE_SYMLINK_INSTALL=1 -DCMAKE_INSTALL_PREFIX=/home/olhamelnyk/colcon_venv/src/install/zed_recorder_cpp
[2.598s] -- The C compiler identification is GNU 13.3.0
[2.744s] -- The CXX compiler identification is GNU 13.3.0
[2.778s] -- Detecting C compiler ABI info
[2.982s] -- Detecting C compiler ABI info - done
[3.003s] -- Check for working C compiler: /usr/bin/cc - skipped
[3.003s] -- Detecting C compile features
[3.004s] -- Detecting C compile features - done
[3.022s] -- Detecting CXX compiler ABI info
[3.257s] -- Detecting CXX compiler ABI info - done
[3.277s] -- Check for working CXX compiler: /usr/bin/c++ - skipped
[3.278s] -- Detecting CXX compile features
[3.279s] -- Detecting CXX compile features - done
[3.292s] -- Found ament_cmake: 2.5.4 (/opt/ros/jazzy/share/ament_cmake/cmake)
[3.672s] -- Found Python3: /usr/bin/python3 (found version "3.12.3") found components: Interpreter 
[3.843s] -- Override CMake install command with custom implementation using symlinks instead of copying resources
[4.090s] -- Found rclcpp: 28.1.9 (/opt/ros/jazzy/share/rclcpp/cmake)
[4.197s] -- Found rosidl_generator_c: 4.6.5 (/opt/ros/jazzy/share/rosidl_generator_c/cmake)
[4.233s] -- Found rosidl_generator_cpp: 4.6.5 (/opt/ros/jazzy/share/rosidl_generator_cpp/cmake)
[4.274s] -- Using all available rosidl_typesupport_c: rosidl_typesupport_fastrtps_c;rosidl_typesupport_introspection_c
[4.318s] -- Using all available rosidl_typesupport_cpp: rosidl_typesupport_fastrtps_cpp;rosidl_typesupport_introspection_cpp
[4.480s] -- Found rmw_implementation_cmake: 7.3.2 (/opt/ros/jazzy/share/rmw_implementation_cmake/cmake)
[4.493s] -- Found rmw_fastrtps_cpp: 8.4.2 (/opt/ros/jazzy/share/rmw_fastrtps_cpp/cmake)
[4.663s] -- Found OpenSSL: /usr/lib/x86_64-linux-gnu/libcrypto.so (found version "3.0.13")  
[4.697s] -- Found FastRTPS: /opt/ros/jazzy/include (Required is at least version "2.13") 
[4.734s] -- Using RMW implementation 'rmw_fastrtps_cpp' as default
[4.883s] -- Found sensor_msgs: 5.3.6 (/opt/ros/jazzy/share/sensor_msgs/cmake)
[4.976s] -- Found cv_bridge: 4.1.0 (/opt/ros/jazzy/share/cv_bridge/cmake)
[5.004s] -- Found OpenCV: /usr (found version "4.6.0") 
[5.135s] -- Configuring done (2.7s)
[5.140s] [31mCMake Error at CMakeLists.txt:10 (add_executable):
[5.140s]   Cannot find source file:
[5.140s] 
[5.140s]     src/depth_recorder_node.cpp
[5.140s] 
[5.141s]   Tried extensions .c .C .c++ .cc .cpp .cxx .cu .mpp .m .M .mm .ixx .cppm
[5.141s]   .ccm .cxxm .c++m .h .hh .h++ .hm .hpp .hxx .in .txx .f .F .for .f77 .f90
[5.141s]   .f95 .f03 .hip .ispc
[5.141s] 
[5.142s] [0m
[5.145s] [31mCMake Error at CMakeLists.txt:10 (add_executable):
[5.145s]   No SOURCES given to target: depth_recorder_node
[5.145s] 
[5.146s] [0m
[5.146s] [0mCMake Generate step failed.  Build files cannot be regenerated correctly.[0m
