running egg_info
writing ../build/recording_blink/recording_blink.egg-info/PKG-INFO
writing dependency_links to ../build/recording_blink/recording_blink.egg-info/dependency_links.txt
writing entry points to ../build/recording_blink/recording_blink.egg-info/entry_points.txt
writing requirements to ../build/recording_blink/recording_blink.egg-info/requires.txt
writing top-level names to ../build/recording_blink/recording_blink.egg-info/top_level.txt
reading manifest file '../build/recording_blink/recording_blink.egg-info/SOURCES.txt'
writing manifest file '../build/recording_blink/recording_blink.egg-info/SOURCES.txt'
running build
running build_py
copying recording_blink/recording_blink.py -> /home/olhamelnyk/colcon_venv/src/build/recording_blink/build/lib/recording_blink
running install
running install_lib
copying /home/olhamelnyk/colcon_venv/src/build/recording_blink/build/lib/recording_blink/recording_blink.py -> /home/olhamelnyk/colcon_venv/src/install/recording_blink/lib/python3.12/site-packages/recording_blink
byte-compiling /home/olhamelnyk/colcon_venv/src/install/recording_blink/lib/python3.12/site-packages/recording_blink/recording_blink.py to recording_blink.cpython-312.pyc
running install_data
copying package.xml -> /home/olhamelnyk/colcon_venv/src/install/recording_blink/share/recording_blink
running install_egg_info
removing '/home/olhamelnyk/colcon_venv/src/install/recording_blink/lib/python3.12/site-packages/recording_blink-0.0.0-py3.12.egg-info' (and everything under it)
Copying ../build/recording_blink/recording_blink.egg-info to /home/olhamelnyk/colcon_venv/src/install/recording_blink/lib/python3.12/site-packages/recording_blink-0.0.0-py3.12.egg-info
running install_scripts
Installing recording_blink script to /home/olhamelnyk/colcon_venv/src/install/recording_blink/lib/recording_blink
Installing recording_eye_state script to /home/olhamelnyk/colcon_venv/src/install/recording_blink/lib/recording_blink
writing list of installed files to '/home/olhamelnyk/colcon_venv/src/build/recording_blink/install.log'
