[2.004s] Invoking command in '/home/olhamelnyk/colcon_venv/src/recording_blink': AMENT_PREFIX_PATH=/home/olhamelnyk/colcon_venv/src/install/blink_interface:${AMENT_PREFIX_PATH} CMAKE_PREFIX_PATH=/home/olhamelnyk/colcon_venv/src/install/blink_interface:${CMAKE_PREFIX_PATH} DEBUGINFOD_URLS=https://debuginfod.ubuntu.com LD_LIBRARY_PATH=/home/olhamelnyk/colcon_venv/src/install/blink_interface/lib:${LD_LIBRARY_PATH} PYTHONPATH=/home/olhamelnyk/colcon_venv/src/build/recording_blink/prefix_override:/usr/lib/python3/dist-packages/colcon_core/task/python/colcon_distutils_commands:/home/olhamelnyk/colcon_venv/src/install/recording_blink/lib/python3.12/site-packages:/home/olhamelnyk/colcon_venv/src/install/blink_interface/lib/python3.12/site-packages:${PYTHONPATH} /usr/bin/python3 -W ignore:setup.py install is deprecated -W ignore:easy_install command is deprecated setup.py egg_info --egg-base ../build/recording_blink build --build-base /home/olhamelnyk/colcon_venv/src/build/recording_blink/build install --record /home/olhamelnyk/colcon_venv/src/build/recording_blink/install.log --single-version-externally-managed install_data
[2.447s] running egg_info
[2.485s] writing ../build/recording_blink/recording_blink.egg-info/PKG-INFO
[2.485s] writing dependency_links to ../build/recording_blink/recording_blink.egg-info/dependency_links.txt
[2.485s] writing entry points to ../build/recording_blink/recording_blink.egg-info/entry_points.txt
[2.486s] writing requirements to ../build/recording_blink/recording_blink.egg-info/requires.txt
[2.486s] writing top-level names to ../build/recording_blink/recording_blink.egg-info/top_level.txt
[2.562s] reading manifest file '../build/recording_blink/recording_blink.egg-info/SOURCES.txt'
[2.571s] writing manifest file '../build/recording_blink/recording_blink.egg-info/SOURCES.txt'
[2.572s] running build
[2.572s] running build_py
[2.572s] copying recording_blink/recording_blink.py -> /home/olhamelnyk/colcon_venv/src/build/recording_blink/build/lib/recording_blink
[2.572s] running install
[2.579s] running install_lib
[2.615s] copying /home/olhamelnyk/colcon_venv/src/build/recording_blink/build/lib/recording_blink/recording_blink.py -> /home/olhamelnyk/colcon_venv/src/install/recording_blink/lib/python3.12/site-packages/recording_blink
[2.615s] byte-compiling /home/olhamelnyk/colcon_venv/src/install/recording_blink/lib/python3.12/site-packages/recording_blink/recording_blink.py to recording_blink.cpython-312.pyc
[2.617s] running install_data
[2.618s] copying package.xml -> /home/olhamelnyk/colcon_venv/src/install/recording_blink/share/recording_blink
[2.618s] running install_egg_info
[2.654s] removing '/home/olhamelnyk/colcon_venv/src/install/recording_blink/lib/python3.12/site-packages/recording_blink-0.0.0-py3.12.egg-info' (and everything under it)
[2.654s] Copying ../build/recording_blink/recording_blink.egg-info to /home/olhamelnyk/colcon_venv/src/install/recording_blink/lib/python3.12/site-packages/recording_blink-0.0.0-py3.12.egg-info
[2.659s] running install_scripts
[2.881s] Installing recording_blink script to /home/olhamelnyk/colcon_venv/src/install/recording_blink/lib/recording_blink
[2.881s] Installing recording_eye_state script to /home/olhamelnyk/colcon_venv/src/install/recording_blink/lib/recording_blink
[2.882s] writing list of installed files to '/home/olhamelnyk/colcon_venv/src/build/recording_blink/install.log'
[2.944s] Invoked command in '/home/olhamelnyk/colcon_venv/src/recording_blink' returned '0': AMENT_PREFIX_PATH=/home/olhamelnyk/colcon_venv/src/install/blink_interface:${AMENT_PREFIX_PATH} CMAKE_PREFIX_PATH=/home/olhamelnyk/colcon_venv/src/install/blink_interface:${CMAKE_PREFIX_PATH} DEBUGINFOD_URLS=https://debuginfod.ubuntu.com LD_LIBRARY_PATH=/home/olhamelnyk/colcon_venv/src/install/blink_interface/lib:${LD_LIBRARY_PATH} PYTHONPATH=/home/olhamelnyk/colcon_venv/src/build/recording_blink/prefix_override:/usr/lib/python3/dist-packages/colcon_core/task/python/colcon_distutils_commands:/home/olhamelnyk/colcon_venv/src/install/recording_blink/lib/python3.12/site-packages:/home/olhamelnyk/colcon_venv/src/install/blink_interface/lib/python3.12/site-packages:${PYTHONPATH} /usr/bin/python3 -W ignore:setup.py install is deprecated -W ignore:easy_install command is deprecated setup.py egg_info --egg-base ../build/recording_blink build --build-base /home/olhamelnyk/colcon_venv/src/build/recording_blink/build install --record /home/olhamelnyk/colcon_venv/src/build/recording_blink/install.log --single-version-externally-managed install_data
