running egg_info
creating ../build/gaze_video_recorder/gaze_video_recorder.egg-info
writing ../build/gaze_video_recorder/gaze_video_recorder.egg-info/PKG-INFO
writing dependency_links to ../build/gaze_video_recorder/gaze_video_recorder.egg-info/dependency_links.txt
writing requirements to ../build/gaze_video_recorder/gaze_video_recorder.egg-info/requires.txt
writing top-level names to ../build/gaze_video_recorder/gaze_video_recorder.egg-info/top_level.txt
writing manifest file '../build/gaze_video_recorder/gaze_video_recorder.egg-info/SOURCES.txt'
reading manifest file '../build/gaze_video_recorder/gaze_video_recorder.egg-info/SOURCES.txt'
writing manifest file '../build/gaze_video_recorder/gaze_video_recorder.egg-info/SOURCES.txt'
running build
running build_py
creating /home/olhamelnyk/colcon_venv/src/build/gaze_video_recorder/build
creating /home/olhamelnyk/colcon_venv/src/build/gaze_video_recorder/build/lib
creating /home/olhamelnyk/colcon_venv/src/build/gaze_video_recorder/build/lib/gaze_video_recorder
copying gaze_video_recorder/__init__.py -> /home/olhamelnyk/colcon_venv/src/build/gaze_video_recorder/build/lib/gaze_video_recorder
running install
running install_lib
creating /home/olhamelnyk/colcon_venv/src/install/gaze_video_recorder/lib/python3.12/site-packages/gaze_video_recorder
copying /home/olhamelnyk/colcon_venv/src/build/gaze_video_recorder/build/lib/gaze_video_recorder/__init__.py -> /home/olhamelnyk/colcon_venv/src/install/gaze_video_recorder/lib/python3.12/site-packages/gaze_video_recorder
byte-compiling /home/olhamelnyk/colcon_venv/src/install/gaze_video_recorder/lib/python3.12/site-packages/gaze_video_recorder/__init__.py to __init__.cpython-312.pyc
running install_data
creating /home/olhamelnyk/colcon_venv/src/install/gaze_video_recorder/share/ament_index
creating /home/olhamelnyk/colcon_venv/src/install/gaze_video_recorder/share/ament_index/resource_index
creating /home/olhamelnyk/colcon_venv/src/install/gaze_video_recorder/share/ament_index/resource_index/packages
copying resource/gaze_video_recorder -> /home/olhamelnyk/colcon_venv/src/install/gaze_video_recorder/share/ament_index/resource_index/packages
copying package.xml -> /home/olhamelnyk/colcon_venv/src/install/gaze_video_recorder/share/gaze_video_recorder
running install_egg_info
Copying ../build/gaze_video_recorder/gaze_video_recorder.egg-info to /home/olhamelnyk/colcon_venv/src/install/gaze_video_recorder/lib/python3.12/site-packages/gaze_video_recorder-0.0.0-py3.12.egg-info
running install_scripts
writing list of installed files to '/home/olhamelnyk/colcon_venv/src/build/gaze_video_recorder/install.log'
