[1.125s] Invoking command in '/home/olhamelnyk/colcon_venv/src/gaze_video_recorder': DEBUGINFOD_URLS=https://debuginfod.ubuntu.com PYTHONPATH=/home/olhamelnyk/colcon_venv/src/build/gaze_video_recorder/prefix_override:/usr/lib/python3/dist-packages/colcon_core/task/python/colcon_distutils_commands:/home/olhamelnyk/colcon_venv/src/install/gaze_video_recorder/lib/python3.12/site-packages:${PYTHONPATH} /usr/bin/python3 -W ignore:setup.py install is deprecated -W ignore:easy_install command is deprecated setup.py egg_info --egg-base ../build/gaze_video_recorder build --build-base /home/olhamelnyk/colcon_venv/src/build/gaze_video_recorder/build install --record /home/olhamelnyk/colcon_venv/src/build/gaze_video_recorder/install.log --single-version-externally-managed install_data
[1.500s] running egg_info
[1.500s] creating ../build/gaze_video_recorder/gaze_video_recorder.egg-info
[1.532s] writing ../build/gaze_video_recorder/gaze_video_recorder.egg-info/PKG-INFO
[1.532s] writing dependency_links to ../build/gaze_video_recorder/gaze_video_recorder.egg-info/dependency_links.txt
[1.532s] writing requirements to ../build/gaze_video_recorder/gaze_video_recorder.egg-info/requires.txt
[1.532s] writing top-level names to ../build/gaze_video_recorder/gaze_video_recorder.egg-info/top_level.txt
[1.533s] writing manifest file '../build/gaze_video_recorder/gaze_video_recorder.egg-info/SOURCES.txt'
[1.597s] reading manifest file '../build/gaze_video_recorder/gaze_video_recorder.egg-info/SOURCES.txt'
[1.597s] writing manifest file '../build/gaze_video_recorder/gaze_video_recorder.egg-info/SOURCES.txt'
[1.597s] running build
[1.597s] running build_py
[1.598s] creating /home/olhamelnyk/colcon_venv/src/build/gaze_video_recorder/build
[1.598s] creating /home/olhamelnyk/colcon_venv/src/build/gaze_video_recorder/build/lib
[1.598s] creating /home/olhamelnyk/colcon_venv/src/build/gaze_video_recorder/build/lib/gaze_video_recorder
[1.598s] copying gaze_video_recorder/__init__.py -> /home/olhamelnyk/colcon_venv/src/build/gaze_video_recorder/build/lib/gaze_video_recorder
[1.598s] running install
[1.605s] running install_lib
[1.638s] creating /home/olhamelnyk/colcon_venv/src/install/gaze_video_recorder/lib/python3.12/site-packages/gaze_video_recorder
[1.638s] copying /home/olhamelnyk/colcon_venv/src/build/gaze_video_recorder/build/lib/gaze_video_recorder/__init__.py -> /home/olhamelnyk/colcon_venv/src/install/gaze_video_recorder/lib/python3.12/site-packages/gaze_video_recorder
[1.638s] byte-compiling /home/olhamelnyk/colcon_venv/src/install/gaze_video_recorder/lib/python3.12/site-packages/gaze_video_recorder/__init__.py to __init__.cpython-312.pyc
[1.638s] running install_data
[1.639s] creating /home/olhamelnyk/colcon_venv/src/install/gaze_video_recorder/share/ament_index
[1.639s] creating /home/olhamelnyk/colcon_venv/src/install/gaze_video_recorder/share/ament_index/resource_index
[1.639s] creating /home/olhamelnyk/colcon_venv/src/install/gaze_video_recorder/share/ament_index/resource_index/packages
[1.639s] copying resource/gaze_video_recorder -> /home/olhamelnyk/colcon_venv/src/install/gaze_video_recorder/share/ament_index/resource_index/packages
[1.639s] copying package.xml -> /home/olhamelnyk/colcon_venv/src/install/gaze_video_recorder/share/gaze_video_recorder
[1.639s] running install_egg_info
[1.673s] Copying ../build/gaze_video_recorder/gaze_video_recorder.egg-info to /home/olhamelnyk/colcon_venv/src/install/gaze_video_recorder/lib/python3.12/site-packages/gaze_video_recorder-0.0.0-py3.12.egg-info
[1.674s] running install_scripts
[1.870s] writing list of installed files to '/home/olhamelnyk/colcon_venv/src/build/gaze_video_recorder/install.log'
[1.900s] Invoked command in '/home/olhamelnyk/colcon_venv/src/gaze_video_recorder' returned '0': DEBUGINFOD_URLS=https://debuginfod.ubuntu.com PYTHONPATH=/home/olhamelnyk/colcon_venv/src/build/gaze_video_recorder/prefix_override:/usr/lib/python3/dist-packages/colcon_core/task/python/colcon_distutils_commands:/home/olhamelnyk/colcon_venv/src/install/gaze_video_recorder/lib/python3.12/site-packages:${PYTHONPATH} /usr/bin/python3 -W ignore:setup.py install is deprecated -W ignore:easy_install command is deprecated setup.py egg_info --egg-base ../build/gaze_video_recorder build --build-base /home/olhamelnyk/colcon_venv/src/build/gaze_video_recorder/build install --record /home/olhamelnyk/colcon_venv/src/build/gaze_video_recorder/install.log --single-version-externally-managed install_data
