[0.110s] Invoking command in '/home/olhamelnyk/colcon_venv/src/build/zed_msgs': CMAKE_PREFIX_PATH=${CMAKE_PREFIX_PATH}:/home/olhamelnyk/colcon_venv/install/recording_controller_pkg:/home/olhamelnyk/colcon_venv/install/zed_mini:/home/olhamelnyk/colcon_venv/install/recording_zed_rgb:/home/olhamelnyk/colcon_venv/install/recording_zed_depth_rgb:/home/olhamelnyk/colcon_venv/install/recording_zed_depth:/home/olhamelnyk/colcon_venv/install/recording_scene:/home/olhamelnyk/colcon_venv/install/recording_gaze:/home/olhamelnyk/colcon_venv/install/pupil_labs_wrapper:/home/olhamelnyk/colcon_venv/install/async_pupil_wrapper:/opt/ros/jazzy DEBUGINFOD_URLS=https://debuginfod.ubuntu.com /usr/bin/cmake /home/olhamelnyk/colcon_venv/src/zed-ros2-interfaces -DAMENT_CMAKE_SYMLINK_INSTALL=1 -DCMAKE_INSTALL_PREFIX=/home/olhamelnyk/colcon_venv/src/install/zed_msgs
[2.527s] -- The C compiler identification is GNU 13.3.0
[2.530s] -- The CXX compiler identification is GNU 13.3.0
[2.531s] -- Detecting C compiler ABI info
[2.531s] -- Detecting C compiler ABI info - done
[2.531s] -- Check for working C compiler: /usr/bin/cc - skipped
[2.532s] -- Detecting C compile features
[2.532s] -- Detecting C compile features - done
[2.532s] -- Detecting CXX compiler ABI info
[2.532s] -- Detecting CXX compiler ABI info - done
[2.533s] -- Check for working CXX compiler: /usr/bin/c++ - skipped
[2.533s] -- Detecting CXX compile features
[2.533s] -- Detecting CXX compile features - done
[2.534s] -- Found ament_cmake_auto: 2.5.4 (/opt/ros/jazzy/share/ament_cmake_auto/cmake)
[2.534s] -- Found Python3: /usr/bin/python3 (found version "3.12.3") found components: Interpreter 
[2.534s] -- Override CMake install command with custom implementation using symlinks instead of copying resources
[2.535s] -- Found rosidl_generator_c: 4.6.5 (/opt/ros/jazzy/share/rosidl_generator_c/cmake)
[2.535s] -- Found rosidl_generator_cpp: 4.6.5 (/opt/ros/jazzy/share/rosidl_generator_cpp/cmake)
[2.536s] -- Using all available rosidl_typesupport_c: rosidl_typesupport_fastrtps_c;rosidl_typesupport_introspection_c
[2.537s] -- Using all available rosidl_typesupport_cpp: rosidl_typesupport_fastrtps_cpp;rosidl_typesupport_introspection_cpp
[2.537s] -- Found rosidl_adapter: 4.6.5 (/opt/ros/jazzy/share/rosidl_adapter/cmake)
[2.537s] -- Found ament_lint_auto: 0.17.2 (/opt/ros/jazzy/share/ament_lint_auto/cmake)
[3.470s] -- Found ament_cmake_ros: 0.12.0 (/opt/ros/jazzy/share/ament_cmake_ros/cmake)
[4.996s] -- Using all available rosidl_typesupport_c: rosidl_typesupport_fastrtps_c;rosidl_typesupport_introspection_c
[5.538s] -- Using all available rosidl_typesupport_cpp: rosidl_typesupport_fastrtps_cpp;rosidl_typesupport_introspection_cpp
[5.558s] -- Found python_cmake_module: 0.11.1 (/opt/ros/jazzy/share/python_cmake_module/cmake)
[5.753s] -- Found PythonExtra: /usr/bin/python3  
[6.408s] -- Found Python3: /usr/bin/python3 (found version "3.12.3") found components: Interpreter Development NumPy Development.Module Development.Embed 
[6.506s] -- Added test 'copyright' to check source files copyright and LICENSE
[6.511s] -- Added test 'lint_cmake' to check CMake code style
[6.515s] -- Added test 'xmllint' to check XML markup files
[6.524s] -- Configuring done (6.4s)
[6.620s] -- Generating done (0.1s)
[6.636s] -- Build files have been written to: /home/olhamelnyk/colcon_venv/src/build/zed_msgs
