[1.345s] Invoking command in '/home/olhamelnyk/colcon_venv/src/gaze_video_recorder': DEBUGINFOD_URLS=https://debuginfod.ubuntu.com PYTHONPATH=/home/olhamelnyk/colcon_venv/src/build/gaze_video_recorder/prefix_override:/usr/lib/python3/dist-packages/colcon_core/task/python/colcon_distutils_commands:/home/olhamelnyk/colcon_venv/src/install/gaze_video_recorder/lib/python3.12/site-packages:${PYTHONPATH} /usr/bin/python3 -W ignore:setup.py install is deprecated -W ignore:easy_install command is deprecated setup.py egg_info --egg-base ../build/gaze_video_recorder build --build-base /home/olhamelnyk/colcon_venv/src/build/gaze_video_recorder/build install --record /home/olhamelnyk/colcon_venv/src/build/gaze_video_recorder/install.log --single-version-externally-managed install_data
[1.770s] running egg_info
[1.803s] writing ../build/gaze_video_recorder/gaze_video_recorder.egg-info/PKG-INFO
[1.804s] writing dependency_links to ../build/gaze_video_recorder/gaze_video_recorder.egg-info/dependency_links.txt
[1.804s] writing entry points to ../build/gaze_video_recorder/gaze_video_recorder.egg-info/entry_points.txt
[1.804s] writing requirements to ../build/gaze_video_recorder/gaze_video_recorder.egg-info/requires.txt
[1.804s] writing top-level names to ../build/gaze_video_recorder/gaze_video_recorder.egg-info/top_level.txt
[1.871s] reading manifest file '../build/gaze_video_recorder/gaze_video_recorder.egg-info/SOURCES.txt'
[1.872s] writing manifest file '../build/gaze_video_recorder/gaze_video_recorder.egg-info/SOURCES.txt'
[1.872s] running build
[1.872s] running build_py
[1.873s] copying gaze_video_recorder/gaze_video_recorder.py -> /home/olhamelnyk/colcon_venv/src/build/gaze_video_recorder/build/lib/gaze_video_recorder
[1.873s] running install
[1.880s] running install_lib
[1.917s] copying /home/olhamelnyk/colcon_venv/src/build/gaze_video_recorder/build/lib/gaze_video_recorder/gaze_video_recorder.py -> /home/olhamelnyk/colcon_venv/src/install/gaze_video_recorder/lib/python3.12/site-packages/gaze_video_recorder
[1.918s] byte-compiling /home/olhamelnyk/colcon_venv/src/install/gaze_video_recorder/lib/python3.12/site-packages/gaze_video_recorder/gaze_video_recorder.py to gaze_video_recorder.cpython-312.pyc
[1.919s] running install_data
[1.919s] running install_egg_info
[1.956s] removing '/home/olhamelnyk/colcon_venv/src/install/gaze_video_recorder/lib/python3.12/site-packages/gaze_video_recorder-0.0.0-py3.12.egg-info' (and everything under it)
[1.956s] Copying ../build/gaze_video_recorder/gaze_video_recorder.egg-info to /home/olhamelnyk/colcon_venv/src/install/gaze_video_recorder/lib/python3.12/site-packages/gaze_video_recorder-0.0.0-py3.12.egg-info
[1.957s] running install_scripts
[2.183s] Installing gaze_video_recorder script to /home/olhamelnyk/colcon_venv/src/install/gaze_video_recorder/lib/gaze_video_recorder
[2.183s] writing list of installed files to '/home/olhamelnyk/colcon_venv/src/build/gaze_video_recorder/install.log'
[2.234s] Invoked command in '/home/olhamelnyk/colcon_venv/src/gaze_video_recorder' returned '0': DEBUGINFOD_URLS=https://debuginfod.ubuntu.com PYTHONPATH=/home/olhamelnyk/colcon_venv/src/build/gaze_video_recorder/prefix_override:/usr/lib/python3/dist-packages/colcon_core/task/python/colcon_distutils_commands:/home/olhamelnyk/colcon_venv/src/install/gaze_video_recorder/lib/python3.12/site-packages:${PYTHONPATH} /usr/bin/python3 -W ignore:setup.py install is deprecated -W ignore:easy_install command is deprecated setup.py egg_info --egg-base ../build/gaze_video_recorder build --build-base /home/olhamelnyk/colcon_venv/src/build/gaze_video_recorder/build install --record /home/olhamelnyk/colcon_venv/src/build/gaze_video_recorder/install.log --single-version-externally-managed install_data
