[2.413s] Invoking command in '/home/olhamelnyk/colcon_venv/src/recording_controller_pkg': DEBUGINFOD_URLS=https://debuginfod.ubuntu.com PYTHONPATH=/home/olhamelnyk/colcon_venv/src/build/recording_controller_pkg/prefix_override:/usr/lib/python3/dist-packages/colcon_core/task/python/colcon_distutils_commands:/home/olhamelnyk/colcon_venv/src/install/recording_controller_pkg/lib/python3.12/site-packages:${PYTHONPATH} /usr/bin/python3 -W ignore:setup.py install is deprecated -W ignore:easy_install command is deprecated setup.py egg_info --egg-base ../build/recording_controller_pkg build --build-base /home/olhamelnyk/colcon_venv/src/build/recording_controller_pkg/build install --record /home/olhamelnyk/colcon_venv/src/build/recording_controller_pkg/install.log --single-version-externally-managed install_data
[3.144s] running egg_info
[3.191s] writing ../build/recording_controller_pkg/recording_controller_pkg.egg-info/PKG-INFO
[3.191s] writing dependency_links to ../build/recording_controller_pkg/recording_controller_pkg.egg-info/dependency_links.txt
[3.192s] writing entry points to ../build/recording_controller_pkg/recording_controller_pkg.egg-info/entry_points.txt
[3.192s] writing requirements to ../build/recording_controller_pkg/recording_controller_pkg.egg-info/requires.txt
[3.193s] writing top-level names to ../build/recording_controller_pkg/recording_controller_pkg.egg-info/top_level.txt
[3.286s] reading manifest file '../build/recording_controller_pkg/recording_controller_pkg.egg-info/SOURCES.txt'
[3.287s] writing manifest file '../build/recording_controller_pkg/recording_controller_pkg.egg-info/SOURCES.txt'
[3.288s] running build
[3.288s] running build_py
[3.288s] copying recording_controller_pkg/controller_node.py -> /home/olhamelnyk/colcon_venv/src/build/recording_controller_pkg/build/lib/recording_controller_pkg
[3.289s] running install
[3.305s] running install_lib
[3.370s] copying /home/olhamelnyk/colcon_venv/src/build/recording_controller_pkg/build/lib/recording_controller_pkg/controller_node.py -> /home/olhamelnyk/colcon_venv/src/install/recording_controller_pkg/lib/python3.12/site-packages/recording_controller_pkg
[3.374s] byte-compiling /home/olhamelnyk/colcon_venv/src/install/recording_controller_pkg/lib/python3.12/site-packages/recording_controller_pkg/controller_node.py to controller_node.cpython-312.pyc
[3.380s] running install_data
[3.380s] running install_egg_info
[3.440s] removing '/home/olhamelnyk/colcon_venv/src/install/recording_controller_pkg/lib/python3.12/site-packages/recording_controller_pkg-0.0.0-py3.12.egg-info' (and everything under it)
[3.443s] Copying ../build/recording_controller_pkg/recording_controller_pkg.egg-info to /home/olhamelnyk/colcon_venv/src/install/recording_controller_pkg/lib/python3.12/site-packages/recording_controller_pkg-0.0.0-py3.12.egg-info
[3.450s] running install_scripts
[3.872s] Installing controller_node script to /home/olhamelnyk/colcon_venv/src/install/recording_controller_pkg/lib/recording_controller_pkg
[3.872s] writing list of installed files to '/home/olhamelnyk/colcon_venv/src/build/recording_controller_pkg/install.log'
[4.027s] Invoked command in '/home/olhamelnyk/colcon_venv/src/recording_controller_pkg' returned '0': DEBUGINFOD_URLS=https://debuginfod.ubuntu.com PYTHONPATH=/home/olhamelnyk/colcon_venv/src/build/recording_controller_pkg/prefix_override:/usr/lib/python3/dist-packages/colcon_core/task/python/colcon_distutils_commands:/home/olhamelnyk/colcon_venv/src/install/recording_controller_pkg/lib/python3.12/site-packages:${PYTHONPATH} /usr/bin/python3 -W ignore:setup.py install is deprecated -W ignore:easy_install command is deprecated setup.py egg_info --egg-base ../build/recording_controller_pkg build --build-base /home/olhamelnyk/colcon_venv/src/build/recording_controller_pkg/build install --record /home/olhamelnyk/colcon_venv/src/build/recording_controller_pkg/install.log --single-version-externally-managed install_data
