running egg_info
creating ../../build/system_controller/system_controller.egg-info
writing ../../build/system_controller/system_controller.egg-info/PKG-INFO
writing dependency_links to ../../build/system_controller/system_controller.egg-info/dependency_links.txt
writing entry points to ../../build/system_controller/system_controller.egg-info/entry_points.txt
writing requirements to ../../build/system_controller/system_controller.egg-info/requires.txt
writing top-level names to ../../build/system_controller/system_controller.egg-info/top_level.txt
writing manifest file '../../build/system_controller/system_controller.egg-info/SOURCES.txt'
reading manifest file '../../build/system_controller/system_controller.egg-info/SOURCES.txt'
writing manifest file '../../build/system_controller/system_controller.egg-info/SOURCES.txt'
running build
running build_py
creating /home/olhamelnyk/colcon_venv/src/build/system_controller/build
creating /home/olhamelnyk/colcon_venv/src/build/system_controller/build/lib
creating /home/olhamelnyk/colcon_venv/src/build/system_controller/build/lib/system_controller
copying system_controller/__init__.py -> /home/olhamelnyk/colcon_venv/src/build/system_controller/build/lib/system_controller
copying system_controller/system_controller_node.py -> /home/olhamelnyk/colcon_venv/src/build/system_controller/build/lib/system_controller
running install
running install_lib
creating /home/olhamelnyk/colcon_venv/src/install/system_controller/lib/python3.12/site-packages/system_controller
copying /home/olhamelnyk/colcon_venv/src/build/system_controller/build/lib/system_controller/__init__.py -> /home/olhamelnyk/colcon_venv/src/install/system_controller/lib/python3.12/site-packages/system_controller
copying /home/olhamelnyk/colcon_venv/src/build/system_controller/build/lib/system_controller/system_controller_node.py -> /home/olhamelnyk/colcon_venv/src/install/system_controller/lib/python3.12/site-packages/system_controller
byte-compiling /home/olhamelnyk/colcon_venv/src/install/system_controller/lib/python3.12/site-packages/system_controller/__init__.py to __init__.cpython-312.pyc
byte-compiling /home/olhamelnyk/colcon_venv/src/install/system_controller/lib/python3.12/site-packages/system_controller/system_controller_node.py to system_controller_node.cpython-312.pyc
running install_data
creating /home/olhamelnyk/colcon_venv/src/install/system_controller/share/ament_index
creating /home/olhamelnyk/colcon_venv/src/install/system_controller/share/ament_index/resource_index
creating /home/olhamelnyk/colcon_venv/src/install/system_controller/share/ament_index/resource_index/packages
copying resource/system_controller -> /home/olhamelnyk/colcon_venv/src/install/system_controller/share/ament_index/resource_index/packages
copying package.xml -> /home/olhamelnyk/colcon_venv/src/install/system_controller/share/system_controller
running install_egg_info
Copying ../../build/system_controller/system_controller.egg-info to /home/olhamelnyk/colcon_venv/src/install/system_controller/lib/python3.12/site-packages/system_controller-0.0.0-py3.12.egg-info
running install_scripts
Installing system_controller script to /home/olhamelnyk/colcon_venv/src/install/system_controller/lib/system_controller
writing list of installed files to '/home/olhamelnyk/colcon_venv/src/build/system_controller/install.log'
