[1.373s] Invoking command in '/home/olhamelnyk/colcon_venv/src/system_controller/system_controller': AMENT_PREFIX_PATH=/home/olhamelnyk/colcon_venv/src/install/egocentric_msg:${AMENT_PREFIX_PATH} CMAKE_PREFIX_PATH=/home/olhamelnyk/colcon_venv/src/install/egocentric_msg:${CMAKE_PREFIX_PATH} DEBUGINFOD_URLS=https://debuginfod.ubuntu.com LD_LIBRARY_PATH=/home/olhamelnyk/colcon_venv/src/install/egocentric_msg/lib:${LD_LIBRARY_PATH} PYTHONPATH=/home/olhamelnyk/colcon_venv/src/build/system_controller/prefix_override:/usr/lib/python3/dist-packages/colcon_core/task/python/colcon_distutils_commands:/home/olhamelnyk/colcon_venv/src/install/system_controller/lib/python3.12/site-packages:/home/olhamelnyk/colcon_venv/src/install/egocentric_msg/lib/python3.12/site-packages:${PYTHONPATH} /usr/bin/python3 -W ignore:setup.py install is deprecated -W ignore:easy_install command is deprecated setup.py egg_info --egg-base ../../build/system_controller build --build-base /home/olhamelnyk/colcon_venv/src/build/system_controller/build install --record /home/olhamelnyk/colcon_venv/src/build/system_controller/install.log --single-version-externally-managed install_data
[1.738s] running egg_info
[1.738s] creating ../../build/system_controller/system_controller.egg-info
[1.770s] writing ../../build/system_controller/system_controller.egg-info/PKG-INFO
[1.770s] writing dependency_links to ../../build/system_controller/system_controller.egg-info/dependency_links.txt
[1.770s] writing entry points to ../../build/system_controller/system_controller.egg-info/entry_points.txt
[1.771s] writing requirements to ../../build/system_controller/system_controller.egg-info/requires.txt
[1.771s] writing top-level names to ../../build/system_controller/system_controller.egg-info/top_level.txt
[1.771s] writing manifest file '../../build/system_controller/system_controller.egg-info/SOURCES.txt'
[1.833s] reading manifest file '../../build/system_controller/system_controller.egg-info/SOURCES.txt'
[1.834s] writing manifest file '../../build/system_controller/system_controller.egg-info/SOURCES.txt'
[1.834s] running build
[1.834s] running build_py
[1.835s] creating /home/olhamelnyk/colcon_venv/src/build/system_controller/build
[1.835s] creating /home/olhamelnyk/colcon_venv/src/build/system_controller/build/lib
[1.835s] creating /home/olhamelnyk/colcon_venv/src/build/system_controller/build/lib/system_controller
[1.835s] copying system_controller/__init__.py -> /home/olhamelnyk/colcon_venv/src/build/system_controller/build/lib/system_controller
[1.835s] copying system_controller/system_controller_node.py -> /home/olhamelnyk/colcon_venv/src/build/system_controller/build/lib/system_controller
[1.836s] running install
[1.842s] running install_lib
[1.873s] creating /home/olhamelnyk/colcon_venv/src/install/system_controller/lib/python3.12/site-packages/system_controller
[1.874s] copying /home/olhamelnyk/colcon_venv/src/build/system_controller/build/lib/system_controller/__init__.py -> /home/olhamelnyk/colcon_venv/src/install/system_controller/lib/python3.12/site-packages/system_controller
[1.874s] copying /home/olhamelnyk/colcon_venv/src/build/system_controller/build/lib/system_controller/system_controller_node.py -> /home/olhamelnyk/colcon_venv/src/install/system_controller/lib/python3.12/site-packages/system_controller
[1.874s] byte-compiling /home/olhamelnyk/colcon_venv/src/install/system_controller/lib/python3.12/site-packages/system_controller/__init__.py to __init__.cpython-312.pyc
[1.874s] byte-compiling /home/olhamelnyk/colcon_venv/src/install/system_controller/lib/python3.12/site-packages/system_controller/system_controller_node.py to system_controller_node.cpython-312.pyc
[1.875s] running install_data
[1.875s] creating /home/olhamelnyk/colcon_venv/src/install/system_controller/share/ament_index
[1.876s] creating /home/olhamelnyk/colcon_venv/src/install/system_controller/share/ament_index/resource_index
[1.876s] creating /home/olhamelnyk/colcon_venv/src/install/system_controller/share/ament_index/resource_index/packages
[1.876s] copying resource/system_controller -> /home/olhamelnyk/colcon_venv/src/install/system_controller/share/ament_index/resource_index/packages
[1.876s] copying package.xml -> /home/olhamelnyk/colcon_venv/src/install/system_controller/share/system_controller
[1.876s] running install_egg_info
[1.908s] Copying ../../build/system_controller/system_controller.egg-info to /home/olhamelnyk/colcon_venv/src/install/system_controller/lib/python3.12/site-packages/system_controller-0.0.0-py3.12.egg-info
[1.910s] running install_scripts
[2.103s] Installing system_controller script to /home/olhamelnyk/colcon_venv/src/install/system_controller/lib/system_controller
[2.103s] writing list of installed files to '/home/olhamelnyk/colcon_venv/src/build/system_controller/install.log'
[2.133s] Invoked command in '/home/olhamelnyk/colcon_venv/src/system_controller/system_controller' returned '0': AMENT_PREFIX_PATH=/home/olhamelnyk/colcon_venv/src/install/egocentric_msg:${AMENT_PREFIX_PATH} CMAKE_PREFIX_PATH=/home/olhamelnyk/colcon_venv/src/install/egocentric_msg:${CMAKE_PREFIX_PATH} DEBUGINFOD_URLS=https://debuginfod.ubuntu.com LD_LIBRARY_PATH=/home/olhamelnyk/colcon_venv/src/install/egocentric_msg/lib:${LD_LIBRARY_PATH} PYTHONPATH=/home/olhamelnyk/colcon_venv/src/build/system_controller/prefix_override:/usr/lib/python3/dist-packages/colcon_core/task/python/colcon_distutils_commands:/home/olhamelnyk/colcon_venv/src/install/system_controller/lib/python3.12/site-packages:/home/olhamelnyk/colcon_venv/src/install/egocentric_msg/lib/python3.12/site-packages:${PYTHONPATH} /usr/bin/python3 -W ignore:setup.py install is deprecated -W ignore:easy_install command is deprecated setup.py egg_info --egg-base ../../build/system_controller build --build-base /home/olhamelnyk/colcon_venv/src/build/system_controller/build install --record /home/olhamelnyk/colcon_venv/src/build/system_controller/install.log --single-version-externally-managed install_data
