[1.742s] Invoking command in '/home/olhamelnyk/colcon_venv/src/pupil_labs_wrapper': DEBUGINFOD_URLS=https://debuginfod.ubuntu.com PYTHONPATH=/home/olhamelnyk/colcon_venv/src/build/pupil_labs_wrapper/prefix_override:/usr/lib/python3/dist-packages/colcon_core/task/python/colcon_distutils_commands:/home/olhamelnyk/colcon_venv/src/install/pupil_labs_wrapper/lib/python3.12/site-packages:/home/olhamelnyk/colcon_venv/src/install/egocentric_msg/lib/python3.12/site-packages:/home/olhamelnyk/colcon_venv/src/install/system_controller/lib/python3.12/site-packages:/home/olhamelnyk/colcon_venv/src/install/pupil_labs_wrapper/lib/python3.12/site-packages:/home/olhamelnyk/colcon_venv/src/install/gaze_video_recorder/lib/python3.12/site-packages:/home/olhamelnyk/colcon_venv/src/install/controller_with_gui/lib/python3.12/site-packages:/opt/ros/jazzy/lib/python3.12/site-packages /usr/bin/python3 -W ignore:setup.py install is deprecated -W ignore:easy_install command is deprecated setup.py egg_info --egg-base ../build/pupil_labs_wrapper build --build-base /home/olhamelnyk/colcon_venv/src/build/pupil_labs_wrapper/build install --record /home/olhamelnyk/colcon_venv/src/build/pupil_labs_wrapper/install.log --single-version-externally-managed install_data
[2.142s] running egg_info
[2.176s] writing ../build/pupil_labs_wrapper/pupil_labs_wrapper.egg-info/PKG-INFO
[2.176s] writing dependency_links to ../build/pupil_labs_wrapper/pupil_labs_wrapper.egg-info/dependency_links.txt
[2.176s] writing entry points to ../build/pupil_labs_wrapper/pupil_labs_wrapper.egg-info/entry_points.txt
[2.177s] writing requirements to ../build/pupil_labs_wrapper/pupil_labs_wrapper.egg-info/requires.txt
[2.177s] writing top-level names to ../build/pupil_labs_wrapper/pupil_labs_wrapper.egg-info/top_level.txt
[2.243s] reading manifest file '../build/pupil_labs_wrapper/pupil_labs_wrapper.egg-info/SOURCES.txt'
[2.244s] adding license file 'LICENSE'
[2.244s] writing manifest file '../build/pupil_labs_wrapper/pupil_labs_wrapper.egg-info/SOURCES.txt'
[2.244s] running build
[2.245s] running build_py
[2.245s] running install
[2.252s] running install_lib
[2.287s] running install_data
[2.287s] running install_egg_info
[2.322s] removing '/home/olhamelnyk/colcon_venv/src/install/pupil_labs_wrapper/lib/python3.12/site-packages/pupil_labs_wrapper-0.0.0-py3.12.egg-info' (and everything under it)
[2.322s] Copying ../build/pupil_labs_wrapper/pupil_labs_wrapper.egg-info to /home/olhamelnyk/colcon_venv/src/install/pupil_labs_wrapper/lib/python3.12/site-packages/pupil_labs_wrapper-0.0.0-py3.12.egg-info
[2.323s] running install_scripts
[2.537s] Installing wrapper script to /home/olhamelnyk/colcon_venv/src/install/pupil_labs_wrapper/lib/pupil_labs_wrapper
[2.537s] writing list of installed files to '/home/olhamelnyk/colcon_venv/src/build/pupil_labs_wrapper/install.log'
[2.587s] Invoked command in '/home/olhamelnyk/colcon_venv/src/pupil_labs_wrapper' returned '0': DEBUGINFOD_URLS=https://debuginfod.ubuntu.com PYTHONPATH=/home/olhamelnyk/colcon_venv/src/build/pupil_labs_wrapper/prefix_override:/usr/lib/python3/dist-packages/colcon_core/task/python/colcon_distutils_commands:/home/olhamelnyk/colcon_venv/src/install/pupil_labs_wrapper/lib/python3.12/site-packages:/home/olhamelnyk/colcon_venv/src/install/egocentric_msg/lib/python3.12/site-packages:/home/olhamelnyk/colcon_venv/src/install/system_controller/lib/python3.12/site-packages:/home/olhamelnyk/colcon_venv/src/install/pupil_labs_wrapper/lib/python3.12/site-packages:/home/olhamelnyk/colcon_venv/src/install/gaze_video_recorder/lib/python3.12/site-packages:/home/olhamelnyk/colcon_venv/src/install/controller_with_gui/lib/python3.12/site-packages:/opt/ros/jazzy/lib/python3.12/site-packages /usr/bin/python3 -W ignore:setup.py install is deprecated -W ignore:easy_install command is deprecated setup.py egg_info --egg-base ../build/pupil_labs_wrapper build --build-base /home/olhamelnyk/colcon_venv/src/build/pupil_labs_wrapper/build install --record /home/olhamelnyk/colcon_venv/src/build/pupil_labs_wrapper/install.log --single-version-externally-managed install_data
