[0.017s] Invoking command in '/home/olhamelnyk/colcon_venv/src/build/egocentric_msg': CMAKE_PREFIX_PATH=${CMAKE_PREFIX_PATH}:/opt/ros/jazzy DEBUGINFOD_URLS=https://debuginfod.ubuntu.com /usr/bin/cmake /home/olhamelnyk/colcon_venv/src/egocentric_msg -DCMAKE_BUILD_TYPE=Release -DAMENT_CMAKE_SYMLINK_INSTALL=1 -DCMAKE_INSTALL_PREFIX=/home/olhamelnyk/colcon_venv/src/install/egocentric_msg
[0.046s] -- Found ament_cmake: 2.5.4 (/opt/ros/jazzy/share/ament_cmake/cmake)
[0.077s] -- Found Python3: /usr/bin/python3 (found version "3.12.3") found components: Interpreter 
[0.160s] -- Override CMake install command with custom implementation using symlinks instead of copying resources
[0.175s] -- Found rosidl_default_generators: 1.6.0 (/opt/ros/jazzy/share/rosidl_default_generators/cmake)
[0.180s] -- Using all available rosidl_typesupport_c: rosidl_typesupport_fastrtps_c;rosidl_typesupport_introspection_c
[0.223s] -- Using all available rosidl_typesupport_cpp: rosidl_typesupport_fastrtps_cpp;rosidl_typesupport_introspection_cpp
[0.258s] -- Found rosidl_adapter: 4.6.5 (/opt/ros/jazzy/share/rosidl_adapter/cmake)
[0.261s] -- Found std_msgs: 5.3.6 (/opt/ros/jazzy/share/std_msgs/cmake)
[0.686s] -- Found ament_cmake_ros: 0.12.0 (/opt/ros/jazzy/share/ament_cmake_ros/cmake)
[0.857s] -- Using all available rosidl_typesupport_c: rosidl_typesupport_fastrtps_c;rosidl_typesupport_introspection_c
[1.062s] -- Using all available rosidl_typesupport_cpp: rosidl_typesupport_fastrtps_cpp;rosidl_typesupport_introspection_cpp
[1.068s] -- Found python_cmake_module: 0.11.1 (/opt/ros/jazzy/share/python_cmake_module/cmake)
[1.505s] -- Found Python3: /usr/bin/python3 (found version "3.12.3") found components: Interpreter Development NumPy Development.Module Development.Embed 
[1.546s] -- Found ament_lint_auto: 0.17.2 (/opt/ros/jazzy/share/ament_lint_auto/cmake)
[1.571s] -- Added test 'lint_cmake' to check CMake code style
[1.572s] -- Added test 'xmllint' to check XML markup files
[1.576s] -- Configuring done (1.5s)
[1.639s] -- Generating done (0.1s)
[1.653s] -- Build files have been written to: /home/olhamelnyk/colcon_venv/src/build/egocentric_msg
[1.662s] Invoked command in '/home/olhamelnyk/colcon_venv/src/build/egocentric_msg' returned '0': CMAKE_PREFIX_PATH=${CMAKE_PREFIX_PATH}:/opt/ros/jazzy DEBUGINFOD_URLS=https://debuginfod.ubuntu.com /usr/bin/cmake /home/olhamelnyk/colcon_venv/src/egocentric_msg -DCMAKE_BUILD_TYPE=Release -DAMENT_CMAKE_SYMLINK_INSTALL=1 -DCMAKE_INSTALL_PREFIX=/home/olhamelnyk/colcon_venv/src/install/egocentric_msg
[1.664s] Invoking command in '/home/olhamelnyk/colcon_venv/src/build/egocentric_msg': CMAKE_PREFIX_PATH=${CMAKE_PREFIX_PATH}:/opt/ros/jazzy DEBUGINFOD_URLS=https://debuginfod.ubuntu.com /usr/bin/cmake --build /home/olhamelnyk/colcon_venv/src/build/egocentric_msg -- -j16 -l16
[1.749s] [  2%] [34m[1mGenerating type hashes for ROS interfaces[0m
[1.750s] failed to create symbolic link '/home/olhamelnyk/colcon_venv/src/build/egocentric_msg/ament_cmake_python/egocentric_msg/egocentric_msg' because existing path cannot be removed: Is a directory
[1.751s] gmake[2]: *** [CMakeFiles/ament_cmake_python_symlink_egocentric_msg.dir/build.make:70: CMakeFiles/ament_cmake_python_symlink_egocentric_msg] Error 1
[1.751s] gmake[1]: *** [CMakeFiles/Makefile2:452: CMakeFiles/ament_cmake_python_symlink_egocentric_msg.dir/all] Error 2
[1.751s] gmake[1]: *** Waiting for unfinished jobs....
[1.993s] [  2%] Built target egocentric_msg__rosidl_generator_type_description
[1.995s] gmake: *** [Makefile:146: all] Error 2
[2.001s] Invoked command in '/home/olhamelnyk/colcon_venv/src/build/egocentric_msg' returned '2': CMAKE_PREFIX_PATH=${CMAKE_PREFIX_PATH}:/opt/ros/jazzy DEBUGINFOD_URLS=https://debuginfod.ubuntu.com /usr/bin/cmake --build /home/olhamelnyk/colcon_venv/src/build/egocentric_msg -- -j16 -l16
