running egg_info
creating ../build/async_pupil_wrapper/async_pupil_wrapper.egg-info
writing ../build/async_pupil_wrapper/async_pupil_wrapper.egg-info/PKG-INFO
writing dependency_links to ../build/async_pupil_wrapper/async_pupil_wrapper.egg-info/dependency_links.txt
writing entry points to ../build/async_pupil_wrapper/async_pupil_wrapper.egg-info/entry_points.txt
writing requirements to ../build/async_pupil_wrapper/async_pupil_wrapper.egg-info/requires.txt
writing top-level names to ../build/async_pupil_wrapper/async_pupil_wrapper.egg-info/top_level.txt
writing manifest file '../build/async_pupil_wrapper/async_pupil_wrapper.egg-info/SOURCES.txt'
reading manifest file '../build/async_pupil_wrapper/async_pupil_wrapper.egg-info/SOURCES.txt'
adding license file 'LICENSE'
writing manifest file '../build/async_pupil_wrapper/async_pupil_wrapper.egg-info/SOURCES.txt'
running build
running build_py
creating /home/olhamelnyk/colcon_venv/src/build/async_pupil_wrapper/build
creating /home/olhamelnyk/colcon_venv/src/build/async_pupil_wrapper/build/lib
creating /home/olhamelnyk/colcon_venv/src/build/async_pupil_wrapper/build/lib/async_pupil_wrapper
copying async_pupil_wrapper/async_pupil_wrapper.py -> /home/olhamelnyk/colcon_venv/src/build/async_pupil_wrapper/build/lib/async_pupil_wrapper
copying async_pupil_wrapper/__init__.py -> /home/olhamelnyk/colcon_venv/src/build/async_pupil_wrapper/build/lib/async_pupil_wrapper
running install
running install_lib
creating /home/olhamelnyk/colcon_venv/src/install/async_pupil_wrapper/lib/python3.12/site-packages/async_pupil_wrapper
copying /home/olhamelnyk/colcon_venv/src/build/async_pupil_wrapper/build/lib/async_pupil_wrapper/async_pupil_wrapper.py -> /home/olhamelnyk/colcon_venv/src/install/async_pupil_wrapper/lib/python3.12/site-packages/async_pupil_wrapper
copying /home/olhamelnyk/colcon_venv/src/build/async_pupil_wrapper/build/lib/async_pupil_wrapper/__init__.py -> /home/olhamelnyk/colcon_venv/src/install/async_pupil_wrapper/lib/python3.12/site-packages/async_pupil_wrapper
byte-compiling /home/olhamelnyk/colcon_venv/src/install/async_pupil_wrapper/lib/python3.12/site-packages/async_pupil_wrapper/async_pupil_wrapper.py to async_pupil_wrapper.cpython-312.pyc
byte-compiling /home/olhamelnyk/colcon_venv/src/install/async_pupil_wrapper/lib/python3.12/site-packages/async_pupil_wrapper/__init__.py to __init__.cpython-312.pyc
running install_data
creating /home/olhamelnyk/colcon_venv/src/install/async_pupil_wrapper/share/ament_index
creating /home/olhamelnyk/colcon_venv/src/install/async_pupil_wrapper/share/ament_index/resource_index
creating /home/olhamelnyk/colcon_venv/src/install/async_pupil_wrapper/share/ament_index/resource_index/packages
copying resource/async_pupil_wrapper -> /home/olhamelnyk/colcon_venv/src/install/async_pupil_wrapper/share/ament_index/resource_index/packages
copying package.xml -> /home/olhamelnyk/colcon_venv/src/install/async_pupil_wrapper/share/async_pupil_wrapper
running install_egg_info
Copying ../build/async_pupil_wrapper/async_pupil_wrapper.egg-info to /home/olhamelnyk/colcon_venv/src/install/async_pupil_wrapper/lib/python3.12/site-packages/async_pupil_wrapper-0.0.0-py3.12.egg-info
running install_scripts
Installing async_pupil_wrapper script to /home/olhamelnyk/colcon_venv/src/install/async_pupil_wrapper/lib/async_pupil_wrapper
writing list of installed files to '/home/olhamelnyk/colcon_venv/src/build/async_pupil_wrapper/install.log'
