[1.439s] Invoking command in '/home/olhamelnyk/colcon_venv/src/async_pupil_wrapper': AMENT_PREFIX_PATH=/home/olhamelnyk/colcon_venv/src/install/imu_interface:${AMENT_PREFIX_PATH} CMAKE_PREFIX_PATH=/home/olhamelnyk/colcon_venv/src/install/imu_interface:${CMAKE_PREFIX_PATH} DEBUGINFOD_URLS=https://debuginfod.ubuntu.com LD_LIBRARY_PATH=/home/olhamelnyk/colcon_venv/src/install/imu_interface/lib:${LD_LIBRARY_PATH} PYTHONPATH=/home/olhamelnyk/colcon_venv/src/build/async_pupil_wrapper/prefix_override:/usr/lib/python3/dist-packages/colcon_core/task/python/colcon_distutils_commands:/home/olhamelnyk/colcon_venv/src/install/async_pupil_wrapper/lib/python3.12/site-packages:/home/olhamelnyk/colcon_venv/src/install/imu_interface/lib/python3.12/site-packages:${PYTHONPATH} /usr/bin/python3 -W ignore:setup.py install is deprecated -W ignore:easy_install command is deprecated setup.py egg_info --egg-base ../build/async_pupil_wrapper build --build-base /home/olhamelnyk/colcon_venv/src/build/async_pupil_wrapper/build install --record /home/olhamelnyk/colcon_venv/src/build/async_pupil_wrapper/install.log --single-version-externally-managed install_data
[1.902s] running egg_info
[1.902s] creating ../build/async_pupil_wrapper/async_pupil_wrapper.egg-info
[1.940s] writing ../build/async_pupil_wrapper/async_pupil_wrapper.egg-info/PKG-INFO
[1.940s] writing dependency_links to ../build/async_pupil_wrapper/async_pupil_wrapper.egg-info/dependency_links.txt
[1.941s] writing entry points to ../build/async_pupil_wrapper/async_pupil_wrapper.egg-info/entry_points.txt
[1.941s] writing requirements to ../build/async_pupil_wrapper/async_pupil_wrapper.egg-info/requires.txt
[1.942s] writing top-level names to ../build/async_pupil_wrapper/async_pupil_wrapper.egg-info/top_level.txt
[1.942s] writing manifest file '../build/async_pupil_wrapper/async_pupil_wrapper.egg-info/SOURCES.txt'
[2.017s] reading manifest file '../build/async_pupil_wrapper/async_pupil_wrapper.egg-info/SOURCES.txt'
[2.017s] adding license file 'LICENSE'
[2.018s] writing manifest file '../build/async_pupil_wrapper/async_pupil_wrapper.egg-info/SOURCES.txt'
[2.018s] running build
[2.019s] running build_py
[2.019s] creating /home/olhamelnyk/colcon_venv/src/build/async_pupil_wrapper/build
[2.019s] creating /home/olhamelnyk/colcon_venv/src/build/async_pupil_wrapper/build/lib
[2.020s] creating /home/olhamelnyk/colcon_venv/src/build/async_pupil_wrapper/build/lib/async_pupil_wrapper
[2.020s] copying async_pupil_wrapper/async_pupil_wrapper.py -> /home/olhamelnyk/colcon_venv/src/build/async_pupil_wrapper/build/lib/async_pupil_wrapper
[2.021s] copying async_pupil_wrapper/__init__.py -> /home/olhamelnyk/colcon_venv/src/build/async_pupil_wrapper/build/lib/async_pupil_wrapper
[2.021s] running install
[2.027s] running install_lib
[2.068s] creating /home/olhamelnyk/colcon_venv/src/install/async_pupil_wrapper/lib/python3.12/site-packages/async_pupil_wrapper
[2.068s] copying /home/olhamelnyk/colcon_venv/src/build/async_pupil_wrapper/build/lib/async_pupil_wrapper/async_pupil_wrapper.py -> /home/olhamelnyk/colcon_venv/src/install/async_pupil_wrapper/lib/python3.12/site-packages/async_pupil_wrapper
[2.069s] copying /home/olhamelnyk/colcon_venv/src/build/async_pupil_wrapper/build/lib/async_pupil_wrapper/__init__.py -> /home/olhamelnyk/colcon_venv/src/install/async_pupil_wrapper/lib/python3.12/site-packages/async_pupil_wrapper
[2.069s] byte-compiling /home/olhamelnyk/colcon_venv/src/install/async_pupil_wrapper/lib/python3.12/site-packages/async_pupil_wrapper/async_pupil_wrapper.py to async_pupil_wrapper.cpython-312.pyc
[2.074s] byte-compiling /home/olhamelnyk/colcon_venv/src/install/async_pupil_wrapper/lib/python3.12/site-packages/async_pupil_wrapper/__init__.py to __init__.cpython-312.pyc
[2.075s] running install_data
[2.075s] creating /home/olhamelnyk/colcon_venv/src/install/async_pupil_wrapper/share/ament_index
[2.075s] creating /home/olhamelnyk/colcon_venv/src/install/async_pupil_wrapper/share/ament_index/resource_index
[2.075s] creating /home/olhamelnyk/colcon_venv/src/install/async_pupil_wrapper/share/ament_index/resource_index/packages
[2.076s] copying resource/async_pupil_wrapper -> /home/olhamelnyk/colcon_venv/src/install/async_pupil_wrapper/share/ament_index/resource_index/packages
[2.076s] copying package.xml -> /home/olhamelnyk/colcon_venv/src/install/async_pupil_wrapper/share/async_pupil_wrapper
[2.076s] running install_egg_info
[2.121s] Copying ../build/async_pupil_wrapper/async_pupil_wrapper.egg-info to /home/olhamelnyk/colcon_venv/src/install/async_pupil_wrapper/lib/python3.12/site-packages/async_pupil_wrapper-0.0.0-py3.12.egg-info
[2.122s] running install_scripts
[2.360s] Installing async_pupil_wrapper script to /home/olhamelnyk/colcon_venv/src/install/async_pupil_wrapper/lib/async_pupil_wrapper
[2.361s] writing list of installed files to '/home/olhamelnyk/colcon_venv/src/build/async_pupil_wrapper/install.log'
[2.402s] Invoked command in '/home/olhamelnyk/colcon_venv/src/async_pupil_wrapper' returned '0': AMENT_PREFIX_PATH=/home/olhamelnyk/colcon_venv/src/install/imu_interface:${AMENT_PREFIX_PATH} CMAKE_PREFIX_PATH=/home/olhamelnyk/colcon_venv/src/install/imu_interface:${CMAKE_PREFIX_PATH} DEBUGINFOD_URLS=https://debuginfod.ubuntu.com LD_LIBRARY_PATH=/home/olhamelnyk/colcon_venv/src/install/imu_interface/lib:${LD_LIBRARY_PATH} PYTHONPATH=/home/olhamelnyk/colcon_venv/src/build/async_pupil_wrapper/prefix_override:/usr/lib/python3/dist-packages/colcon_core/task/python/colcon_distutils_commands:/home/olhamelnyk/colcon_venv/src/install/async_pupil_wrapper/lib/python3.12/site-packages:/home/olhamelnyk/colcon_venv/src/install/imu_interface/lib/python3.12/site-packages:${PYTHONPATH} /usr/bin/python3 -W ignore:setup.py install is deprecated -W ignore:easy_install command is deprecated setup.py egg_info --egg-base ../build/async_pupil_wrapper build --build-base /home/olhamelnyk/colcon_venv/src/build/async_pupil_wrapper/build install --record /home/olhamelnyk/colcon_venv/src/build/async_pupil_wrapper/install.log --single-version-externally-managed install_data
