[0.034s] Invoking command in '/home/olhamelnyk/colcon_venv/src/build/recording_scene_cpp': CMAKE_PREFIX_PATH=${CMAKE_PREFIX_PATH}:/home/olhamelnyk/colcon_venv/install/recording_controller_pkg:/home/olhamelnyk/colcon_venv/install/zed_mini:/home/olhamelnyk/colcon_venv/install/tf_recording:/home/olhamelnyk/colcon_venv/install/recording_zed_rgb:/home/olhamelnyk/colcon_venv/install/recording_zed_depth_rgb:/home/olhamelnyk/colcon_venv/install/recording_zed_depth:/home/olhamelnyk/colcon_venv/install/recording_scene_python:/home/olhamelnyk/colcon_venv/install/recording_scene:/home/olhamelnyk/colcon_venv/install/recording_imu:/home/olhamelnyk/colcon_venv/install/recording_gaze:/home/olhamelnyk/colcon_venv/install/recording_blink:/home/olhamelnyk/colcon_venv/install/pupil_labs_wrapper:/home/olhamelnyk/colcon_venv/install/latency_tools:/home/olhamelnyk/colcon_venv/install/async_pupil_wrapper:/opt/ros/jazzy DEBUGINFOD_URLS=https://debuginfod.ubuntu.com /usr/bin/cmake --build /home/olhamelnyk/colcon_venv/src/build/recording_scene_cpp -- -j16 -l16
[0.236s] [ 50%] Building CXX object CMakeFiles/scene_recorder_node.dir/src/scene_recorder_node.cpp.o
[24.595s] [100%] Linking CXX executable scene_recorder_node
[27.306s] [100%] Built target scene_recorder_node
[27.343s] Invoked command in '/home/olhamelnyk/colcon_venv/src/build/recording_scene_cpp' returned '0': CMAKE_PREFIX_PATH=${CMAKE_PREFIX_PATH}:/home/olhamelnyk/colcon_venv/install/recording_controller_pkg:/home/olhamelnyk/colcon_venv/install/zed_mini:/home/olhamelnyk/colcon_venv/install/tf_recording:/home/olhamelnyk/colcon_venv/install/recording_zed_rgb:/home/olhamelnyk/colcon_venv/install/recording_zed_depth_rgb:/home/olhamelnyk/colcon_venv/install/recording_zed_depth:/home/olhamelnyk/colcon_venv/install/recording_scene_python:/home/olhamelnyk/colcon_venv/install/recording_scene:/home/olhamelnyk/colcon_venv/install/recording_imu:/home/olhamelnyk/colcon_venv/install/recording_gaze:/home/olhamelnyk/colcon_venv/install/recording_blink:/home/olhamelnyk/colcon_venv/install/pupil_labs_wrapper:/home/olhamelnyk/colcon_venv/install/latency_tools:/home/olhamelnyk/colcon_venv/install/async_pupil_wrapper:/opt/ros/jazzy DEBUGINFOD_URLS=https://debuginfod.ubuntu.com /usr/bin/cmake --build /home/olhamelnyk/colcon_venv/src/build/recording_scene_cpp -- -j16 -l16
[27.376s] Invoking command in '/home/olhamelnyk/colcon_venv/src/build/recording_scene_cpp': CMAKE_PREFIX_PATH=${CMAKE_PREFIX_PATH}:/home/olhamelnyk/colcon_venv/install/recording_controller_pkg:/home/olhamelnyk/colcon_venv/install/zed_mini:/home/olhamelnyk/colcon_venv/install/tf_recording:/home/olhamelnyk/colcon_venv/install/recording_zed_rgb:/home/olhamelnyk/colcon_venv/install/recording_zed_depth_rgb:/home/olhamelnyk/colcon_venv/install/recording_zed_depth:/home/olhamelnyk/colcon_venv/install/recording_scene_python:/home/olhamelnyk/colcon_venv/install/recording_scene:/home/olhamelnyk/colcon_venv/install/recording_imu:/home/olhamelnyk/colcon_venv/install/recording_gaze:/home/olhamelnyk/colcon_venv/install/recording_blink:/home/olhamelnyk/colcon_venv/install/pupil_labs_wrapper:/home/olhamelnyk/colcon_venv/install/latency_tools:/home/olhamelnyk/colcon_venv/install/async_pupil_wrapper:/opt/ros/jazzy DEBUGINFOD_URLS=https://debuginfod.ubuntu.com /usr/bin/cmake --install /home/olhamelnyk/colcon_venv/src/build/recording_scene_cpp
[27.407s] -- Install configuration: ""
[27.408s] -- Installing: /home/olhamelnyk/colcon_venv/src/install/recording_scene_cpp/lib/recording_scene_cpp/scene_recorder_node
[27.425s] -- Set non-toolchain portion of runtime path of "/home/olhamelnyk/colcon_venv/src/install/recording_scene_cpp/lib/recording_scene_cpp/scene_recorder_node" to ""
[27.425s] -- Up-to-date: /home/olhamelnyk/colcon_venv/src/install/recording_scene_cpp/share/ament_index/resource_index/package_run_dependencies/recording_scene_cpp
[27.425s] -- Up-to-date: /home/olhamelnyk/colcon_venv/src/install/recording_scene_cpp/share/ament_index/resource_index/parent_prefix_path/recording_scene_cpp
[27.425s] -- Up-to-date: /home/olhamelnyk/colcon_venv/src/install/recording_scene_cpp/share/recording_scene_cpp/environment/ament_prefix_path.sh
[27.426s] -- Up-to-date: /home/olhamelnyk/colcon_venv/src/install/recording_scene_cpp/share/recording_scene_cpp/environment/ament_prefix_path.dsv
[27.426s] -- Up-to-date: /home/olhamelnyk/colcon_venv/src/install/recording_scene_cpp/share/recording_scene_cpp/environment/path.sh
[27.426s] -- Up-to-date: /home/olhamelnyk/colcon_venv/src/install/recording_scene_cpp/share/recording_scene_cpp/environment/path.dsv
[27.426s] -- Up-to-date: /home/olhamelnyk/colcon_venv/src/install/recording_scene_cpp/share/recording_scene_cpp/local_setup.bash
[27.426s] -- Up-to-date: /home/olhamelnyk/colcon_venv/src/install/recording_scene_cpp/share/recording_scene_cpp/local_setup.sh
[27.426s] -- Up-to-date: /home/olhamelnyk/colcon_venv/src/install/recording_scene_cpp/share/recording_scene_cpp/local_setup.zsh
[27.426s] -- Up-to-date: /home/olhamelnyk/colcon_venv/src/install/recording_scene_cpp/share/recording_scene_cpp/local_setup.dsv
[27.426s] -- Installing: /home/olhamelnyk/colcon_venv/src/install/recording_scene_cpp/share/recording_scene_cpp/package.dsv
[27.427s] -- Up-to-date: /home/olhamelnyk/colcon_venv/src/install/recording_scene_cpp/share/ament_index/resource_index/packages/recording_scene_cpp
[27.427s] -- Up-to-date: /home/olhamelnyk/colcon_venv/src/install/recording_scene_cpp/share/recording_scene_cpp/cmake/recording_scene_cppConfig.cmake
[27.427s] -- Up-to-date: /home/olhamelnyk/colcon_venv/src/install/recording_scene_cpp/share/recording_scene_cpp/cmake/recording_scene_cppConfig-version.cmake
[27.427s] -- Up-to-date: /home/olhamelnyk/colcon_venv/src/install/recording_scene_cpp/share/recording_scene_cpp/package.xml
[27.434s] Invoked command in '/home/olhamelnyk/colcon_venv/src/build/recording_scene_cpp' returned '0': CMAKE_PREFIX_PATH=${CMAKE_PREFIX_PATH}:/home/olhamelnyk/colcon_venv/install/recording_controller_pkg:/home/olhamelnyk/colcon_venv/install/zed_mini:/home/olhamelnyk/colcon_venv/install/tf_recording:/home/olhamelnyk/colcon_venv/install/recording_zed_rgb:/home/olhamelnyk/colcon_venv/install/recording_zed_depth_rgb:/home/olhamelnyk/colcon_venv/install/recording_zed_depth:/home/olhamelnyk/colcon_venv/install/recording_scene_python:/home/olhamelnyk/colcon_venv/install/recording_scene:/home/olhamelnyk/colcon_venv/install/recording_imu:/home/olhamelnyk/colcon_venv/install/recording_gaze:/home/olhamelnyk/colcon_venv/install/recording_blink:/home/olhamelnyk/colcon_venv/install/pupil_labs_wrapper:/home/olhamelnyk/colcon_venv/install/latency_tools:/home/olhamelnyk/colcon_venv/install/async_pupil_wrapper:/opt/ros/jazzy DEBUGINFOD_URLS=https://debuginfod.ubuntu.com /usr/bin/cmake --install /home/olhamelnyk/colcon_venv/src/build/recording_scene_cpp
