running egg_info
creating ../build/recording_scene_python/recording_scene_python.egg-info
writing ../build/recording_scene_python/recording_scene_python.egg-info/PKG-INFO
writing dependency_links to ../build/recording_scene_python/recording_scene_python.egg-info/dependency_links.txt
writing entry points to ../build/recording_scene_python/recording_scene_python.egg-info/entry_points.txt
writing requirements to ../build/recording_scene_python/recording_scene_python.egg-info/requires.txt
writing top-level names to ../build/recording_scene_python/recording_scene_python.egg-info/top_level.txt
writing manifest file '../build/recording_scene_python/recording_scene_python.egg-info/SOURCES.txt'
reading manifest file '../build/recording_scene_python/recording_scene_python.egg-info/SOURCES.txt'
adding license file 'LICENSE'
writing manifest file '../build/recording_scene_python/recording_scene_python.egg-info/SOURCES.txt'
running build
running build_py
creating /home/olhamelnyk/colcon_venv/src/build/recording_scene_python/build
creating /home/olhamelnyk/colcon_venv/src/build/recording_scene_python/build/lib
creating /home/olhamelnyk/colcon_venv/src/build/recording_scene_python/build/lib/recording_scene_python
copying recording_scene_python/__init__.py -> /home/olhamelnyk/colcon_venv/src/build/recording_scene_python/build/lib/recording_scene_python
copying recording_scene_python/recording_scene.py -> /home/olhamelnyk/colcon_venv/src/build/recording_scene_python/build/lib/recording_scene_python
running install
running install_lib
creating /home/olhamelnyk/colcon_venv/src/install/recording_scene_python/lib/python3.12/site-packages/recording_scene_python
copying /home/olhamelnyk/colcon_venv/src/build/recording_scene_python/build/lib/recording_scene_python/__init__.py -> /home/olhamelnyk/colcon_venv/src/install/recording_scene_python/lib/python3.12/site-packages/recording_scene_python
copying /home/olhamelnyk/colcon_venv/src/build/recording_scene_python/build/lib/recording_scene_python/recording_scene.py -> /home/olhamelnyk/colcon_venv/src/install/recording_scene_python/lib/python3.12/site-packages/recording_scene_python
byte-compiling /home/olhamelnyk/colcon_venv/src/install/recording_scene_python/lib/python3.12/site-packages/recording_scene_python/__init__.py to __init__.cpython-312.pyc
byte-compiling /home/olhamelnyk/colcon_venv/src/install/recording_scene_python/lib/python3.12/site-packages/recording_scene_python/recording_scene.py to recording_scene.cpython-312.pyc
running install_data
creating /home/olhamelnyk/colcon_venv/src/install/recording_scene_python/share/ament_index
creating /home/olhamelnyk/colcon_venv/src/install/recording_scene_python/share/ament_index/resource_index
creating /home/olhamelnyk/colcon_venv/src/install/recording_scene_python/share/ament_index/resource_index/packages
copying resource/recording_scene_python -> /home/olhamelnyk/colcon_venv/src/install/recording_scene_python/share/ament_index/resource_index/packages
copying package.xml -> /home/olhamelnyk/colcon_venv/src/install/recording_scene_python/share/recording_scene_python
running install_egg_info
Copying ../build/recording_scene_python/recording_scene_python.egg-info to /home/olhamelnyk/colcon_venv/src/install/recording_scene_python/lib/python3.12/site-packages/recording_scene_python-0.0.0-py3.12.egg-info
running install_scripts
Installing recording_scene_python script to /home/olhamelnyk/colcon_venv/src/install/recording_scene_python/lib/recording_scene_python
writing list of installed files to '/home/olhamelnyk/colcon_venv/src/build/recording_scene_python/install.log'
