[2.549s] Invoking command in '/home/olhamelnyk/colcon_venv/src/recording_scene_python': DEBUGINFOD_URLS=https://debuginfod.ubuntu.com PYTHONPATH=/home/olhamelnyk/colcon_venv/src/build/recording_scene_python/prefix_override:/usr/lib/python3/dist-packages/colcon_core/task/python/colcon_distutils_commands:/home/olhamelnyk/colcon_venv/src/install/recording_scene_python/lib/python3.12/site-packages:${PYTHONPATH} /usr/bin/python3 -W ignore:setup.py install is deprecated -W ignore:easy_install command is deprecated setup.py egg_info --egg-base ../build/recording_scene_python build --build-base /home/olhamelnyk/colcon_venv/src/build/recording_scene_python/build install --record /home/olhamelnyk/colcon_venv/src/build/recording_scene_python/install.log --single-version-externally-managed install_data
[3.216s] running egg_info
[3.216s] creating ../build/recording_scene_python/recording_scene_python.egg-info
[3.269s] writing ../build/recording_scene_python/recording_scene_python.egg-info/PKG-INFO
[3.270s] writing dependency_links to ../build/recording_scene_python/recording_scene_python.egg-info/dependency_links.txt
[3.271s] writing entry points to ../build/recording_scene_python/recording_scene_python.egg-info/entry_points.txt
[3.271s] writing requirements to ../build/recording_scene_python/recording_scene_python.egg-info/requires.txt
[3.271s] writing top-level names to ../build/recording_scene_python/recording_scene_python.egg-info/top_level.txt
[3.272s] writing manifest file '../build/recording_scene_python/recording_scene_python.egg-info/SOURCES.txt'
[3.380s] reading manifest file '../build/recording_scene_python/recording_scene_python.egg-info/SOURCES.txt'
[3.381s] adding license file 'LICENSE'
[3.382s] writing manifest file '../build/recording_scene_python/recording_scene_python.egg-info/SOURCES.txt'
[3.383s] running build
[3.383s] running build_py
[3.383s] creating /home/olhamelnyk/colcon_venv/src/build/recording_scene_python/build
[3.384s] creating /home/olhamelnyk/colcon_venv/src/build/recording_scene_python/build/lib
[3.384s] creating /home/olhamelnyk/colcon_venv/src/build/recording_scene_python/build/lib/recording_scene_python
[3.385s] copying recording_scene_python/__init__.py -> /home/olhamelnyk/colcon_venv/src/build/recording_scene_python/build/lib/recording_scene_python
[3.385s] copying recording_scene_python/recording_scene.py -> /home/olhamelnyk/colcon_venv/src/build/recording_scene_python/build/lib/recording_scene_python
[3.386s] running install
[3.395s] running install_lib
[3.458s] creating /home/olhamelnyk/colcon_venv/src/install/recording_scene_python/lib/python3.12/site-packages/recording_scene_python
[3.458s] copying /home/olhamelnyk/colcon_venv/src/build/recording_scene_python/build/lib/recording_scene_python/__init__.py -> /home/olhamelnyk/colcon_venv/src/install/recording_scene_python/lib/python3.12/site-packages/recording_scene_python
[3.459s] copying /home/olhamelnyk/colcon_venv/src/build/recording_scene_python/build/lib/recording_scene_python/recording_scene.py -> /home/olhamelnyk/colcon_venv/src/install/recording_scene_python/lib/python3.12/site-packages/recording_scene_python
[3.460s] byte-compiling /home/olhamelnyk/colcon_venv/src/install/recording_scene_python/lib/python3.12/site-packages/recording_scene_python/__init__.py to __init__.cpython-312.pyc
[3.460s] byte-compiling /home/olhamelnyk/colcon_venv/src/install/recording_scene_python/lib/python3.12/site-packages/recording_scene_python/recording_scene.py to recording_scene.cpython-312.pyc
[3.469s] running install_data
[3.471s] creating /home/olhamelnyk/colcon_venv/src/install/recording_scene_python/share/ament_index
[3.472s] creating /home/olhamelnyk/colcon_venv/src/install/recording_scene_python/share/ament_index/resource_index
[3.472s] creating /home/olhamelnyk/colcon_venv/src/install/recording_scene_python/share/ament_index/resource_index/packages
[3.472s] copying resource/recording_scene_python -> /home/olhamelnyk/colcon_venv/src/install/recording_scene_python/share/ament_index/resource_index/packages
[3.472s] copying package.xml -> /home/olhamelnyk/colcon_venv/src/install/recording_scene_python/share/recording_scene_python
[3.472s] running install_egg_info
[3.575s] Copying ../build/recording_scene_python/recording_scene_python.egg-info to /home/olhamelnyk/colcon_venv/src/install/recording_scene_python/lib/python3.12/site-packages/recording_scene_python-0.0.0-py3.12.egg-info
[3.578s] running install_scripts
[4.041s] Installing recording_scene_python script to /home/olhamelnyk/colcon_venv/src/install/recording_scene_python/lib/recording_scene_python
[4.041s] writing list of installed files to '/home/olhamelnyk/colcon_venv/src/build/recording_scene_python/install.log'
[4.219s] Invoked command in '/home/olhamelnyk/colcon_venv/src/recording_scene_python' returned '0': DEBUGINFOD_URLS=https://debuginfod.ubuntu.com PYTHONPATH=/home/olhamelnyk/colcon_venv/src/build/recording_scene_python/prefix_override:/usr/lib/python3/dist-packages/colcon_core/task/python/colcon_distutils_commands:/home/olhamelnyk/colcon_venv/src/install/recording_scene_python/lib/python3.12/site-packages:${PYTHONPATH} /usr/bin/python3 -W ignore:setup.py install is deprecated -W ignore:easy_install command is deprecated setup.py egg_info --egg-base ../build/recording_scene_python build --build-base /home/olhamelnyk/colcon_venv/src/build/recording_scene_python/build install --record /home/olhamelnyk/colcon_venv/src/build/recording_scene_python/install.log --single-version-externally-managed install_data
