[0.015s] Invoking command in '/home/olhamelnyk/colcon_venv/src/build/egocentric_msg': CMAKE_PREFIX_PATH=${CMAKE_PREFIX_PATH}:/opt/ros/jazzy DEBUGINFOD_URLS=https://debuginfod.ubuntu.com /usr/bin/cmake --build /home/olhamelnyk/colcon_venv/src/build/egocentric_msg -- -j16 -l16
[0.095s] [  2%] Built target egocentric_msg__rosidl_generator_type_description
[0.111s] [  2%] Built target ament_cmake_python_copy_egocentric_msg
[0.126s] [ 14%] Built target egocentric_msg__cpp
[0.126s] [ 20%] Built target egocentric_msg__rosidl_generator_c
[0.162s] [ 55%] Built target egocentric_msg__rosidl_typesupport_fastrtps_c
[0.162s] [ 55%] Built target egocentric_msg__rosidl_typesupport_c
[0.162s] [ 55%] Built target egocentric_msg__rosidl_typesupport_introspection_c
[0.162s] [ 55%] Built target egocentric_msg__rosidl_typesupport_introspection_cpp
[0.164s] [ 64%] Built target egocentric_msg__rosidl_typesupport_cpp
[0.170s] [ 73%] Built target egocentric_msg__rosidl_typesupport_fastrtps_cpp
[0.202s] [ 73%] Built target egocentric_msg
[0.230s] [ 76%] Built target egocentric_msg__py
[0.260s] [ 82%] Built target egocentric_msg__rosidl_generator_py
[0.292s] [ 94%] Built target egocentric_msg_s__rosidl_typesupport_fastrtps_c
[0.292s] [ 94%] Built target egocentric_msg_s__rosidl_typesupport_introspection_c
[0.309s] [100%] Built target egocentric_msg_s__rosidl_typesupport_c
[0.438s] running egg_info
[0.472s] writing egocentric_msg.egg-info/PKG-INFO
[0.472s] writing dependency_links to egocentric_msg.egg-info/dependency_links.txt
[0.472s] writing top-level names to egocentric_msg.egg-info/top_level.txt
[0.574s] reading manifest file 'egocentric_msg.egg-info/SOURCES.txt'
[0.574s] writing manifest file 'egocentric_msg.egg-info/SOURCES.txt'
[0.609s] [100%] Built target ament_cmake_python_build_egocentric_msg_egg
[0.627s] Invoked command in '/home/olhamelnyk/colcon_venv/src/build/egocentric_msg' returned '0': CMAKE_PREFIX_PATH=${CMAKE_PREFIX_PATH}:/opt/ros/jazzy DEBUGINFOD_URLS=https://debuginfod.ubuntu.com /usr/bin/cmake --build /home/olhamelnyk/colcon_venv/src/build/egocentric_msg -- -j16 -l16
[0.643s] Invoking command in '/home/olhamelnyk/colcon_venv/src/build/egocentric_msg': CMAKE_PREFIX_PATH=${CMAKE_PREFIX_PATH}:/opt/ros/jazzy DEBUGINFOD_URLS=https://debuginfod.ubuntu.com /usr/bin/cmake --install /home/olhamelnyk/colcon_venv/src/build/egocentric_msg
[0.664s] -- Install configuration: ""
[0.664s] -- Up-to-date: /home/olhamelnyk/colcon_venv/src/install/egocentric_msg/share/ament_index/resource_index/rosidl_interfaces/egocentric_msg
[0.664s] -- Up-to-date: /home/olhamelnyk/colcon_venv/src/install/egocentric_msg/share/egocentric_msg/msg/GazeData.json
[0.664s] -- Up-to-date: /home/olhamelnyk/colcon_venv/src/install/egocentric_msg/include/egocentric_msg/egocentric_msg
[0.665s] -- Up-to-date: /home/olhamelnyk/colcon_venv/src/install/egocentric_msg/include/egocentric_msg/egocentric_msg/msg
[0.665s] -- Up-to-date: /home/olhamelnyk/colcon_venv/src/install/egocentric_msg/include/egocentric_msg/egocentric_msg/msg/rosidl_generator_c__visibility_control.h
[0.665s] -- Up-to-date: /home/olhamelnyk/colcon_venv/src/install/egocentric_msg/include/egocentric_msg/egocentric_msg/msg/detail
[0.665s] -- Up-to-date: /home/olhamelnyk/colcon_venv/src/install/egocentric_msg/include/egocentric_msg/egocentric_msg/msg/detail/gaze_data__description.c
[0.666s] -- Up-to-date: /home/olhamelnyk/colcon_venv/src/install/egocentric_msg/include/egocentric_msg/egocentric_msg/msg/detail/gaze_data__functions.c
[0.666s] -- Up-to-date: /home/olhamelnyk/colcon_venv/src/install/egocentric_msg/include/egocentric_msg/egocentric_msg/msg/detail/gaze_data__struct.h
[0.666s] -- Up-to-date: /home/olhamelnyk/colcon_venv/src/install/egocentric_msg/include/egocentric_msg/egocentric_msg/msg/detail/gaze_data__type_support.h
[0.666s] -- Up-to-date: /home/olhamelnyk/colcon_venv/src/install/egocentric_msg/include/egocentric_msg/egocentric_msg/msg/detail/gaze_data__type_support.c
[0.666s] -- Up-to-date: /home/olhamelnyk/colcon_venv/src/install/egocentric_msg/include/egocentric_msg/egocentric_msg/msg/detail/gaze_data__functions.h
[0.667s] -- Up-to-date: /home/olhamelnyk/colcon_venv/src/install/egocentric_msg/include/egocentric_msg/egocentric_msg/msg/gaze_data.h
[0.667s] -- Up-to-date: /home/olhamelnyk/colcon_venv/src/install/egocentric_msg/share/egocentric_msg/environment/library_path.sh
[0.667s] -- Up-to-date: /home/olhamelnyk/colcon_venv/src/install/egocentric_msg/share/egocentric_msg/environment/library_path.dsv
[0.667s] -- Up-to-date: /home/olhamelnyk/colcon_venv/src/install/egocentric_msg/lib/libegocentric_msg__rosidl_generator_c.so
[0.668s] -- Up-to-date: /home/olhamelnyk/colcon_venv/src/install/egocentric_msg/include/egocentric_msg/egocentric_msg
[0.668s] -- Up-to-date: /home/olhamelnyk/colcon_venv/src/install/egocentric_msg/include/egocentric_msg/egocentric_msg/msg
[0.668s] -- Up-to-date: /home/olhamelnyk/colcon_venv/src/install/egocentric_msg/include/egocentric_msg/egocentric_msg/msg/detail
[0.668s] -- Up-to-date: /home/olhamelnyk/colcon_venv/src/install/egocentric_msg/include/egocentric_msg/egocentric_msg/msg/detail/gaze_data__rosidl_typesupport_fastrtps_c.h
[0.669s] -- Up-to-date: /home/olhamelnyk/colcon_venv/src/install/egocentric_msg/include/egocentric_msg/egocentric_msg/msg/rosidl_typesupport_fastrtps_c__visibility_control.h
[0.669s] -- Up-to-date: /home/olhamelnyk/colcon_venv/src/install/egocentric_msg/lib/libegocentric_msg__rosidl_typesupport_fastrtps_c.so
[0.669s] -- Up-to-date: /home/olhamelnyk/colcon_venv/src/install/egocentric_msg/include/egocentric_msg/egocentric_msg
[0.669s] -- Up-to-date: /home/olhamelnyk/colcon_venv/src/install/egocentric_msg/include/egocentric_msg/egocentric_msg/msg
[0.669s] -- Up-to-date: /home/olhamelnyk/colcon_venv/src/install/egocentric_msg/include/egocentric_msg/egocentric_msg/msg/rosidl_typesupport_introspection_c__visibility_control.h
[0.670s] -- Up-to-date: /home/olhamelnyk/colcon_venv/src/install/egocentric_msg/include/egocentric_msg/egocentric_msg/msg/detail
[0.670s] -- Up-to-date: /home/olhamelnyk/colcon_venv/src/install/egocentric_msg/include/egocentric_msg/egocentric_msg/msg/detail/gaze_data__rosidl_typesupport_introspection_c.h
[0.670s] -- Up-to-date: /home/olhamelnyk/colcon_venv/src/install/egocentric_msg/include/egocentric_msg/egocentric_msg/msg/detail/gaze_data__type_support.c
[0.670s] -- Up-to-date: /home/olhamelnyk/colcon_venv/src/install/egocentric_msg/lib/libegocentric_msg__rosidl_typesupport_introspection_c.so
[0.670s] -- Up-to-date: /home/olhamelnyk/colcon_venv/src/install/egocentric_msg/lib/libegocentric_msg__rosidl_typesupport_c.so
[0.671s] -- Up-to-date: /home/olhamelnyk/colcon_venv/src/install/egocentric_msg/include/egocentric_msg/egocentric_msg
[0.671s] -- Up-to-date: /home/olhamelnyk/colcon_venv/src/install/egocentric_msg/include/egocentric_msg/egocentric_msg/msg
[0.671s] -- Up-to-date: /home/olhamelnyk/colcon_venv/src/install/egocentric_msg/include/egocentric_msg/egocentric_msg/msg/gaze_data.hpp
[0.671s] -- Up-to-date: /home/olhamelnyk/colcon_venv/src/install/egocentric_msg/include/egocentric_msg/egocentric_msg/msg/detail
[0.671s] -- Up-to-date: /home/olhamelnyk/colcon_venv/src/install/egocentric_msg/include/egocentric_msg/egocentric_msg/msg/detail/gaze_data__struct.hpp
[0.672s] -- Up-to-date: /home/olhamelnyk/colcon_venv/src/install/egocentric_msg/include/egocentric_msg/egocentric_msg/msg/detail/gaze_data__type_support.hpp
[0.672s] -- Up-to-date: /home/olhamelnyk/colcon_venv/src/install/egocentric_msg/include/egocentric_msg/egocentric_msg/msg/detail/gaze_data__builder.hpp
[0.672s] -- Up-to-date: /home/olhamelnyk/colcon_venv/src/install/egocentric_msg/include/egocentric_msg/egocentric_msg/msg/detail/gaze_data__traits.hpp
[0.672s] -- Up-to-date: /home/olhamelnyk/colcon_venv/src/install/egocentric_msg/include/egocentric_msg/egocentric_msg/msg/rosidl_generator_cpp__visibility_control.hpp
[0.672s] -- Up-to-date: /home/olhamelnyk/colcon_venv/src/install/egocentric_msg/include/egocentric_msg/egocentric_msg
[0.673s] -- Up-to-date: /home/olhamelnyk/colcon_venv/src/install/egocentric_msg/include/egocentric_msg/egocentric_msg/msg
[0.673s] -- Up-to-date: /home/olhamelnyk/colcon_venv/src/install/egocentric_msg/include/egocentric_msg/egocentric_msg/msg/detail
[0.673s] -- Up-to-date: /home/olhamelnyk/colcon_venv/src/install/egocentric_msg/include/egocentric_msg/egocentric_msg/msg/detail/dds_fastrtps
[0.673s] -- Up-to-date: /home/olhamelnyk/colcon_venv/src/install/egocentric_msg/include/egocentric_msg/egocentric_msg/msg/detail/gaze_data__rosidl_typesupport_fastrtps_cpp.hpp
[0.674s] -- Up-to-date: /home/olhamelnyk/colcon_venv/src/install/egocentric_msg/include/egocentric_msg/egocentric_msg/msg/rosidl_typesupport_fastrtps_cpp__visibility_control.h
[0.674s] -- Up-to-date: /home/olhamelnyk/colcon_venv/src/install/egocentric_msg/lib/libegocentric_msg__rosidl_typesupport_fastrtps_cpp.so
[0.674s] -- Up-to-date: /home/olhamelnyk/colcon_venv/src/install/egocentric_msg/include/egocentric_msg/egocentric_msg
[0.674s] -- Up-to-date: /home/olhamelnyk/colcon_venv/src/install/egocentric_msg/include/egocentric_msg/egocentric_msg/msg
[0.674s] -- Up-to-date: /home/olhamelnyk/colcon_venv/src/install/egocentric_msg/include/egocentric_msg/egocentric_msg/msg/detail
[0.674s] -- Up-to-date: /home/olhamelnyk/colcon_venv/src/install/egocentric_msg/include/egocentric_msg/egocentric_msg/msg/detail/gaze_data__rosidl_typesupport_introspection_cpp.hpp
[0.675s] -- Up-to-date: /home/olhamelnyk/colcon_venv/src/install/egocentric_msg/include/egocentric_msg/egocentric_msg/msg/detail/gaze_data__type_support.cpp
[0.675s] -- Up-to-date: /home/olhamelnyk/colcon_venv/src/install/egocentric_msg/lib/libegocentric_msg__rosidl_typesupport_introspection_cpp.so
[0.675s] -- Up-to-date: /home/olhamelnyk/colcon_venv/src/install/egocentric_msg/lib/libegocentric_msg__rosidl_typesupport_cpp.so
[0.675s] -- Up-to-date: /home/olhamelnyk/colcon_venv/src/install/egocentric_msg/share/egocentric_msg/environment/pythonpath.sh
[0.675s] -- Up-to-date: /home/olhamelnyk/colcon_venv/src/install/egocentric_msg/share/egocentric_msg/environment/pythonpath.dsv
[0.676s] -- Up-to-date: /home/olhamelnyk/colcon_venv/src/install/egocentric_msg/lib/python3.12/site-packages/egocentric_msg-0.0.0-py3.12.egg-info
[0.676s] -- Installing: /home/olhamelnyk/colcon_venv/src/install/egocentric_msg/lib/python3.12/site-packages/egocentric_msg-0.0.0-py3.12.egg-info/top_level.txt
[0.676s] -- Installing: /home/olhamelnyk/colcon_venv/src/install/egocentric_msg/lib/python3.12/site-packages/egocentric_msg-0.0.0-py3.12.egg-info/SOURCES.txt
[0.676s] -- Installing: /home/olhamelnyk/colcon_venv/src/install/egocentric_msg/lib/python3.12/site-packages/egocentric_msg-0.0.0-py3.12.egg-info/dependency_links.txt
[0.676s] -- Installing: /home/olhamelnyk/colcon_venv/src/install/egocentric_msg/lib/python3.12/site-packages/egocentric_msg-0.0.0-py3.12.egg-info/PKG-INFO
[0.677s] -- Up-to-date: /home/olhamelnyk/colcon_venv/src/install/egocentric_msg/lib/python3.12/site-packages/egocentric_msg
[0.677s] -- Up-to-date: /home/olhamelnyk/colcon_venv/src/install/egocentric_msg/lib/python3.12/site-packages/egocentric_msg/egocentric_msg_s__rosidl_typesupport_c.so
[0.677s] -- Up-to-date: /home/olhamelnyk/colcon_venv/src/install/egocentric_msg/lib/python3.12/site-packages/egocentric_msg/_egocentric_msg_s.ep.rosidl_typesupport_introspection_c.c
[0.677s] -- Up-to-date: /home/olhamelnyk/colcon_venv/src/install/egocentric_msg/lib/python3.12/site-packages/egocentric_msg/egocentric_msg_s__rosidl_typesupport_fastrtps_c.so
[0.677s] -- Up-to-date: /home/olhamelnyk/colcon_venv/src/install/egocentric_msg/lib/python3.12/site-packages/egocentric_msg/msg
[0.678s] -- Up-to-date: /home/olhamelnyk/colcon_venv/src/install/egocentric_msg/lib/python3.12/site-packages/egocentric_msg/msg/__init__.py
[0.678s] -- Up-to-date: /home/olhamelnyk/colcon_venv/src/install/egocentric_msg/lib/python3.12/site-packages/egocentric_msg/msg/_gaze_data_s.c
[0.678s] -- Up-to-date: /home/olhamelnyk/colcon_venv/src/install/egocentric_msg/lib/python3.12/site-packages/egocentric_msg/msg/_gaze_data.py
[0.678s] -- Up-to-date: /home/olhamelnyk/colcon_venv/src/install/egocentric_msg/lib/python3.12/site-packages/egocentric_msg/__init__.py
[0.678s] -- Up-to-date: /home/olhamelnyk/colcon_venv/src/install/egocentric_msg/lib/python3.12/site-packages/egocentric_msg/_egocentric_msg_s.ep.rosidl_typesupport_c.c
[0.678s] -- Up-to-date: /home/olhamelnyk/colcon_venv/src/install/egocentric_msg/lib/python3.12/site-packages/egocentric_msg/egocentric_msg_s__rosidl_typesupport_introspection_c.so
[0.679s] -- Up-to-date: /home/olhamelnyk/colcon_venv/src/install/egocentric_msg/lib/python3.12/site-packages/egocentric_msg/_egocentric_msg_s.ep.rosidl_typesupport_fastrtps_c.c
[0.708s] Listing '/home/olhamelnyk/colcon_venv/src/install/egocentric_msg/lib/python3.12/site-packages/egocentric_msg'...
[0.708s] Listing '/home/olhamelnyk/colcon_venv/src/install/egocentric_msg/lib/python3.12/site-packages/egocentric_msg/msg'...
[0.713s] -- Up-to-date: /home/olhamelnyk/colcon_venv/src/install/egocentric_msg/lib/python3.12/site-packages/egocentric_msg/egocentric_msg_s__rosidl_typesupport_fastrtps_c.so
[0.714s] -- Up-to-date: /home/olhamelnyk/colcon_venv/src/install/egocentric_msg/lib/python3.12/site-packages/egocentric_msg/egocentric_msg_s__rosidl_typesupport_introspection_c.so
[0.715s] -- Up-to-date: /home/olhamelnyk/colcon_venv/src/install/egocentric_msg/lib/python3.12/site-packages/egocentric_msg/egocentric_msg_s__rosidl_typesupport_c.so
[0.716s] -- Up-to-date: /home/olhamelnyk/colcon_venv/src/install/egocentric_msg/lib/libegocentric_msg__rosidl_generator_py.so
[0.716s] -- Up-to-date: /home/olhamelnyk/colcon_venv/src/install/egocentric_msg/share/egocentric_msg/msg/GazeData.idl
[0.716s] -- Up-to-date: /home/olhamelnyk/colcon_venv/src/install/egocentric_msg/share/egocentric_msg/msg/GazeData.msg
[0.717s] -- Up-to-date: /home/olhamelnyk/colcon_venv/src/install/egocentric_msg/share/ament_index/resource_index/package_run_dependencies/egocentric_msg
[0.717s] -- Up-to-date: /home/olhamelnyk/colcon_venv/src/install/egocentric_msg/share/ament_index/resource_index/parent_prefix_path/egocentric_msg
[0.717s] -- Up-to-date: /home/olhamelnyk/colcon_venv/src/install/egocentric_msg/share/egocentric_msg/environment/ament_prefix_path.sh
[0.717s] -- Up-to-date: /home/olhamelnyk/colcon_venv/src/install/egocentric_msg/share/egocentric_msg/environment/ament_prefix_path.dsv
[0.718s] -- Up-to-date: /home/olhamelnyk/colcon_venv/src/install/egocentric_msg/share/egocentric_msg/environment/path.sh
[0.718s] -- Up-to-date: /home/olhamelnyk/colcon_venv/src/install/egocentric_msg/share/egocentric_msg/environment/path.dsv
[0.718s] -- Up-to-date: /home/olhamelnyk/colcon_venv/src/install/egocentric_msg/share/egocentric_msg/local_setup.bash
[0.718s] -- Up-to-date: /home/olhamelnyk/colcon_venv/src/install/egocentric_msg/share/egocentric_msg/local_setup.sh
[0.719s] -- Up-to-date: /home/olhamelnyk/colcon_venv/src/install/egocentric_msg/share/egocentric_msg/local_setup.zsh
[0.719s] -- Up-to-date: /home/olhamelnyk/colcon_venv/src/install/egocentric_msg/share/egocentric_msg/local_setup.dsv
[0.719s] -- Installing: /home/olhamelnyk/colcon_venv/src/install/egocentric_msg/share/egocentric_msg/package.dsv
[0.719s] -- Up-to-date: /home/olhamelnyk/colcon_venv/src/install/egocentric_msg/share/ament_index/resource_index/packages/egocentric_msg
[0.719s] -- Up-to-date: /home/olhamelnyk/colcon_venv/src/install/egocentric_msg/share/egocentric_msg/cmake/export_egocentric_msg__rosidl_generator_cExport.cmake
[0.720s] -- Up-to-date: /home/olhamelnyk/colcon_venv/src/install/egocentric_msg/share/egocentric_msg/cmake/export_egocentric_msg__rosidl_generator_cExport-noconfig.cmake
[0.720s] -- Up-to-date: /home/olhamelnyk/colcon_venv/src/install/egocentric_msg/share/egocentric_msg/cmake/export_egocentric_msg__rosidl_typesupport_fastrtps_cExport.cmake
[0.720s] -- Up-to-date: /home/olhamelnyk/colcon_venv/src/install/egocentric_msg/share/egocentric_msg/cmake/export_egocentric_msg__rosidl_typesupport_fastrtps_cExport-noconfig.cmake
[0.720s] -- Up-to-date: /home/olhamelnyk/colcon_venv/src/install/egocentric_msg/share/egocentric_msg/cmake/egocentric_msg__rosidl_typesupport_introspection_cExport.cmake
[0.721s] -- Up-to-date: /home/olhamelnyk/colcon_venv/src/install/egocentric_msg/share/egocentric_msg/cmake/egocentric_msg__rosidl_typesupport_introspection_cExport-noconfig.cmake
[0.721s] -- Up-to-date: /home/olhamelnyk/colcon_venv/src/install/egocentric_msg/share/egocentric_msg/cmake/egocentric_msg__rosidl_typesupport_cExport.cmake
[0.721s] -- Up-to-date: /home/olhamelnyk/colcon_venv/src/install/egocentric_msg/share/egocentric_msg/cmake/egocentric_msg__rosidl_typesupport_cExport-noconfig.cmake
[0.721s] -- Up-to-date: /home/olhamelnyk/colcon_venv/src/install/egocentric_msg/share/egocentric_msg/cmake/export_egocentric_msg__rosidl_generator_cppExport.cmake
[0.721s] -- Up-to-date: /home/olhamelnyk/colcon_venv/src/install/egocentric_msg/share/egocentric_msg/cmake/export_egocentric_msg__rosidl_typesupport_fastrtps_cppExport.cmake
[0.722s] -- Up-to-date: /home/olhamelnyk/colcon_venv/src/install/egocentric_msg/share/egocentric_msg/cmake/export_egocentric_msg__rosidl_typesupport_fastrtps_cppExport-noconfig.cmake
[0.722s] -- Up-to-date: /home/olhamelnyk/colcon_venv/src/install/egocentric_msg/share/egocentric_msg/cmake/egocentric_msg__rosidl_typesupport_introspection_cppExport.cmake
[0.722s] -- Up-to-date: /home/olhamelnyk/colcon_venv/src/install/egocentric_msg/share/egocentric_msg/cmake/egocentric_msg__rosidl_typesupport_introspection_cppExport-noconfig.cmake
[0.722s] -- Up-to-date: /home/olhamelnyk/colcon_venv/src/install/egocentric_msg/share/egocentric_msg/cmake/egocentric_msg__rosidl_typesupport_cppExport.cmake
[0.723s] -- Up-to-date: /home/olhamelnyk/colcon_venv/src/install/egocentric_msg/share/egocentric_msg/cmake/egocentric_msg__rosidl_typesupport_cppExport-noconfig.cmake
[0.723s] -- Up-to-date: /home/olhamelnyk/colcon_venv/src/install/egocentric_msg/share/egocentric_msg/cmake/export_egocentric_msg__rosidl_generator_pyExport.cmake
[0.723s] -- Up-to-date: /home/olhamelnyk/colcon_venv/src/install/egocentric_msg/share/egocentric_msg/cmake/export_egocentric_msg__rosidl_generator_pyExport-noconfig.cmake
[0.723s] -- Up-to-date: /home/olhamelnyk/colcon_venv/src/install/egocentric_msg/share/egocentric_msg/cmake/rosidl_cmake-extras.cmake
[0.724s] -- Up-to-date: /home/olhamelnyk/colcon_venv/src/install/egocentric_msg/share/egocentric_msg/cmake/ament_cmake_export_dependencies-extras.cmake
[0.724s] -- Up-to-date: /home/olhamelnyk/colcon_venv/src/install/egocentric_msg/share/egocentric_msg/cmake/ament_cmake_export_include_directories-extras.cmake
[0.724s] -- Up-to-date: /home/olhamelnyk/colcon_venv/src/install/egocentric_msg/share/egocentric_msg/cmake/ament_cmake_export_libraries-extras.cmake
[0.724s] -- Up-to-date: /home/olhamelnyk/colcon_venv/src/install/egocentric_msg/share/egocentric_msg/cmake/ament_cmake_export_targets-extras.cmake
[0.724s] -- Up-to-date: /home/olhamelnyk/colcon_venv/src/install/egocentric_msg/share/egocentric_msg/cmake/rosidl_cmake_export_typesupport_targets-extras.cmake
[0.725s] -- Up-to-date: /home/olhamelnyk/colcon_venv/src/install/egocentric_msg/share/egocentric_msg/cmake/rosidl_cmake_export_typesupport_libraries-extras.cmake
[0.725s] -- Up-to-date: /home/olhamelnyk/colcon_venv/src/install/egocentric_msg/share/egocentric_msg/cmake/egocentric_msgConfig.cmake
[0.725s] -- Up-to-date: /home/olhamelnyk/colcon_venv/src/install/egocentric_msg/share/egocentric_msg/cmake/egocentric_msgConfig-version.cmake
[0.725s] -- Up-to-date: /home/olhamelnyk/colcon_venv/src/install/egocentric_msg/share/egocentric_msg/package.xml
[0.730s] Invoked command in '/home/olhamelnyk/colcon_venv/src/build/egocentric_msg' returned '0': CMAKE_PREFIX_PATH=${CMAKE_PREFIX_PATH}:/opt/ros/jazzy DEBUGINFOD_URLS=https://debuginfod.ubuntu.com /usr/bin/cmake --install /home/olhamelnyk/colcon_venv/src/build/egocentric_msg
