[3.548s] Invoking command in '/home/olhamelnyk/colcon_venv/src/recording_blink': DEBUGINFOD_URLS=https://debuginfod.ubuntu.com PYTHONPATH=/home/olhamelnyk/colcon_venv/src/build/recording_blink/prefix_override:/usr/lib/python3/dist-packages/colcon_core/task/python/colcon_distutils_commands:/home/olhamelnyk/colcon_venv/src/install/recording_blink/lib/python3.12/site-packages:${PYTHONPATH} /usr/bin/python3 -W ignore:setup.py install is deprecated -W ignore:easy_install command is deprecated setup.py egg_info --egg-base ../build/recording_blink build --build-base /home/olhamelnyk/colcon_venv/src/build/recording_blink/build install --record /home/olhamelnyk/colcon_venv/src/build/recording_blink/install.log --single-version-externally-managed install_data
[4.630s] running egg_info
[4.632s] creating ../build/recording_blink/recording_blink.egg-info
[4.692s] writing ../build/recording_blink/recording_blink.egg-info/PKG-INFO
[4.694s] writing dependency_links to ../build/recording_blink/recording_blink.egg-info/dependency_links.txt
[4.695s] writing entry points to ../build/recording_blink/recording_blink.egg-info/entry_points.txt
[4.695s] writing requirements to ../build/recording_blink/recording_blink.egg-info/requires.txt
[4.695s] writing top-level names to ../build/recording_blink/recording_blink.egg-info/top_level.txt
[4.696s] writing manifest file '../build/recording_blink/recording_blink.egg-info/SOURCES.txt'
[4.809s] reading manifest file '../build/recording_blink/recording_blink.egg-info/SOURCES.txt'
[4.812s] writing manifest file '../build/recording_blink/recording_blink.egg-info/SOURCES.txt'
[4.815s] running build
[4.816s] running build_py
[4.817s] creating /home/olhamelnyk/colcon_venv/src/build/recording_blink/build
[4.817s] creating /home/olhamelnyk/colcon_venv/src/build/recording_blink/build/lib
[4.817s] creating /home/olhamelnyk/colcon_venv/src/build/recording_blink/build/lib/recording_blink
[4.818s] copying recording_blink/recording_blink.py -> /home/olhamelnyk/colcon_venv/src/build/recording_blink/build/lib/recording_blink
[4.820s] copying recording_blink/__init__.py -> /home/olhamelnyk/colcon_venv/src/build/recording_blink/build/lib/recording_blink
[4.820s] running install
[4.834s] running install_lib
[4.895s] creating /home/olhamelnyk/colcon_venv/src/install/recording_blink/lib/python3.12/site-packages/recording_blink
[4.895s] copying /home/olhamelnyk/colcon_venv/src/build/recording_blink/build/lib/recording_blink/recording_blink.py -> /home/olhamelnyk/colcon_venv/src/install/recording_blink/lib/python3.12/site-packages/recording_blink
[4.896s] copying /home/olhamelnyk/colcon_venv/src/build/recording_blink/build/lib/recording_blink/__init__.py -> /home/olhamelnyk/colcon_venv/src/install/recording_blink/lib/python3.12/site-packages/recording_blink
[4.897s] byte-compiling /home/olhamelnyk/colcon_venv/src/install/recording_blink/lib/python3.12/site-packages/recording_blink/recording_blink.py to recording_blink.cpython-312.pyc
[4.902s] byte-compiling /home/olhamelnyk/colcon_venv/src/install/recording_blink/lib/python3.12/site-packages/recording_blink/__init__.py to __init__.cpython-312.pyc
[4.903s] running install_data
[4.904s] creating /home/olhamelnyk/colcon_venv/src/install/recording_blink/share/ament_index
[4.904s] creating /home/olhamelnyk/colcon_venv/src/install/recording_blink/share/ament_index/resource_index
[4.905s] creating /home/olhamelnyk/colcon_venv/src/install/recording_blink/share/ament_index/resource_index/packages
[4.905s] copying resource/recording_blink -> /home/olhamelnyk/colcon_venv/src/install/recording_blink/share/ament_index/resource_index/packages
[4.905s] copying package.xml -> /home/olhamelnyk/colcon_venv/src/install/recording_blink/share/recording_blink
[4.905s] running install_egg_info
[4.961s] Copying ../build/recording_blink/recording_blink.egg-info to /home/olhamelnyk/colcon_venv/src/install/recording_blink/lib/python3.12/site-packages/recording_blink-0.0.0-py3.12.egg-info
[4.964s] running install_scripts
[5.419s] Installing recording_blink script to /home/olhamelnyk/colcon_venv/src/install/recording_blink/lib/recording_blink
[5.420s] writing list of installed files to '/home/olhamelnyk/colcon_venv/src/build/recording_blink/install.log'
[5.591s] Invoked command in '/home/olhamelnyk/colcon_venv/src/recording_blink' returned '0': DEBUGINFOD_URLS=https://debuginfod.ubuntu.com PYTHONPATH=/home/olhamelnyk/colcon_venv/src/build/recording_blink/prefix_override:/usr/lib/python3/dist-packages/colcon_core/task/python/colcon_distutils_commands:/home/olhamelnyk/colcon_venv/src/install/recording_blink/lib/python3.12/site-packages:${PYTHONPATH} /usr/bin/python3 -W ignore:setup.py install is deprecated -W ignore:easy_install command is deprecated setup.py egg_info --egg-base ../build/recording_blink build --build-base /home/olhamelnyk/colcon_venv/src/build/recording_blink/build install --record /home/olhamelnyk/colcon_venv/src/build/recording_blink/install.log --single-version-externally-managed install_data
