[1.568s] Invoking command in '/home/olhamelnyk/colcon_venv/src/gaze_video_recorder': DEBUGINFOD_URLS=https://debuginfod.ubuntu.com PYTHONPATH=/home/olhamelnyk/colcon_venv/src/build/gaze_video_recorder/prefix_override:/usr/lib/python3/dist-packages/colcon_core/task/python/colcon_distutils_commands:/home/olhamelnyk/colcon_venv/src/install/gaze_video_recorder/lib/python3.12/site-packages:${PYTHONPATH} /usr/bin/python3 -W ignore:setup.py install is deprecated -W ignore:easy_install command is deprecated setup.py egg_info --egg-base ../build/gaze_video_recorder build --build-base /home/olhamelnyk/colcon_venv/src/build/gaze_video_recorder/build install --record /home/olhamelnyk/colcon_venv/src/build/gaze_video_recorder/install.log --single-version-externally-managed install_data
[2.011s] running egg_info
[2.048s] writing ../build/gaze_video_recorder/gaze_video_recorder.egg-info/PKG-INFO
[2.048s] writing dependency_links to ../build/gaze_video_recorder/gaze_video_recorder.egg-info/dependency_links.txt
[2.048s] writing entry points to ../build/gaze_video_recorder/gaze_video_recorder.egg-info/entry_points.txt
[2.048s] writing requirements to ../build/gaze_video_recorder/gaze_video_recorder.egg-info/requires.txt
[2.049s] writing top-level names to ../build/gaze_video_recorder/gaze_video_recorder.egg-info/top_level.txt
[2.123s] reading manifest file '../build/gaze_video_recorder/gaze_video_recorder.egg-info/SOURCES.txt'
[2.124s] writing manifest file '../build/gaze_video_recorder/gaze_video_recorder.egg-info/SOURCES.txt'
[2.124s] running build
[2.124s] running build_py
[2.125s] copying gaze_video_recorder/gaze_video_recorder.py -> /home/olhamelnyk/colcon_venv/src/build/gaze_video_recorder/build/lib/gaze_video_recorder
[2.125s] running install
[2.132s] running install_lib
[2.169s] copying /home/olhamelnyk/colcon_venv/src/build/gaze_video_recorder/build/lib/gaze_video_recorder/gaze_video_recorder.py -> /home/olhamelnyk/colcon_venv/src/install/gaze_video_recorder/lib/python3.12/site-packages/gaze_video_recorder
[2.170s] byte-compiling /home/olhamelnyk/colcon_venv/src/install/gaze_video_recorder/lib/python3.12/site-packages/gaze_video_recorder/gaze_video_recorder.py to gaze_video_recorder.cpython-312.pyc
[2.172s] running install_data
[2.172s] running install_egg_info
[2.212s] removing '/home/olhamelnyk/colcon_venv/src/install/gaze_video_recorder/lib/python3.12/site-packages/gaze_video_recorder-0.0.0-py3.12.egg-info' (and everything under it)
[2.212s] Copying ../build/gaze_video_recorder/gaze_video_recorder.egg-info to /home/olhamelnyk/colcon_venv/src/install/gaze_video_recorder/lib/python3.12/site-packages/gaze_video_recorder-0.0.0-py3.12.egg-info
[2.213s] running install_scripts
[2.468s] Installing gaze_video_recorder script to /home/olhamelnyk/colcon_venv/src/install/gaze_video_recorder/lib/gaze_video_recorder
[2.468s] writing list of installed files to '/home/olhamelnyk/colcon_venv/src/build/gaze_video_recorder/install.log'
[2.555s] Invoked command in '/home/olhamelnyk/colcon_venv/src/gaze_video_recorder' returned '0': DEBUGINFOD_URLS=https://debuginfod.ubuntu.com PYTHONPATH=/home/olhamelnyk/colcon_venv/src/build/gaze_video_recorder/prefix_override:/usr/lib/python3/dist-packages/colcon_core/task/python/colcon_distutils_commands:/home/olhamelnyk/colcon_venv/src/install/gaze_video_recorder/lib/python3.12/site-packages:${PYTHONPATH} /usr/bin/python3 -W ignore:setup.py install is deprecated -W ignore:easy_install command is deprecated setup.py egg_info --egg-base ../build/gaze_video_recorder build --build-base /home/olhamelnyk/colcon_venv/src/build/gaze_video_recorder/build install --record /home/olhamelnyk/colcon_venv/src/build/gaze_video_recorder/install.log --single-version-externally-managed install_data
