running egg_info
writing ../build/recording_controller_pkg/recording_controller_pkg.egg-info/PKG-INFO
writing dependency_links to ../build/recording_controller_pkg/recording_controller_pkg.egg-info/dependency_links.txt
writing entry points to ../build/recording_controller_pkg/recording_controller_pkg.egg-info/entry_points.txt
writing requirements to ../build/recording_controller_pkg/recording_controller_pkg.egg-info/requires.txt
writing top-level names to ../build/recording_controller_pkg/recording_controller_pkg.egg-info/top_level.txt
reading manifest file '../build/recording_controller_pkg/recording_controller_pkg.egg-info/SOURCES.txt'
writing manifest file '../build/recording_controller_pkg/recording_controller_pkg.egg-info/SOURCES.txt'
running build
running build_py
copying recording_controller_pkg/controller_node.py -> /home/olhamelnyk/colcon_venv/src/build/recording_controller_pkg/build/lib/recording_controller_pkg
running install
running install_lib
copying /home/olhamelnyk/colcon_venv/src/build/recording_controller_pkg/build/lib/recording_controller_pkg/controller_node.py -> /home/olhamelnyk/colcon_venv/src/install/recording_controller_pkg/lib/python3.12/site-packages/recording_controller_pkg
byte-compiling /home/olhamelnyk/colcon_venv/src/install/recording_controller_pkg/lib/python3.12/site-packages/recording_controller_pkg/controller_node.py to controller_node.cpython-312.pyc
running install_data
running install_egg_info
removing '/home/olhamelnyk/colcon_venv/src/install/recording_controller_pkg/lib/python3.12/site-packages/recording_controller_pkg-0.0.0-py3.12.egg-info' (and everything under it)
Copying ../build/recording_controller_pkg/recording_controller_pkg.egg-info to /home/olhamelnyk/colcon_venv/src/install/recording_controller_pkg/lib/python3.12/site-packages/recording_controller_pkg-0.0.0-py3.12.egg-info
running install_scripts
Installing controller_node script to /home/olhamelnyk/colcon_venv/src/install/recording_controller_pkg/lib/recording_controller_pkg
writing list of installed files to '/home/olhamelnyk/colcon_venv/src/build/recording_controller_pkg/install.log'
