[1.441s] Invoking command in '/home/olhamelnyk/colcon_venv/src/recording_controller_pkg': DEBUGINFOD_URLS=https://debuginfod.ubuntu.com PYTHONPATH=/home/olhamelnyk/colcon_venv/src/build/recording_controller_pkg/prefix_override:/usr/lib/python3/dist-packages/colcon_core/task/python/colcon_distutils_commands:/home/olhamelnyk/colcon_venv/src/install/recording_controller_pkg/lib/python3.12/site-packages:${PYTHONPATH} /usr/bin/python3 -W ignore:setup.py install is deprecated -W ignore:easy_install command is deprecated setup.py egg_info --egg-base ../build/recording_controller_pkg build --build-base /home/olhamelnyk/colcon_venv/src/build/recording_controller_pkg/build install --record /home/olhamelnyk/colcon_venv/src/build/recording_controller_pkg/install.log --single-version-externally-managed install_data
[1.933s] running egg_info
[1.972s] writing ../build/recording_controller_pkg/recording_controller_pkg.egg-info/PKG-INFO
[1.973s] writing dependency_links to ../build/recording_controller_pkg/recording_controller_pkg.egg-info/dependency_links.txt
[1.974s] writing entry points to ../build/recording_controller_pkg/recording_controller_pkg.egg-info/entry_points.txt
[1.974s] writing requirements to ../build/recording_controller_pkg/recording_controller_pkg.egg-info/requires.txt
[1.974s] writing top-level names to ../build/recording_controller_pkg/recording_controller_pkg.egg-info/top_level.txt
[2.054s] reading manifest file '../build/recording_controller_pkg/recording_controller_pkg.egg-info/SOURCES.txt'
[2.055s] writing manifest file '../build/recording_controller_pkg/recording_controller_pkg.egg-info/SOURCES.txt'
[2.055s] running build
[2.056s] running build_py
[2.056s] copying recording_controller_pkg/controller_node.py -> /home/olhamelnyk/colcon_venv/src/build/recording_controller_pkg/build/lib/recording_controller_pkg
[2.057s] running install
[2.064s] running install_lib
[2.103s] copying /home/olhamelnyk/colcon_venv/src/build/recording_controller_pkg/build/lib/recording_controller_pkg/controller_node.py -> /home/olhamelnyk/colcon_venv/src/install/recording_controller_pkg/lib/python3.12/site-packages/recording_controller_pkg
[2.104s] byte-compiling /home/olhamelnyk/colcon_venv/src/install/recording_controller_pkg/lib/python3.12/site-packages/recording_controller_pkg/controller_node.py to controller_node.cpython-312.pyc
[2.107s] running install_data
[2.108s] running install_egg_info
[2.163s] removing '/home/olhamelnyk/colcon_venv/src/install/recording_controller_pkg/lib/python3.12/site-packages/recording_controller_pkg-0.0.0-py3.12.egg-info' (and everything under it)
[2.163s] Copying ../build/recording_controller_pkg/recording_controller_pkg.egg-info to /home/olhamelnyk/colcon_venv/src/install/recording_controller_pkg/lib/python3.12/site-packages/recording_controller_pkg-0.0.0-py3.12.egg-info
[2.165s] running install_scripts
[2.441s] Installing controller_node script to /home/olhamelnyk/colcon_venv/src/install/recording_controller_pkg/lib/recording_controller_pkg
[2.441s] writing list of installed files to '/home/olhamelnyk/colcon_venv/src/build/recording_controller_pkg/install.log'
[2.485s] Invoked command in '/home/olhamelnyk/colcon_venv/src/recording_controller_pkg' returned '0': DEBUGINFOD_URLS=https://debuginfod.ubuntu.com PYTHONPATH=/home/olhamelnyk/colcon_venv/src/build/recording_controller_pkg/prefix_override:/usr/lib/python3/dist-packages/colcon_core/task/python/colcon_distutils_commands:/home/olhamelnyk/colcon_venv/src/install/recording_controller_pkg/lib/python3.12/site-packages:${PYTHONPATH} /usr/bin/python3 -W ignore:setup.py install is deprecated -W ignore:easy_install command is deprecated setup.py egg_info --egg-base ../build/recording_controller_pkg build --build-base /home/olhamelnyk/colcon_venv/src/build/recording_controller_pkg/build install --record /home/olhamelnyk/colcon_venv/src/build/recording_controller_pkg/install.log --single-version-externally-managed install_data
