[3.398s] Invoking command in '/home/olhamelnyk/colcon_venv/src/recording_scene_bag': DEBUGINFOD_URLS=https://debuginfod.ubuntu.com PYTHONPATH=/home/olhamelnyk/colcon_venv/src/build/recording_scene_bag/prefix_override:/usr/lib/python3/dist-packages/colcon_core/task/python/colcon_distutils_commands:/home/olhamelnyk/colcon_venv/src/install/recording_scene_bag/lib/python3.12/site-packages:${PYTHONPATH} /usr/bin/python3 -W ignore:setup.py install is deprecated -W ignore:easy_install command is deprecated setup.py egg_info --egg-base ../build/recording_scene_bag build --build-base /home/olhamelnyk/colcon_venv/src/build/recording_scene_bag/build install --record /home/olhamelnyk/colcon_venv/src/build/recording_scene_bag/install.log --single-version-externally-managed install_data
[4.227s] running egg_info
[4.227s] creating ../build/recording_scene_bag/recording_scene_bag.egg-info
[4.316s] writing ../build/recording_scene_bag/recording_scene_bag.egg-info/PKG-INFO
[4.316s] writing dependency_links to ../build/recording_scene_bag/recording_scene_bag.egg-info/dependency_links.txt
[4.320s] writing entry points to ../build/recording_scene_bag/recording_scene_bag.egg-info/entry_points.txt
[4.320s] writing requirements to ../build/recording_scene_bag/recording_scene_bag.egg-info/requires.txt
[4.320s] writing top-level names to ../build/recording_scene_bag/recording_scene_bag.egg-info/top_level.txt
[4.320s] writing manifest file '../build/recording_scene_bag/recording_scene_bag.egg-info/SOURCES.txt'
[4.486s] reading manifest file '../build/recording_scene_bag/recording_scene_bag.egg-info/SOURCES.txt'
[4.487s] writing manifest file '../build/recording_scene_bag/recording_scene_bag.egg-info/SOURCES.txt'
[4.488s] running build
[4.488s] running build_py
[4.488s] creating /home/olhamelnyk/colcon_venv/src/build/recording_scene_bag/build
[4.489s] creating /home/olhamelnyk/colcon_venv/src/build/recording_scene_bag/build/lib
[4.489s] creating /home/olhamelnyk/colcon_venv/src/build/recording_scene_bag/build/lib/recording_scene_bag
[4.489s] copying recording_scene_bag/__init__.py -> /home/olhamelnyk/colcon_venv/src/build/recording_scene_bag/build/lib/recording_scene_bag
[4.490s] copying recording_scene_bag/recording_scene_bag.py -> /home/olhamelnyk/colcon_venv/src/build/recording_scene_bag/build/lib/recording_scene_bag
[4.490s] running install
[4.506s] running install_lib
[4.574s] creating /home/olhamelnyk/colcon_venv/src/install/recording_scene_bag/lib/python3.12/site-packages/recording_scene_bag
[4.574s] copying /home/olhamelnyk/colcon_venv/src/build/recording_scene_bag/build/lib/recording_scene_bag/__init__.py -> /home/olhamelnyk/colcon_venv/src/install/recording_scene_bag/lib/python3.12/site-packages/recording_scene_bag
[4.574s] copying /home/olhamelnyk/colcon_venv/src/build/recording_scene_bag/build/lib/recording_scene_bag/recording_scene_bag.py -> /home/olhamelnyk/colcon_venv/src/install/recording_scene_bag/lib/python3.12/site-packages/recording_scene_bag
[4.575s] byte-compiling /home/olhamelnyk/colcon_venv/src/install/recording_scene_bag/lib/python3.12/site-packages/recording_scene_bag/__init__.py to __init__.cpython-312.pyc
[4.576s] byte-compiling /home/olhamelnyk/colcon_venv/src/install/recording_scene_bag/lib/python3.12/site-packages/recording_scene_bag/recording_scene_bag.py to recording_scene_bag.cpython-312.pyc
[4.581s] running install_data
[4.582s] creating /home/olhamelnyk/colcon_venv/src/install/recording_scene_bag/share/ament_index
[4.582s] creating /home/olhamelnyk/colcon_venv/src/install/recording_scene_bag/share/ament_index/resource_index
[4.583s] creating /home/olhamelnyk/colcon_venv/src/install/recording_scene_bag/share/ament_index/resource_index/packages
[4.583s] copying resource/recording_scene_bag -> /home/olhamelnyk/colcon_venv/src/install/recording_scene_bag/share/ament_index/resource_index/packages
[4.583s] copying package.xml -> /home/olhamelnyk/colcon_venv/src/install/recording_scene_bag/share/recording_scene_bag
[4.583s] running install_egg_info
[4.658s] Copying ../build/recording_scene_bag/recording_scene_bag.egg-info to /home/olhamelnyk/colcon_venv/src/install/recording_scene_bag/lib/python3.12/site-packages/recording_scene_bag-0.0.0-py3.12.egg-info
[4.660s] running install_scripts
[5.152s] Installing recording_scene_bag script to /home/olhamelnyk/colcon_venv/src/install/recording_scene_bag/lib/recording_scene_bag
[5.156s] writing list of installed files to '/home/olhamelnyk/colcon_venv/src/build/recording_scene_bag/install.log'
[5.331s] Invoked command in '/home/olhamelnyk/colcon_venv/src/recording_scene_bag' returned '0': DEBUGINFOD_URLS=https://debuginfod.ubuntu.com PYTHONPATH=/home/olhamelnyk/colcon_venv/src/build/recording_scene_bag/prefix_override:/usr/lib/python3/dist-packages/colcon_core/task/python/colcon_distutils_commands:/home/olhamelnyk/colcon_venv/src/install/recording_scene_bag/lib/python3.12/site-packages:${PYTHONPATH} /usr/bin/python3 -W ignore:setup.py install is deprecated -W ignore:easy_install command is deprecated setup.py egg_info --egg-base ../build/recording_scene_bag build --build-base /home/olhamelnyk/colcon_venv/src/build/recording_scene_bag/build install --record /home/olhamelnyk/colcon_venv/src/build/recording_scene_bag/install.log --single-version-externally-managed install_data
