[0.428s] Invoking command in '/home/olhamelnyk/colcon_venv/src/build/gaze_interface': CMAKE_PREFIX_PATH=${CMAKE_PREFIX_PATH}:/home/olhamelnyk/colcon_venv/install/recording_controller_pkg:/home/olhamelnyk/colcon_venv/install/zed_mini:/home/olhamelnyk/colcon_venv/install/recording_zed_rgb:/home/olhamelnyk/colcon_venv/install/recording_zed_depth_rgb:/home/olhamelnyk/colcon_venv/install/recording_zed_depth:/home/olhamelnyk/colcon_venv/install/recording_scene:/home/olhamelnyk/colcon_venv/install/recording_gaze:/home/olhamelnyk/colcon_venv/install/pupil_labs_wrapper:/home/olhamelnyk/colcon_venv/install/async_pupil_wrapper:/opt/ros/jazzy DEBUGINFOD_URLS=https://debuginfod.ubuntu.com /usr/bin/cmake /home/olhamelnyk/colcon_venv/src/gaze_interface -DAMENT_CMAKE_SYMLINK_INSTALL=1 -DCMAKE_INSTALL_PREFIX=/home/olhamelnyk/colcon_venv/src/install/gaze_interface
[2.522s] -- The C compiler identification is GNU 13.3.0
[2.522s] -- The CXX compiler identification is GNU 13.3.0
[2.522s] -- Detecting C compiler ABI info
[2.522s] -- Detecting C compiler ABI info - done
[2.523s] -- Check for working C compiler: /usr/bin/cc - skipped
[2.523s] -- Detecting C compile features
[2.523s] -- Detecting C compile features - done
[2.523s] -- Detecting CXX compiler ABI info
[2.523s] -- Detecting CXX compiler ABI info - done
[2.524s] -- Check for working CXX compiler: /usr/bin/c++ - skipped
[2.524s] -- Detecting CXX compile features
[2.524s] -- Detecting CXX compile features - done
[2.524s] -- Found ament_cmake: 2.5.4 (/opt/ros/jazzy/share/ament_cmake/cmake)
[2.525s] -- Found Python3: /usr/bin/python3 (found version "3.12.3") found components: Interpreter 
[2.525s] -- Override CMake install command with custom implementation using symlinks instead of copying resources
[2.525s] -- Found rosidl_default_generators: 1.6.0 (/opt/ros/jazzy/share/rosidl_default_generators/cmake)
[2.526s] -- Using all available rosidl_typesupport_c: rosidl_typesupport_fastrtps_c;rosidl_typesupport_introspection_c
[2.526s] -- Using all available rosidl_typesupport_cpp: rosidl_typesupport_fastrtps_cpp;rosidl_typesupport_introspection_cpp
[2.527s] -- Found rosidl_adapter: 4.6.5 (/opt/ros/jazzy/share/rosidl_adapter/cmake)
[2.527s] -- Found geometry_msgs: 5.3.6 (/opt/ros/jazzy/share/geometry_msgs/cmake)
[3.133s] -- Found ament_cmake_ros: 0.12.0 (/opt/ros/jazzy/share/ament_cmake_ros/cmake)
[4.166s] -- Using all available rosidl_typesupport_c: rosidl_typesupport_fastrtps_c;rosidl_typesupport_introspection_c
[5.164s] -- Using all available rosidl_typesupport_cpp: rosidl_typesupport_fastrtps_cpp;rosidl_typesupport_introspection_cpp
[5.176s] -- Found python_cmake_module: 0.11.1 (/opt/ros/jazzy/share/python_cmake_module/cmake)
[5.374s] -- Found PythonExtra: /usr/bin/python3  
[6.046s] -- Found Python3: /usr/bin/python3 (found version "3.12.3") found components: Interpreter Development NumPy Development.Module Development.Embed 
[6.185s] -- Configuring done (5.7s)
[6.238s] -- Generating done (0.0s)
[6.257s] -- Build files have been written to: /home/olhamelnyk/colcon_venv/src/build/gaze_interface
