[2.431s] Invoking command in '/home/olhamelnyk/colcon_venv/src/build/zed_tutorial_pos_tracking': CMAKE_PREFIX_PATH=${CMAKE_PREFIX_PATH}:/home/olhamelnyk/colcon_venv/install/recording_controller_pkg:/home/olhamelnyk/colcon_venv/install/zed_mini:/home/olhamelnyk/colcon_venv/install/recording_zed_rgb:/home/olhamelnyk/colcon_venv/install/recording_zed_depth_rgb:/home/olhamelnyk/colcon_venv/install/recording_zed_depth:/home/olhamelnyk/colcon_venv/install/recording_scene:/home/olhamelnyk/colcon_venv/install/recording_gaze:/home/olhamelnyk/colcon_venv/install/pupil_labs_wrapper:/home/olhamelnyk/colcon_venv/install/async_pupil_wrapper:/opt/ros/jazzy DEBUGINFOD_URLS=https://debuginfod.ubuntu.com /usr/bin/cmake /home/olhamelnyk/colcon_venv/src/zed-ros2-examples/tutorials/zed_pose_tutorial -DAMENT_CMAKE_SYMLINK_INSTALL=1 -DCMAKE_INSTALL_PREFIX=/home/olhamelnyk/colcon_venv/src/install/zed_tutorial_pos_tracking
[2.570s] -- The C compiler identification is GNU 13.3.0
[2.731s] -- The CXX compiler identification is GNU 13.3.0
[2.763s] -- Detecting C compiler ABI info
[2.969s] -- Detecting C compiler ABI info - done
[2.988s] -- Check for working C compiler: /usr/bin/cc - skipped
[2.988s] -- Detecting C compile features
[2.989s] -- Detecting C compile features - done
[3.006s] -- Detecting CXX compiler ABI info
[3.238s] -- Detecting CXX compiler ABI info - done
[3.261s] -- Check for working CXX compiler: /usr/bin/c++ - skipped
[3.261s] -- Detecting CXX compile features
[3.261s] -- Detecting CXX compile features - done
[3.273s] -- Found ament_cmake_auto: 2.5.4 (/opt/ros/jazzy/share/ament_cmake_auto/cmake)
[3.642s] -- Found Python3: /usr/bin/python3 (found version "3.12.3") found components: Interpreter 
[3.790s] -- Override CMake install command with custom implementation using symlinks instead of copying resources
[4.244s] -- Found rosidl_generator_c: 4.6.5 (/opt/ros/jazzy/share/rosidl_generator_c/cmake)
[4.280s] -- Found rosidl_generator_cpp: 4.6.5 (/opt/ros/jazzy/share/rosidl_generator_cpp/cmake)
[4.319s] -- Using all available rosidl_typesupport_c: rosidl_typesupport_fastrtps_c;rosidl_typesupport_introspection_c
[4.360s] -- Using all available rosidl_typesupport_cpp: rosidl_typesupport_fastrtps_cpp;rosidl_typesupport_introspection_cpp
[4.515s] -- Found rmw_implementation_cmake: 7.3.2 (/opt/ros/jazzy/share/rmw_implementation_cmake/cmake)
[4.526s] -- Found rmw_fastrtps_cpp: 8.4.2 (/opt/ros/jazzy/share/rmw_fastrtps_cpp/cmake)
[4.688s] -- Found OpenSSL: /usr/lib/x86_64-linux-gnu/libcrypto.so (found version "3.0.13")  
[4.719s] -- Found FastRTPS: /opt/ros/jazzy/include (Required is at least version "2.13") 
[4.762s] -- Using RMW implementation 'rmw_fastrtps_cpp' as default
[5.252s] -- Found ament_lint_auto: 0.17.2 (/opt/ros/jazzy/share/ament_lint_auto/cmake)
[5.342s] -- Added test 'copyright' to check source files copyright and LICENSE
[5.344s] -- Added test 'cppcheck' to perform static code analysis on C / C++ code
[5.345s] -- Configured cppcheck include dirs: 
[5.345s] -- Configured cppcheck exclude dirs and/or files: 
[5.347s] -- Added test 'cpplint' to check C / C++ code against the Google style
[5.347s] -- Configured cpplint exclude dirs and/or files: 
[5.348s] -- Added test 'lint_cmake' to check CMake code style
[5.350s] -- Added test 'uncrustify' to check C / C++ code style
[5.350s] -- Configured uncrustify additional arguments: 
[5.352s] -- Added test 'xmllint' to check XML markup files
[5.355s] -- Added test 'clang_format' to check C / C++ code style
[5.357s] -- Configuring done (2.9s)
[5.375s] -- Generating done (0.0s)
[5.380s] -- Build files have been written to: /home/olhamelnyk/colcon_venv/src/build/zed_tutorial_pos_tracking
