[0.105s] Invoking command in '/home/olhamelnyk/colcon_venv/src/build/zed_topic_benchmark_interfaces': CMAKE_PREFIX_PATH=${CMAKE_PREFIX_PATH}:/home/olhamelnyk/colcon_venv/install/recording_controller_pkg:/home/olhamelnyk/colcon_venv/install/zed_mini:/home/olhamelnyk/colcon_venv/install/recording_zed_rgb:/home/olhamelnyk/colcon_venv/install/recording_zed_depth_rgb:/home/olhamelnyk/colcon_venv/install/recording_zed_depth:/home/olhamelnyk/colcon_venv/install/recording_scene:/home/olhamelnyk/colcon_venv/install/recording_gaze:/home/olhamelnyk/colcon_venv/install/pupil_labs_wrapper:/home/olhamelnyk/colcon_venv/install/async_pupil_wrapper:/opt/ros/jazzy DEBUGINFOD_URLS=https://debuginfod.ubuntu.com /usr/bin/cmake /home/olhamelnyk/colcon_venv/src/zed-ros2-examples/tools/zed_benchmark_interfaces -DAMENT_CMAKE_SYMLINK_INSTALL=1 -DCMAKE_INSTALL_PREFIX=/home/olhamelnyk/colcon_venv/src/install/zed_topic_benchmark_interfaces
[2.530s] -- The C compiler identification is GNU 13.3.0
[2.531s] -- The CXX compiler identification is GNU 13.3.0
[2.531s] -- Detecting C compiler ABI info
[2.531s] -- Detecting C compiler ABI info - done
[2.531s] -- Check for working C compiler: /usr/bin/cc - skipped
[2.531s] -- Detecting C compile features
[2.532s] -- Detecting C compile features - done
[2.532s] -- Detecting CXX compiler ABI info
[2.532s] -- Detecting CXX compiler ABI info - done
[2.533s] -- Check for working CXX compiler: /usr/bin/c++ - skipped
[2.533s] -- Detecting CXX compile features
[2.533s] -- Detecting CXX compile features - done
[2.533s] -- Found ament_cmake_auto: 2.5.4 (/opt/ros/jazzy/share/ament_cmake_auto/cmake)
[2.533s] -- Found Python3: /usr/bin/python3 (found version "3.12.3") found components: Interpreter 
[2.534s] -- Override CMake install command with custom implementation using symlinks instead of copying resources
[2.534s] -- Found rosidl_generator_c: 4.6.5 (/opt/ros/jazzy/share/rosidl_generator_c/cmake)
[2.534s] -- Found rosidl_generator_cpp: 4.6.5 (/opt/ros/jazzy/share/rosidl_generator_cpp/cmake)
[2.534s] -- Using all available rosidl_typesupport_c: rosidl_typesupport_fastrtps_c;rosidl_typesupport_introspection_c
[2.534s] -- Using all available rosidl_typesupport_cpp: rosidl_typesupport_fastrtps_cpp;rosidl_typesupport_introspection_cpp
[2.534s] -- Found rosidl_adapter: 4.6.5 (/opt/ros/jazzy/share/rosidl_adapter/cmake)
[2.535s] -- Found ament_lint_auto: 0.17.2 (/opt/ros/jazzy/share/ament_lint_auto/cmake)
[2.535s] -- Added test 'copyright' to check source files copyright and LICENSE
[2.535s] -- Added test 'lint_cmake' to check CMake code style
[2.535s] -- Added test 'xmllint' to check XML markup files
[2.536s] -- Configuring done (2.1s)
[2.536s] -- Generating done (0.0s)
[2.536s] -- Build files have been written to: /home/olhamelnyk/colcon_venv/src/build/zed_topic_benchmark_interfaces
[2.547s] Invoked command in '/home/olhamelnyk/colcon_venv/src/build/zed_topic_benchmark_interfaces' returned '0': CMAKE_PREFIX_PATH=${CMAKE_PREFIX_PATH}:/home/olhamelnyk/colcon_venv/install/recording_controller_pkg:/home/olhamelnyk/colcon_venv/install/zed_mini:/home/olhamelnyk/colcon_venv/install/recording_zed_rgb:/home/olhamelnyk/colcon_venv/install/recording_zed_depth_rgb:/home/olhamelnyk/colcon_venv/install/recording_zed_depth:/home/olhamelnyk/colcon_venv/install/recording_scene:/home/olhamelnyk/colcon_venv/install/recording_gaze:/home/olhamelnyk/colcon_venv/install/pupil_labs_wrapper:/home/olhamelnyk/colcon_venv/install/async_pupil_wrapper:/opt/ros/jazzy DEBUGINFOD_URLS=https://debuginfod.ubuntu.com /usr/bin/cmake /home/olhamelnyk/colcon_venv/src/zed-ros2-examples/tools/zed_benchmark_interfaces -DAMENT_CMAKE_SYMLINK_INSTALL=1 -DCMAKE_INSTALL_PREFIX=/home/olhamelnyk/colcon_venv/src/install/zed_topic_benchmark_interfaces
[2.548s] Invoking command in '/home/olhamelnyk/colcon_venv/src/build/zed_topic_benchmark_interfaces': CMAKE_PREFIX_PATH=${CMAKE_PREFIX_PATH}:/home/olhamelnyk/colcon_venv/install/recording_controller_pkg:/home/olhamelnyk/colcon_venv/install/zed_mini:/home/olhamelnyk/colcon_venv/install/recording_zed_rgb:/home/olhamelnyk/colcon_venv/install/recording_zed_depth_rgb:/home/olhamelnyk/colcon_venv/install/recording_zed_depth:/home/olhamelnyk/colcon_venv/install/recording_scene:/home/olhamelnyk/colcon_venv/install/recording_gaze:/home/olhamelnyk/colcon_venv/install/pupil_labs_wrapper:/home/olhamelnyk/colcon_venv/install/async_pupil_wrapper:/opt/ros/jazzy DEBUGINFOD_URLS=https://debuginfod.ubuntu.com /usr/bin/cmake --build /home/olhamelnyk/colcon_venv/src/build/zed_topic_benchmark_interfaces -- -j16 -l16
[2.646s] Invoked command in '/home/olhamelnyk/colcon_venv/src/build/zed_topic_benchmark_interfaces' returned '0': CMAKE_PREFIX_PATH=${CMAKE_PREFIX_PATH}:/home/olhamelnyk/colcon_venv/install/recording_controller_pkg:/home/olhamelnyk/colcon_venv/install/zed_mini:/home/olhamelnyk/colcon_venv/install/recording_zed_rgb:/home/olhamelnyk/colcon_venv/install/recording_zed_depth_rgb:/home/olhamelnyk/colcon_venv/install/recording_zed_depth:/home/olhamelnyk/colcon_venv/install/recording_scene:/home/olhamelnyk/colcon_venv/install/recording_gaze:/home/olhamelnyk/colcon_venv/install/pupil_labs_wrapper:/home/olhamelnyk/colcon_venv/install/async_pupil_wrapper:/opt/ros/jazzy DEBUGINFOD_URLS=https://debuginfod.ubuntu.com /usr/bin/cmake --build /home/olhamelnyk/colcon_venv/src/build/zed_topic_benchmark_interfaces -- -j16 -l16
[2.673s] Invoking command in '/home/olhamelnyk/colcon_venv/src/build/zed_topic_benchmark_interfaces': CMAKE_PREFIX_PATH=${CMAKE_PREFIX_PATH}:/home/olhamelnyk/colcon_venv/install/recording_controller_pkg:/home/olhamelnyk/colcon_venv/install/zed_mini:/home/olhamelnyk/colcon_venv/install/recording_zed_rgb:/home/olhamelnyk/colcon_venv/install/recording_zed_depth_rgb:/home/olhamelnyk/colcon_venv/install/recording_zed_depth:/home/olhamelnyk/colcon_venv/install/recording_scene:/home/olhamelnyk/colcon_venv/install/recording_gaze:/home/olhamelnyk/colcon_venv/install/pupil_labs_wrapper:/home/olhamelnyk/colcon_venv/install/async_pupil_wrapper:/opt/ros/jazzy DEBUGINFOD_URLS=https://debuginfod.ubuntu.com /usr/bin/cmake --install /home/olhamelnyk/colcon_venv/src/build/zed_topic_benchmark_interfaces
[2.699s] -- Install configuration: ""
[2.705s] -- Execute custom install script
[2.705s] -- Symlinking: /home/olhamelnyk/colcon_venv/src/install/zed_topic_benchmark_interfaces/share/ament_index/resource_index/package_run_dependencies/zed_topic_benchmark_interfaces
[2.725s] -- Symlinking: /home/olhamelnyk/colcon_venv/src/install/zed_topic_benchmark_interfaces/share/ament_index/resource_index/parent_prefix_path/zed_topic_benchmark_interfaces
[2.749s] -- Symlinking: /home/olhamelnyk/colcon_venv/src/install/zed_topic_benchmark_interfaces/share/zed_topic_benchmark_interfaces/environment/ament_prefix_path.sh
[2.774s] -- Symlinking: /home/olhamelnyk/colcon_venv/src/install/zed_topic_benchmark_interfaces/share/zed_topic_benchmark_interfaces/environment/ament_prefix_path.dsv
[2.800s] -- Symlinking: /home/olhamelnyk/colcon_venv/src/install/zed_topic_benchmark_interfaces/share/zed_topic_benchmark_interfaces/environment/path.sh
[2.822s] -- Symlinking: /home/olhamelnyk/colcon_venv/src/install/zed_topic_benchmark_interfaces/share/zed_topic_benchmark_interfaces/environment/path.dsv
[2.842s] -- Symlinking: /home/olhamelnyk/colcon_venv/src/install/zed_topic_benchmark_interfaces/share/zed_topic_benchmark_interfaces/local_setup.bash
[2.866s] -- Symlinking: /home/olhamelnyk/colcon_venv/src/install/zed_topic_benchmark_interfaces/share/zed_topic_benchmark_interfaces/local_setup.sh
[2.887s] -- Symlinking: /home/olhamelnyk/colcon_venv/src/install/zed_topic_benchmark_interfaces/share/zed_topic_benchmark_interfaces/local_setup.zsh
[2.908s] -- Symlinking: /home/olhamelnyk/colcon_venv/src/install/zed_topic_benchmark_interfaces/share/zed_topic_benchmark_interfaces/local_setup.dsv
[2.932s] -- Symlinking: /home/olhamelnyk/colcon_venv/src/install/zed_topic_benchmark_interfaces/share/zed_topic_benchmark_interfaces/package.dsv
[2.958s] -- Symlinking: /home/olhamelnyk/colcon_venv/src/install/zed_topic_benchmark_interfaces/share/ament_index/resource_index/packages/zed_topic_benchmark_interfaces
[2.980s] -- Symlinking: /home/olhamelnyk/colcon_venv/src/install/zed_topic_benchmark_interfaces/share/zed_topic_benchmark_interfaces/cmake/zed_topic_benchmark_interfacesConfig.cmake
[3.003s] -- Symlinking: /home/olhamelnyk/colcon_venv/src/install/zed_topic_benchmark_interfaces/share/zed_topic_benchmark_interfaces/cmake/zed_topic_benchmark_interfacesConfig-version.cmake
[3.032s] -- Symlinking: /home/olhamelnyk/colcon_venv/src/install/zed_topic_benchmark_interfaces/share/zed_topic_benchmark_interfaces/package.xml
