[  0%] [34m[1mGenerating type hashes for ROS interfaces[0m
[  0%] Built target ament_cmake_python_symlink_zed_msgs
running egg_info
creating zed_msgs.egg-info
writing zed_msgs.egg-info/PKG-INFO
writing dependency_links to zed_msgs.egg-info/dependency_links.txt
writing top-level names to zed_msgs.egg-info/top_level.txt
writing manifest file 'zed_msgs.egg-info/SOURCES.txt'
reading manifest file 'zed_msgs.egg-info/SOURCES.txt'
writing manifest file 'zed_msgs.egg-info/SOURCES.txt'
[  0%] Built target ament_cmake_python_build_zed_msgs_egg
[  0%] Built target zed_msgs__rosidl_generator_type_description
[  1%] [34m[1mGenerating C code for ROS interfaces[0m
[  1%] [34m[1mGenerating C++ code for ROS interfaces[0m
[  1%] Built target zed_msgs__cpp
[  2%] [32mBuilding C object CMakeFiles/zed_msgs__rosidl_generator_c.dir/rosidl_generator_c/zed_msgs/msg/detail/objects_stamped__type_support.c.o[0m
[  2%] [32mBuilding C object CMakeFiles/zed_msgs__rosidl_generator_c.dir/rosidl_generator_c/zed_msgs/msg/detail/object__functions.c.o[0m
[  2%] [32mBuilding C object CMakeFiles/zed_msgs__rosidl_generator_c.dir/rosidl_generator_c/zed_msgs/msg/detail/object__description.c.o[0m
[  2%] [32mBuilding C object CMakeFiles/zed_msgs__rosidl_generator_c.dir/rosidl_generator_c/zed_msgs/msg/detail/objects_stamped__description.c.o[0m
[  3%] [32mBuilding C object CMakeFiles/zed_msgs__rosidl_generator_c.dir/rosidl_generator_c/zed_msgs/msg/detail/keypoint2_di__description.c.o[0m
[  4%] [32mBuilding C object CMakeFiles/zed_msgs__rosidl_generator_c.dir/rosidl_generator_c/zed_msgs/msg/detail/objects_stamped__functions.c.o[0m
[  4%] [32mBuilding C object CMakeFiles/zed_msgs__rosidl_generator_c.dir/rosidl_generator_c/zed_msgs/msg/detail/keypoint3_d__description.c.o[0m
[  4%] [32mBuilding C object CMakeFiles/zed_msgs__rosidl_generator_c.dir/rosidl_generator_c/zed_msgs/msg/detail/keypoint2_di__type_support.c.o[0m
[  3%] [32mBuilding C object CMakeFiles/zed_msgs__rosidl_generator_c.dir/rosidl_generator_c/zed_msgs/msg/detail/object__type_support.c.o[0m
[  4%] [32mBuilding C object CMakeFiles/zed_msgs__rosidl_generator_c.dir/rosidl_generator_c/zed_msgs/msg/detail/keypoint3_d__functions.c.o[0m
[  4%] [32mBuilding C object CMakeFiles/zed_msgs__rosidl_generator_c.dir/rosidl_generator_c/zed_msgs/msg/detail/keypoint2_df__functions.c.o[0m
[  5%] [32mBuilding C object CMakeFiles/zed_msgs__rosidl_generator_c.dir/rosidl_generator_c/zed_msgs/msg/detail/keypoint2_df__type_support.c.o[0m
[  6%] [32mBuilding C object CMakeFiles/zed_msgs__rosidl_generator_c.dir/rosidl_generator_c/zed_msgs/msg/detail/keypoint3_d__type_support.c.o[0m
[  6%] [32mBuilding C object CMakeFiles/zed_msgs__rosidl_generator_c.dir/rosidl_generator_c/zed_msgs/msg/detail/bounding_box2_di__description.c.o[0m
[  6%] [32mBuilding C object CMakeFiles/zed_msgs__rosidl_generator_c.dir/rosidl_generator_c/zed_msgs/msg/detail/keypoint2_di__functions.c.o[0m
[  7%] [32mBuilding C object CMakeFiles/zed_msgs__rosidl_generator_c.dir/rosidl_generator_c/zed_msgs/msg/detail/keypoint2_df__description.c.o[0m
[  8%] [32mBuilding C object CMakeFiles/zed_msgs__rosidl_generator_c.dir/rosidl_generator_c/zed_msgs/msg/detail/bounding_box2_di__type_support.c.o[0m
[  8%] [32mBuilding C object CMakeFiles/zed_msgs__rosidl_generator_c.dir/rosidl_generator_c/zed_msgs/msg/detail/bounding_box2_di__functions.c.o[0m
[  9%] [32mBuilding C object CMakeFiles/zed_msgs__rosidl_generator_c.dir/rosidl_generator_c/zed_msgs/msg/detail/bounding_box3_d__description.c.o[0m
[  9%] [32mBuilding C object CMakeFiles/zed_msgs__rosidl_generator_c.dir/rosidl_generator_c/zed_msgs/msg/detail/bounding_box2_df__functions.c.o[0m
[ 10%] [32mBuilding C object CMakeFiles/zed_msgs__rosidl_generator_c.dir/rosidl_generator_c/zed_msgs/msg/detail/bounding_box2_df__description.c.o[0m
[ 10%] [32mBuilding C object CMakeFiles/zed_msgs__rosidl_generator_c.dir/rosidl_generator_c/zed_msgs/msg/detail/bounding_box3_d__functions.c.o[0m
[ 10%] [32mBuilding C object CMakeFiles/zed_msgs__rosidl_generator_c.dir/rosidl_generator_c/zed_msgs/msg/detail/bounding_box2_df__type_support.c.o[0m
[ 11%] [32mBuilding C object CMakeFiles/zed_msgs__rosidl_generator_c.dir/rosidl_generator_c/zed_msgs/msg/detail/bounding_box3_d__type_support.c.o[0m
[ 11%] [32mBuilding C object CMakeFiles/zed_msgs__rosidl_generator_c.dir/rosidl_generator_c/zed_msgs/msg/detail/skeleton2_d__description.c.o[0m
[ 11%] [32mBuilding C object CMakeFiles/zed_msgs__rosidl_generator_c.dir/rosidl_generator_c/zed_msgs/msg/detail/skeleton2_d__functions.c.o[0m
[ 12%] [32mBuilding C object CMakeFiles/zed_msgs__rosidl_generator_c.dir/rosidl_generator_c/zed_msgs/msg/detail/skeleton2_d__type_support.c.o[0m
[ 12%] [32mBuilding C object CMakeFiles/zed_msgs__rosidl_generator_c.dir/rosidl_generator_c/zed_msgs/msg/detail/skeleton3_d__description.c.o[0m
[ 13%] [32mBuilding C object CMakeFiles/zed_msgs__rosidl_generator_c.dir/rosidl_generator_c/zed_msgs/msg/detail/skeleton3_d__functions.c.o[0m
[ 13%] [32mBuilding C object CMakeFiles/zed_msgs__rosidl_generator_c.dir/rosidl_generator_c/zed_msgs/msg/detail/skeleton3_d__type_support.c.o[0m
[ 14%] [32mBuilding C object CMakeFiles/zed_msgs__rosidl_generator_c.dir/rosidl_generator_c/zed_msgs/msg/detail/depth_info_stamped__functions.c.o[0m
[ 14%] [32mBuilding C object CMakeFiles/zed_msgs__rosidl_generator_c.dir/rosidl_generator_c/zed_msgs/msg/detail/depth_info_stamped__type_support.c.o[0m
[ 14%] [32mBuilding C object CMakeFiles/zed_msgs__rosidl_generator_c.dir/rosidl_generator_c/zed_msgs/msg/detail/depth_info_stamped__description.c.o[0m
[ 15%] [32mBuilding C object CMakeFiles/zed_msgs__rosidl_generator_c.dir/rosidl_generator_c/zed_msgs/msg/detail/plane_stamped__description.c.o[0m
[ 15%] [32mBuilding C object CMakeFiles/zed_msgs__rosidl_generator_c.dir/rosidl_generator_c/zed_msgs/msg/detail/plane_stamped__type_support.c.o[0m
[ 15%] [32mBuilding C object CMakeFiles/zed_msgs__rosidl_generator_c.dir/rosidl_generator_c/zed_msgs/msg/detail/plane_stamped__functions.c.o[0m
[ 15%] [32mBuilding C object CMakeFiles/zed_msgs__rosidl_generator_c.dir/rosidl_generator_c/zed_msgs/msg/detail/pos_track_status__functions.c.o[0m
[ 15%] [32mBuilding C object CMakeFiles/zed_msgs__rosidl_generator_c.dir/rosidl_generator_c/zed_msgs/msg/detail/gnss_fusion_status__description.c.o[0m
[ 16%] [32mBuilding C object CMakeFiles/zed_msgs__rosidl_generator_c.dir/rosidl_generator_c/zed_msgs/msg/detail/pos_track_status__type_support.c.o[0m
[ 17%] [32mBuilding C object CMakeFiles/zed_msgs__rosidl_generator_c.dir/rosidl_generator_c/zed_msgs/msg/detail/pos_track_status__description.c.o[0m
[ 18%] [32mBuilding C object CMakeFiles/zed_msgs__rosidl_generator_c.dir/rosidl_generator_c/zed_msgs/msg/detail/gnss_fusion_status__functions.c.o[0m
[ 18%] [32mBuilding C object CMakeFiles/zed_msgs__rosidl_generator_c.dir/rosidl_generator_c/zed_msgs/msg/detail/gnss_fusion_status__type_support.c.o[0m
[ 18%] [32mBuilding C object CMakeFiles/zed_msgs__rosidl_generator_c.dir/rosidl_generator_c/zed_msgs/msg/detail/heartbeat__description.c.o[0m
[ 19%] [32mBuilding C object CMakeFiles/zed_msgs__rosidl_generator_c.dir/rosidl_generator_c/zed_msgs/msg/detail/heartbeat__functions.c.o[0m
[ 19%] [32mBuilding C object CMakeFiles/zed_msgs__rosidl_generator_c.dir/rosidl_generator_c/zed_msgs/msg/detail/heartbeat__type_support.c.o[0m
[ 19%] [32mBuilding C object CMakeFiles/zed_msgs__rosidl_generator_c.dir/rosidl_generator_c/zed_msgs/msg/detail/mag_heading_status__functions.c.o[0m
[ 20%] [32mBuilding C object CMakeFiles/zed_msgs__rosidl_generator_c.dir/rosidl_generator_c/zed_msgs/msg/detail/mag_heading_status__description.c.o[0m
[ 20%] [32mBuilding C object CMakeFiles/zed_msgs__rosidl_generator_c.dir/rosidl_generator_c/zed_msgs/msg/detail/mag_heading_status__type_support.c.o[0m
[ 21%] [32mBuilding C object CMakeFiles/zed_msgs__rosidl_generator_c.dir/rosidl_generator_c/zed_msgs/msg/detail/svo_status__description.c.o[0m
[ 22%] [32mBuilding C object CMakeFiles/zed_msgs__rosidl_generator_c.dir/rosidl_generator_c/zed_msgs/msg/detail/svo_status__functions.c.o[0m
[ 22%] [32mBuilding C object CMakeFiles/zed_msgs__rosidl_generator_c.dir/rosidl_generator_c/zed_msgs/msg/detail/svo_status__type_support.c.o[0m
[ 22%] [32mBuilding C object CMakeFiles/zed_msgs__rosidl_generator_c.dir/rosidl_generator_c/zed_msgs/msg/detail/health_status_stamped__description.c.o[0m
[ 22%] [32mBuilding C object CMakeFiles/zed_msgs__rosidl_generator_c.dir/rosidl_generator_c/zed_msgs/msg/detail/health_status_stamped__functions.c.o[0m
[ 23%] [32mBuilding C object CMakeFiles/zed_msgs__rosidl_generator_c.dir/rosidl_generator_c/zed_msgs/msg/detail/health_status_stamped__type_support.c.o[0m
[ 24%] [32mBuilding C object CMakeFiles/zed_msgs__rosidl_generator_c.dir/rosidl_generator_c/zed_msgs/srv/detail/set_pose__functions.c.o[0m
[ 24%] [32mBuilding C object CMakeFiles/zed_msgs__rosidl_generator_c.dir/rosidl_generator_c/zed_msgs/srv/detail/set_pose__type_support.c.o[0m
[ 25%] [32mBuilding C object CMakeFiles/zed_msgs__rosidl_generator_c.dir/rosidl_generator_c/zed_msgs/srv/detail/start_svo_rec__description.c.o[0m
[ 25%] [32mBuilding C object CMakeFiles/zed_msgs__rosidl_generator_c.dir/rosidl_generator_c/zed_msgs/srv/detail/set_pose__description.c.o[0m
[ 25%] [32mBuilding C object CMakeFiles/zed_msgs__rosidl_generator_c.dir/rosidl_generator_c/zed_msgs/srv/detail/start_svo_rec__functions.c.o[0m
[ 25%] [32mBuilding C object CMakeFiles/zed_msgs__rosidl_generator_c.dir/rosidl_generator_c/zed_msgs/srv/detail/start_svo_rec__type_support.c.o[0m
[ 26%] [32mBuilding C object CMakeFiles/zed_msgs__rosidl_generator_c.dir/rosidl_generator_c/zed_msgs/srv/detail/set_roi__description.c.o[0m
[ 26%] [32mBuilding C object CMakeFiles/zed_msgs__rosidl_generator_c.dir/rosidl_generator_c/zed_msgs/srv/detail/set_roi__functions.c.o[0m
[ 27%] [32mBuilding C object CMakeFiles/zed_msgs__rosidl_generator_c.dir/rosidl_generator_c/zed_msgs/srv/detail/set_roi__type_support.c.o[0m
[ 27%] [32mBuilding C object CMakeFiles/zed_msgs__rosidl_generator_c.dir/rosidl_generator_c/zed_msgs/srv/detail/set_svo_frame__functions.c.o[0m
[ 27%] [32mBuilding C object CMakeFiles/zed_msgs__rosidl_generator_c.dir/rosidl_generator_c/zed_msgs/srv/detail/set_svo_frame__description.c.o[0m
[ 28%] [32mBuilding C object CMakeFiles/zed_msgs__rosidl_generator_c.dir/rosidl_generator_c/zed_msgs/srv/detail/set_svo_frame__type_support.c.o[0m
[ 28%] [32m[1mLinking C shared library libzed_msgs__rosidl_generator_c.so[0m
[ 28%] Built target zed_msgs__rosidl_generator_c
[ 28%] [34m[1mGenerating C type support for eProsima Fast-RTPS[0m
[ 29%] [34m[1mGenerating C++ introspection for ROS interfaces[0m
[ 29%] [34m[1mGenerating C++ type support dispatch for ROS interfaces[0m
[ 29%] [34m[1mGenerating C type support dispatch for ROS interfaces[0m
[ 29%] [34m[1mGenerating C++ type support for eProsima Fast-RTPS[0m
[ 30%] [34m[1mGenerating C introspection for ROS interfaces[0m
[ 32%] [32mBuilding CXX object CMakeFiles/zed_msgs__rosidl_typesupport_cpp.dir/rosidl_typesupport_cpp/zed_msgs/msg/skeleton2_d__type_support.cpp.o[0m
[ 33%] [32mBuilding CXX object CMakeFiles/zed_msgs__rosidl_typesupport_cpp.dir/rosidl_typesupport_cpp/zed_msgs/msg/keypoint2_di__type_support.cpp.o[0m
[ 33%] [32mBuilding CXX object CMakeFiles/zed_msgs__rosidl_typesupport_cpp.dir/rosidl_typesupport_cpp/zed_msgs/msg/bounding_box3_d__type_support.cpp.o[0m
[ 33%] [32mBuilding CXX object CMakeFiles/zed_msgs__rosidl_typesupport_cpp.dir/rosidl_typesupport_cpp/zed_msgs/msg/bounding_box2_df__type_support.cpp.o[0m
[ 33%] [32mBuilding CXX object CMakeFiles/zed_msgs__rosidl_typesupport_cpp.dir/rosidl_typesupport_cpp/zed_msgs/msg/bounding_box2_di__type_support.cpp.o[0m
[ 33%] [32mBuilding CXX object CMakeFiles/zed_msgs__rosidl_typesupport_cpp.dir/rosidl_typesupport_cpp/zed_msgs/msg/objects_stamped__type_support.cpp.o[0m
[ 33%] [32mBuilding CXX object CMakeFiles/zed_msgs__rosidl_typesupport_cpp.dir/rosidl_typesupport_cpp/zed_msgs/msg/keypoint2_df__type_support.cpp.o[0m
[ 33%] [32mBuilding CXX object CMakeFiles/zed_msgs__rosidl_typesupport_cpp.dir/rosidl_typesupport_cpp/zed_msgs/msg/keypoint3_d__type_support.cpp.o[0m
[ 34%] [32mBuilding CXX object CMakeFiles/zed_msgs__rosidl_typesupport_cpp.dir/rosidl_typesupport_cpp/zed_msgs/msg/depth_info_stamped__type_support.cpp.o[0m
[ 34%] [32mBuilding CXX object CMakeFiles/zed_msgs__rosidl_typesupport_cpp.dir/rosidl_typesupport_cpp/zed_msgs/msg/skeleton3_d__type_support.cpp.o[0m
[ 35%] [32mBuilding CXX object CMakeFiles/zed_msgs__rosidl_typesupport_cpp.dir/rosidl_typesupport_cpp/zed_msgs/msg/object__type_support.cpp.o[0m
[ 36%] [32mBuilding CXX object CMakeFiles/zed_msgs__rosidl_typesupport_c.dir/rosidl_typesupport_c/zed_msgs/msg/object__type_support.cpp.o[0m
[ 36%] [32mBuilding CXX object CMakeFiles/zed_msgs__rosidl_typesupport_c.dir/rosidl_typesupport_c/zed_msgs/msg/objects_stamped__type_support.cpp.o[0m
[ 37%] [32mBuilding CXX object CMakeFiles/zed_msgs__rosidl_typesupport_c.dir/rosidl_typesupport_c/zed_msgs/msg/keypoint2_di__type_support.cpp.o[0m
[ 37%] [32mBuilding CXX object CMakeFiles/zed_msgs__rosidl_typesupport_c.dir/rosidl_typesupport_c/zed_msgs/msg/keypoint2_df__type_support.cpp.o[0m
[ 37%] [32mBuilding CXX object CMakeFiles/zed_msgs__rosidl_typesupport_c.dir/rosidl_typesupport_c/zed_msgs/msg/keypoint3_d__type_support.cpp.o[0m
[ 38%] [32mBuilding CXX object CMakeFiles/zed_msgs__rosidl_typesupport_c.dir/rosidl_typesupport_c/zed_msgs/msg/bounding_box2_di__type_support.cpp.o[0m
[ 38%] [32mBuilding CXX object CMakeFiles/zed_msgs__rosidl_typesupport_cpp.dir/rosidl_typesupport_cpp/zed_msgs/msg/plane_stamped__type_support.cpp.o[0m
[ 38%] [32mBuilding CXX object CMakeFiles/zed_msgs__rosidl_typesupport_c.dir/rosidl_typesupport_c/zed_msgs/msg/bounding_box2_df__type_support.cpp.o[0m
[ 39%] [32mBuilding CXX object CMakeFiles/zed_msgs__rosidl_typesupport_c.dir/rosidl_typesupport_c/zed_msgs/msg/bounding_box3_d__type_support.cpp.o[0m
[ 39%] [32mBuilding CXX object CMakeFiles/zed_msgs__rosidl_typesupport_cpp.dir/rosidl_typesupport_cpp/zed_msgs/msg/gnss_fusion_status__type_support.cpp.o[0m
[ 39%] [32mBuilding CXX object CMakeFiles/zed_msgs__rosidl_typesupport_c.dir/rosidl_typesupport_c/zed_msgs/msg/skeleton2_d__type_support.cpp.o[0m
[ 40%] [32mBuilding CXX object CMakeFiles/zed_msgs__rosidl_typesupport_cpp.dir/rosidl_typesupport_cpp/zed_msgs/msg/pos_track_status__type_support.cpp.o[0m
[ 40%] [32mBuilding CXX object CMakeFiles/zed_msgs__rosidl_typesupport_cpp.dir/rosidl_typesupport_cpp/zed_msgs/msg/heartbeat__type_support.cpp.o[0m
[ 41%] [32mBuilding CXX object CMakeFiles/zed_msgs__rosidl_typesupport_c.dir/rosidl_typesupport_c/zed_msgs/msg/skeleton3_d__type_support.cpp.o[0m
[ 42%] [32mBuilding CXX object CMakeFiles/zed_msgs__rosidl_typesupport_cpp.dir/rosidl_typesupport_cpp/zed_msgs/msg/mag_heading_status__type_support.cpp.o[0m
[ 42%] [32mBuilding CXX object CMakeFiles/zed_msgs__rosidl_typesupport_cpp.dir/rosidl_typesupport_cpp/zed_msgs/msg/svo_status__type_support.cpp.o[0m
[ 43%] [32mBuilding CXX object CMakeFiles/zed_msgs__rosidl_typesupport_cpp.dir/rosidl_typesupport_cpp/zed_msgs/msg/health_status_stamped__type_support.cpp.o[0m
[ 43%] [32mBuilding CXX object CMakeFiles/zed_msgs__rosidl_typesupport_c.dir/rosidl_typesupport_c/zed_msgs/msg/depth_info_stamped__type_support.cpp.o[0m
[ 43%] [32mBuilding CXX object CMakeFiles/zed_msgs__rosidl_typesupport_c.dir/rosidl_typesupport_c/zed_msgs/msg/plane_stamped__type_support.cpp.o[0m
[ 44%] [32mBuilding CXX object CMakeFiles/zed_msgs__rosidl_typesupport_c.dir/rosidl_typesupport_c/zed_msgs/msg/pos_track_status__type_support.cpp.o[0m
[ 44%] [32mBuilding CXX object CMakeFiles/zed_msgs__rosidl_typesupport_cpp.dir/rosidl_typesupport_cpp/zed_msgs/srv/set_pose__type_support.cpp.o[0m
[ 44%] [32mBuilding CXX object CMakeFiles/zed_msgs__rosidl_typesupport_c.dir/rosidl_typesupport_c/zed_msgs/msg/gnss_fusion_status__type_support.cpp.o[0m
[ 44%] [32mBuilding CXX object CMakeFiles/zed_msgs__rosidl_typesupport_cpp.dir/rosidl_typesupport_cpp/zed_msgs/srv/start_svo_rec__type_support.cpp.o[0m
[ 45%] [32mBuilding CXX object CMakeFiles/zed_msgs__rosidl_typesupport_cpp.dir/rosidl_typesupport_cpp/zed_msgs/srv/set_roi__type_support.cpp.o[0m
[ 46%] [32mBuilding CXX object CMakeFiles/zed_msgs__rosidl_typesupport_c.dir/rosidl_typesupport_c/zed_msgs/msg/heartbeat__type_support.cpp.o[0m
[ 46%] [32mBuilding CXX object CMakeFiles/zed_msgs__rosidl_typesupport_cpp.dir/rosidl_typesupport_cpp/zed_msgs/srv/set_svo_frame__type_support.cpp.o[0m
[ 46%] [32mBuilding CXX object CMakeFiles/zed_msgs__rosidl_typesupport_c.dir/rosidl_typesupport_c/zed_msgs/msg/mag_heading_status__type_support.cpp.o[0m
[ 46%] [32mBuilding CXX object CMakeFiles/zed_msgs__rosidl_typesupport_c.dir/rosidl_typesupport_c/zed_msgs/msg/svo_status__type_support.cpp.o[0m
[ 47%] [32mBuilding CXX object CMakeFiles/zed_msgs__rosidl_typesupport_c.dir/rosidl_typesupport_c/zed_msgs/msg/health_status_stamped__type_support.cpp.o[0m
[ 47%] [32mBuilding CXX object CMakeFiles/zed_msgs__rosidl_typesupport_c.dir/rosidl_typesupport_c/zed_msgs/srv/set_pose__type_support.cpp.o[0m
[ 48%] [32mBuilding CXX object CMakeFiles/zed_msgs__rosidl_typesupport_c.dir/rosidl_typesupport_c/zed_msgs/srv/start_svo_rec__type_support.cpp.o[0m
[ 48%] [32mBuilding CXX object CMakeFiles/zed_msgs__rosidl_typesupport_c.dir/rosidl_typesupport_c/zed_msgs/srv/set_roi__type_support.cpp.o[0m
[ 48%] [32mBuilding CXX object CMakeFiles/zed_msgs__rosidl_typesupport_c.dir/rosidl_typesupport_c/zed_msgs/srv/set_svo_frame__type_support.cpp.o[0m
[ 48%] [32mBuilding CXX object CMakeFiles/zed_msgs__rosidl_typesupport_introspection_cpp.dir/rosidl_typesupport_introspection_cpp/zed_msgs/msg/detail/object__type_support.cpp.o[0m
[ 48%] [32mBuilding C object CMakeFiles/zed_msgs__rosidl_typesupport_introspection_c.dir/rosidl_typesupport_introspection_c/zed_msgs/msg/detail/object__type_support.c.o[0m
[ 48%] [32mBuilding C object CMakeFiles/zed_msgs__rosidl_typesupport_introspection_c.dir/rosidl_typesupport_introspection_c/zed_msgs/msg/detail/keypoint2_di__type_support.c.o[0m
[ 49%] [32mBuilding C object CMakeFiles/zed_msgs__rosidl_typesupport_introspection_c.dir/rosidl_typesupport_introspection_c/zed_msgs/msg/detail/objects_stamped__type_support.c.o[0m
[ 50%] [32m[1mLinking CXX shared library libzed_msgs__rosidl_typesupport_c.so[0m
[ 49%] [32mBuilding C object CMakeFiles/zed_msgs__rosidl_typesupport_introspection_c.dir/rosidl_typesupport_introspection_c/zed_msgs/msg/detail/keypoint2_df__type_support.c.o[0m
[ 51%] [32mBuilding C object CMakeFiles/zed_msgs__rosidl_typesupport_introspection_c.dir/rosidl_typesupport_introspection_c/zed_msgs/msg/detail/keypoint3_d__type_support.c.o[0m
[ 52%] [32mBuilding CXX object CMakeFiles/zed_msgs__rosidl_typesupport_introspection_cpp.dir/rosidl_typesupport_introspection_cpp/zed_msgs/msg/detail/keypoint2_di__type_support.cpp.o[0m
[ 52%] [32mBuilding CXX object CMakeFiles/zed_msgs__rosidl_typesupport_introspection_cpp.dir/rosidl_typesupport_introspection_cpp/zed_msgs/msg/detail/keypoint2_df__type_support.cpp.o[0m
[ 52%] [32mBuilding CXX object CMakeFiles/zed_msgs__rosidl_typesupport_introspection_cpp.dir/rosidl_typesupport_introspection_cpp/zed_msgs/msg/detail/objects_stamped__type_support.cpp.o[0m
[ 53%] [32mBuilding CXX object CMakeFiles/zed_msgs__rosidl_typesupport_introspection_cpp.dir/rosidl_typesupport_introspection_cpp/zed_msgs/msg/detail/keypoint3_d__type_support.cpp.o[0m
[ 53%] [32mBuilding CXX object CMakeFiles/zed_msgs__rosidl_typesupport_introspection_cpp.dir/rosidl_typesupport_introspection_cpp/zed_msgs/msg/detail/bounding_box2_di__type_support.cpp.o[0m
[ 54%] [32mBuilding C object CMakeFiles/zed_msgs__rosidl_typesupport_introspection_c.dir/rosidl_typesupport_introspection_c/zed_msgs/msg/detail/bounding_box2_df__type_support.c.o[0m
[ 54%] [32mBuilding C object CMakeFiles/zed_msgs__rosidl_typesupport_introspection_c.dir/rosidl_typesupport_introspection_c/zed_msgs/msg/detail/bounding_box2_di__type_support.c.o[0m
[ 54%] Built target zed_msgs__rosidl_typesupport_c
[ 54%] [32mBuilding CXX object CMakeFiles/zed_msgs__rosidl_typesupport_introspection_cpp.dir/rosidl_typesupport_introspection_cpp/zed_msgs/msg/detail/bounding_box2_df__type_support.cpp.o[0m
[ 54%] [32mBuilding C object CMakeFiles/zed_msgs__rosidl_typesupport_introspection_c.dir/rosidl_typesupport_introspection_c/zed_msgs/msg/detail/bounding_box3_d__type_support.c.o[0m
[ 55%] [32mBuilding CXX object CMakeFiles/zed_msgs__rosidl_typesupport_introspection_cpp.dir/rosidl_typesupport_introspection_cpp/zed_msgs/msg/detail/bounding_box3_d__type_support.cpp.o[0m
[ 55%] [32mBuilding CXX object CMakeFiles/zed_msgs__rosidl_typesupport_introspection_cpp.dir/rosidl_typesupport_introspection_cpp/zed_msgs/msg/detail/skeleton2_d__type_support.cpp.o[0m
[ 55%] [32mBuilding C object CMakeFiles/zed_msgs__rosidl_typesupport_introspection_c.dir/rosidl_typesupport_introspection_c/zed_msgs/msg/detail/skeleton2_d__type_support.c.o[0m
[ 56%] [32mBuilding CXX object CMakeFiles/zed_msgs__rosidl_typesupport_introspection_cpp.dir/rosidl_typesupport_introspection_cpp/zed_msgs/msg/detail/skeleton3_d__type_support.cpp.o[0m
[ 56%] [32mBuilding CXX object CMakeFiles/zed_msgs__rosidl_typesupport_introspection_cpp.dir/rosidl_typesupport_introspection_cpp/zed_msgs/msg/detail/depth_info_stamped__type_support.cpp.o[0m
[ 57%] [32mBuilding C object CMakeFiles/zed_msgs__rosidl_typesupport_introspection_c.dir/rosidl_typesupport_introspection_c/zed_msgs/msg/detail/skeleton3_d__type_support.c.o[0m
[ 57%] [32mBuilding C object CMakeFiles/zed_msgs__rosidl_typesupport_introspection_c.dir/rosidl_typesupport_introspection_c/zed_msgs/msg/detail/depth_info_stamped__type_support.c.o[0m
[ 58%] [32mBuilding CXX object CMakeFiles/zed_msgs__rosidl_typesupport_introspection_cpp.dir/rosidl_typesupport_introspection_cpp/zed_msgs/msg/detail/plane_stamped__type_support.cpp.o[0m
[ 59%] [32m[1mLinking CXX shared library libzed_msgs__rosidl_typesupport_cpp.so[0m
[ 60%] [32mBuilding C object CMakeFiles/zed_msgs__rosidl_typesupport_introspection_c.dir/rosidl_typesupport_introspection_c/zed_msgs/msg/detail/plane_stamped__type_support.c.o[0m
[ 60%] [32mBuilding CXX object CMakeFiles/zed_msgs__rosidl_typesupport_fastrtps_cpp.dir/rosidl_typesupport_fastrtps_cpp/zed_msgs/msg/detail/dds_fastrtps/object__type_support.cpp.o[0m
[ 61%] [32mBuilding CXX object CMakeFiles/zed_msgs__rosidl_typesupport_fastrtps_cpp.dir/rosidl_typesupport_fastrtps_cpp/zed_msgs/msg/detail/dds_fastrtps/objects_stamped__type_support.cpp.o[0m
[ 61%] [32mBuilding C object CMakeFiles/zed_msgs__rosidl_typesupport_introspection_c.dir/rosidl_typesupport_introspection_c/zed_msgs/msg/detail/pos_track_status__type_support.c.o[0m
[ 61%] [32mBuilding CXX object CMakeFiles/zed_msgs__rosidl_typesupport_fastrtps_cpp.dir/rosidl_typesupport_fastrtps_cpp/zed_msgs/msg/detail/dds_fastrtps/keypoint2_di__type_support.cpp.o[0m
[ 62%] [32mBuilding CXX object CMakeFiles/zed_msgs__rosidl_typesupport_fastrtps_cpp.dir/rosidl_typesupport_fastrtps_cpp/zed_msgs/msg/detail/dds_fastrtps/keypoint2_df__type_support.cpp.o[0m
[ 62%] [32mBuilding CXX object CMakeFiles/zed_msgs__rosidl_typesupport_fastrtps_cpp.dir/rosidl_typesupport_fastrtps_cpp/zed_msgs/msg/detail/dds_fastrtps/keypoint3_d__type_support.cpp.o[0m
[ 63%] [32mBuilding C object CMakeFiles/zed_msgs__rosidl_typesupport_introspection_c.dir/rosidl_typesupport_introspection_c/zed_msgs/msg/detail/gnss_fusion_status__type_support.c.o[0m
[ 63%] Built target zed_msgs__rosidl_typesupport_cpp
[ 63%] [32mBuilding CXX object CMakeFiles/zed_msgs__rosidl_typesupport_fastrtps_cpp.dir/rosidl_typesupport_fastrtps_cpp/zed_msgs/msg/detail/dds_fastrtps/bounding_box2_di__type_support.cpp.o[0m
[ 64%] [32mBuilding CXX object CMakeFiles/zed_msgs__rosidl_typesupport_fastrtps_cpp.dir/rosidl_typesupport_fastrtps_cpp/zed_msgs/msg/detail/dds_fastrtps/bounding_box2_df__type_support.cpp.o[0m
[ 64%] [32mBuilding CXX object CMakeFiles/zed_msgs__rosidl_typesupport_fastrtps_cpp.dir/rosidl_typesupport_fastrtps_cpp/zed_msgs/msg/detail/dds_fastrtps/bounding_box3_d__type_support.cpp.o[0m
[ 64%] [32mBuilding CXX object CMakeFiles/zed_msgs__rosidl_typesupport_introspection_cpp.dir/rosidl_typesupport_introspection_cpp/zed_msgs/msg/detail/pos_track_status__type_support.cpp.o[0m
[ 64%] [32mBuilding CXX object CMakeFiles/zed_msgs__rosidl_typesupport_introspection_cpp.dir/rosidl_typesupport_introspection_cpp/zed_msgs/msg/detail/gnss_fusion_status__type_support.cpp.o[0m
[ 64%] [32mBuilding C object CMakeFiles/zed_msgs__rosidl_typesupport_introspection_c.dir/rosidl_typesupport_introspection_c/zed_msgs/msg/detail/heartbeat__type_support.c.o[0m
[ 64%] [32mBuilding C object CMakeFiles/zed_msgs__rosidl_typesupport_introspection_c.dir/rosidl_typesupport_introspection_c/zed_msgs/msg/detail/mag_heading_status__type_support.c.o[0m
[ 65%] [32mBuilding CXX object CMakeFiles/zed_msgs__rosidl_typesupport_introspection_cpp.dir/rosidl_typesupport_introspection_cpp/zed_msgs/msg/detail/heartbeat__type_support.cpp.o[0m
[ 65%] [32mBuilding CXX object CMakeFiles/zed_msgs__rosidl_typesupport_introspection_cpp.dir/rosidl_typesupport_introspection_cpp/zed_msgs/msg/detail/mag_heading_status__type_support.cpp.o[0m
[ 66%] [32mBuilding C object CMakeFiles/zed_msgs__rosidl_typesupport_introspection_c.dir/rosidl_typesupport_introspection_c/zed_msgs/msg/detail/svo_status__type_support.c.o[0m
[ 67%] [32mBuilding CXX object CMakeFiles/zed_msgs__rosidl_typesupport_fastrtps_cpp.dir/rosidl_typesupport_fastrtps_cpp/zed_msgs/msg/detail/dds_fastrtps/skeleton2_d__type_support.cpp.o[0m
[ 67%] [32mBuilding C object CMakeFiles/zed_msgs__rosidl_typesupport_introspection_c.dir/rosidl_typesupport_introspection_c/zed_msgs/msg/detail/health_status_stamped__type_support.c.o[0m
[ 68%] [32mBuilding CXX object CMakeFiles/zed_msgs__rosidl_typesupport_fastrtps_c.dir/rosidl_typesupport_fastrtps_c/zed_msgs/msg/detail/object__type_support_c.cpp.o[0m
[ 69%] [32mBuilding CXX object CMakeFiles/zed_msgs__rosidl_typesupport_introspection_cpp.dir/rosidl_typesupport_introspection_cpp/zed_msgs/msg/detail/svo_status__type_support.cpp.o[0m
[ 70%] [32mBuilding C object CMakeFiles/zed_msgs__rosidl_typesupport_introspection_c.dir/rosidl_typesupport_introspection_c/zed_msgs/srv/detail/set_pose__type_support.c.o[0m
[ 70%] [32mBuilding CXX object CMakeFiles/zed_msgs__rosidl_typesupport_fastrtps_cpp.dir/rosidl_typesupport_fastrtps_cpp/zed_msgs/msg/detail/dds_fastrtps/skeleton3_d__type_support.cpp.o[0m
[ 70%] [32mBuilding CXX object CMakeFiles/zed_msgs__rosidl_typesupport_fastrtps_c.dir/rosidl_typesupport_fastrtps_c/zed_msgs/msg/detail/objects_stamped__type_support_c.cpp.o[0m
[ 70%] [32mBuilding C object CMakeFiles/zed_msgs__rosidl_typesupport_introspection_c.dir/rosidl_typesupport_introspection_c/zed_msgs/srv/detail/start_svo_rec__type_support.c.o[0m
[ 70%] [32mBuilding C object CMakeFiles/zed_msgs__rosidl_typesupport_introspection_c.dir/rosidl_typesupport_introspection_c/zed_msgs/srv/detail/set_roi__type_support.c.o[0m
[ 70%] [32mBuilding CXX object CMakeFiles/zed_msgs__rosidl_typesupport_fastrtps_c.dir/rosidl_typesupport_fastrtps_c/zed_msgs/msg/detail/keypoint2_di__type_support_c.cpp.o[0m
[ 70%] [32mBuilding CXX object CMakeFiles/zed_msgs__rosidl_typesupport_fastrtps_cpp.dir/rosidl_typesupport_fastrtps_cpp/zed_msgs/msg/detail/dds_fastrtps/depth_info_stamped__type_support.cpp.o[0m
[ 70%] [32mBuilding CXX object CMakeFiles/zed_msgs__rosidl_typesupport_introspection_cpp.dir/rosidl_typesupport_introspection_cpp/zed_msgs/msg/detail/health_status_stamped__type_support.cpp.o[0m
[ 71%] [32mBuilding CXX object CMakeFiles/zed_msgs__rosidl_typesupport_fastrtps_c.dir/rosidl_typesupport_fastrtps_c/zed_msgs/msg/detail/keypoint2_df__type_support_c.cpp.o[0m
[ 72%] [32mBuilding C object CMakeFiles/zed_msgs__rosidl_typesupport_introspection_c.dir/rosidl_typesupport_introspection_c/zed_msgs/srv/detail/set_svo_frame__type_support.c.o[0m
[ 73%] [32mBuilding CXX object CMakeFiles/zed_msgs__rosidl_typesupport_fastrtps_cpp.dir/rosidl_typesupport_fastrtps_cpp/zed_msgs/msg/detail/dds_fastrtps/plane_stamped__type_support.cpp.o[0m
[ 73%] [32mBuilding CXX object CMakeFiles/zed_msgs__rosidl_typesupport_introspection_cpp.dir/rosidl_typesupport_introspection_cpp/zed_msgs/srv/detail/set_pose__type_support.cpp.o[0m
[ 74%] [32mBuilding CXX object CMakeFiles/zed_msgs__rosidl_typesupport_introspection_cpp.dir/rosidl_typesupport_introspection_cpp/zed_msgs/srv/detail/start_svo_rec__type_support.cpp.o[0m
[ 74%] [32mBuilding CXX object CMakeFiles/zed_msgs__rosidl_typesupport_fastrtps_c.dir/rosidl_typesupport_fastrtps_c/zed_msgs/msg/detail/keypoint3_d__type_support_c.cpp.o[0m
[ 74%] [32mBuilding CXX object CMakeFiles/zed_msgs__rosidl_typesupport_introspection_cpp.dir/rosidl_typesupport_introspection_cpp/zed_msgs/srv/detail/set_roi__type_support.cpp.o[0m
[ 74%] [32mBuilding CXX object CMakeFiles/zed_msgs__rosidl_typesupport_fastrtps_cpp.dir/rosidl_typesupport_fastrtps_cpp/zed_msgs/msg/detail/dds_fastrtps/pos_track_status__type_support.cpp.o[0m
[ 74%] [32m[1mLinking C shared library libzed_msgs__rosidl_typesupport_introspection_c.so[0m
[ 75%] [32mBuilding CXX object CMakeFiles/zed_msgs__rosidl_typesupport_fastrtps_c.dir/rosidl_typesupport_fastrtps_c/zed_msgs/msg/detail/bounding_box2_di__type_support_c.cpp.o[0m
[ 75%] [32mBuilding CXX object CMakeFiles/zed_msgs__rosidl_typesupport_fastrtps_c.dir/rosidl_typesupport_fastrtps_c/zed_msgs/msg/detail/bounding_box2_df__type_support_c.cpp.o[0m
[ 75%] Built target zed_msgs__rosidl_typesupport_introspection_c
[ 75%] [32mBuilding CXX object CMakeFiles/zed_msgs__rosidl_typesupport_fastrtps_c.dir/rosidl_typesupport_fastrtps_c/zed_msgs/msg/detail/bounding_box3_d__type_support_c.cpp.o[0m
[ 76%] [32mBuilding CXX object CMakeFiles/zed_msgs__rosidl_typesupport_introspection_cpp.dir/rosidl_typesupport_introspection_cpp/zed_msgs/srv/detail/set_svo_frame__type_support.cpp.o[0m
[ 77%] [32mBuilding CXX object CMakeFiles/zed_msgs__rosidl_typesupport_fastrtps_cpp.dir/rosidl_typesupport_fastrtps_cpp/zed_msgs/msg/detail/dds_fastrtps/gnss_fusion_status__type_support.cpp.o[0m
[ 78%] [32mBuilding CXX object CMakeFiles/zed_msgs__rosidl_typesupport_fastrtps_c.dir/rosidl_typesupport_fastrtps_c/zed_msgs/msg/detail/skeleton2_d__type_support_c.cpp.o[0m
[ 78%] [32mBuilding CXX object CMakeFiles/zed_msgs__rosidl_typesupport_fastrtps_cpp.dir/rosidl_typesupport_fastrtps_cpp/zed_msgs/msg/detail/dds_fastrtps/heartbeat__type_support.cpp.o[0m
[ 78%] [32mBuilding CXX object CMakeFiles/zed_msgs__rosidl_typesupport_fastrtps_c.dir/rosidl_typesupport_fastrtps_c/zed_msgs/msg/detail/skeleton3_d__type_support_c.cpp.o[0m
[ 79%] [32mBuilding CXX object CMakeFiles/zed_msgs__rosidl_typesupport_fastrtps_cpp.dir/rosidl_typesupport_fastrtps_cpp/zed_msgs/msg/detail/dds_fastrtps/mag_heading_status__type_support.cpp.o[0m
[ 80%] [32mBuilding CXX object CMakeFiles/zed_msgs__rosidl_typesupport_fastrtps_c.dir/rosidl_typesupport_fastrtps_c/zed_msgs/msg/detail/depth_info_stamped__type_support_c.cpp.o[0m
[ 80%] [32mBuilding CXX object CMakeFiles/zed_msgs__rosidl_typesupport_fastrtps_cpp.dir/rosidl_typesupport_fastrtps_cpp/zed_msgs/msg/detail/dds_fastrtps/svo_status__type_support.cpp.o[0m
[ 80%] [32mBuilding CXX object CMakeFiles/zed_msgs__rosidl_typesupport_fastrtps_cpp.dir/rosidl_typesupport_fastrtps_cpp/zed_msgs/msg/detail/dds_fastrtps/health_status_stamped__type_support.cpp.o[0m
[ 80%] [32mBuilding CXX object CMakeFiles/zed_msgs__rosidl_typesupport_fastrtps_c.dir/rosidl_typesupport_fastrtps_c/zed_msgs/msg/detail/pos_track_status__type_support_c.cpp.o[0m
[ 81%] [32mBuilding CXX object CMakeFiles/zed_msgs__rosidl_typesupport_fastrtps_cpp.dir/rosidl_typesupport_fastrtps_cpp/zed_msgs/srv/detail/dds_fastrtps/set_pose__type_support.cpp.o[0m
[ 81%] [32mBuilding CXX object CMakeFiles/zed_msgs__rosidl_typesupport_fastrtps_c.dir/rosidl_typesupport_fastrtps_c/zed_msgs/msg/detail/plane_stamped__type_support_c.cpp.o[0m
[ 82%] [32mBuilding CXX object CMakeFiles/zed_msgs__rosidl_typesupport_fastrtps_c.dir/rosidl_typesupport_fastrtps_c/zed_msgs/msg/detail/gnss_fusion_status__type_support_c.cpp.o[0m
[ 82%] [32mBuilding CXX object CMakeFiles/zed_msgs__rosidl_typesupport_fastrtps_cpp.dir/rosidl_typesupport_fastrtps_cpp/zed_msgs/srv/detail/dds_fastrtps/start_svo_rec__type_support.cpp.o[0m
[ 83%] [32mBuilding CXX object CMakeFiles/zed_msgs__rosidl_typesupport_fastrtps_cpp.dir/rosidl_typesupport_fastrtps_cpp/zed_msgs/srv/detail/dds_fastrtps/set_roi__type_support.cpp.o[0m
[ 83%] [32mBuilding CXX object CMakeFiles/zed_msgs__rosidl_typesupport_fastrtps_c.dir/rosidl_typesupport_fastrtps_c/zed_msgs/msg/detail/heartbeat__type_support_c.cpp.o[0m
[ 83%] [32m[1mLinking CXX shared library libzed_msgs__rosidl_typesupport_introspection_cpp.so[0m
[ 84%] [32mBuilding CXX object CMakeFiles/zed_msgs__rosidl_typesupport_fastrtps_c.dir/rosidl_typesupport_fastrtps_c/zed_msgs/msg/detail/mag_heading_status__type_support_c.cpp.o[0m
[ 84%] [32mBuilding CXX object CMakeFiles/zed_msgs__rosidl_typesupport_fastrtps_cpp.dir/rosidl_typesupport_fastrtps_cpp/zed_msgs/srv/detail/dds_fastrtps/set_svo_frame__type_support.cpp.o[0m
[ 84%] [32mBuilding CXX object CMakeFiles/zed_msgs__rosidl_typesupport_fastrtps_c.dir/rosidl_typesupport_fastrtps_c/zed_msgs/msg/detail/svo_status__type_support_c.cpp.o[0m
[ 84%] [32mBuilding CXX object CMakeFiles/zed_msgs__rosidl_typesupport_fastrtps_c.dir/rosidl_typesupport_fastrtps_c/zed_msgs/msg/detail/health_status_stamped__type_support_c.cpp.o[0m
[ 84%] Built target zed_msgs__rosidl_typesupport_introspection_cpp
[ 85%] [32mBuilding CXX object CMakeFiles/zed_msgs__rosidl_typesupport_fastrtps_c.dir/rosidl_typesupport_fastrtps_c/zed_msgs/srv/detail/set_pose__type_support_c.cpp.o[0m
[ 85%] [32mBuilding CXX object CMakeFiles/zed_msgs__rosidl_typesupport_fastrtps_c.dir/rosidl_typesupport_fastrtps_c/zed_msgs/srv/detail/start_svo_rec__type_support_c.cpp.o[0m
[ 86%] [32mBuilding CXX object CMakeFiles/zed_msgs__rosidl_typesupport_fastrtps_c.dir/rosidl_typesupport_fastrtps_c/zed_msgs/srv/detail/set_roi__type_support_c.cpp.o[0m
[ 86%] [32mBuilding CXX object CMakeFiles/zed_msgs__rosidl_typesupport_fastrtps_c.dir/rosidl_typesupport_fastrtps_c/zed_msgs/srv/detail/set_svo_frame__type_support_c.cpp.o[0m
[ 86%] [32m[1mLinking CXX shared library libzed_msgs__rosidl_typesupport_fastrtps_cpp.so[0m
[ 87%] [32m[1mLinking CXX shared library libzed_msgs__rosidl_typesupport_fastrtps_c.so[0m
[ 87%] Built target zed_msgs__rosidl_typesupport_fastrtps_cpp
[ 87%] Built target zed_msgs__rosidl_typesupport_fastrtps_c
[ 87%] Built target zed_msgs
[ 87%] [34m[1mGenerating Python code for ROS interfaces[0m
[ 87%] Built target zed_msgs__py
[ 88%] [32mBuilding C object CMakeFiles/zed_msgs__rosidl_generator_py.dir/rosidl_generator_py/zed_msgs/msg/_bounding_box3_d_s.c.o[0m
[ 88%] [32mBuilding C object CMakeFiles/zed_msgs__rosidl_generator_py.dir/rosidl_generator_py/zed_msgs/msg/_skeleton3_d_s.c.o[0m
[ 88%] [32mBuilding C object CMakeFiles/zed_msgs__rosidl_generator_py.dir/rosidl_generator_py/zed_msgs/msg/_object_s.c.o[0m
[ 88%] [32mBuilding C object CMakeFiles/zed_msgs__rosidl_generator_py.dir/rosidl_generator_py/zed_msgs/msg/_keypoint2_di_s.c.o[0m
[ 88%] [32mBuilding C object CMakeFiles/zed_msgs__rosidl_generator_py.dir/rosidl_generator_py/zed_msgs/msg/_keypoint3_d_s.c.o[0m
[ 89%] [32mBuilding C object CMakeFiles/zed_msgs__rosidl_generator_py.dir/rosidl_generator_py/zed_msgs/msg/_keypoint2_df_s.c.o[0m
[ 89%] [32mBuilding C object CMakeFiles/zed_msgs__rosidl_generator_py.dir/rosidl_generator_py/zed_msgs/msg/_gnss_fusion_status_s.c.o[0m
[ 89%] [32mBuilding C object CMakeFiles/zed_msgs__rosidl_generator_py.dir/rosidl_generator_py/zed_msgs/msg/_objects_stamped_s.c.o[0m
[ 89%] [32mBuilding C object CMakeFiles/zed_msgs__rosidl_generator_py.dir/rosidl_generator_py/zed_msgs/msg/_bounding_box2_df_s.c.o[0m
[ 90%] [32mBuilding C object CMakeFiles/zed_msgs__rosidl_generator_py.dir/rosidl_generator_py/zed_msgs/msg/_pos_track_status_s.c.o[0m
[ 91%] [32mBuilding C object CMakeFiles/zed_msgs__rosidl_generator_py.dir/rosidl_generator_py/zed_msgs/msg/_skeleton2_d_s.c.o[0m
[ 91%] [32mBuilding C object CMakeFiles/zed_msgs__rosidl_generator_py.dir/rosidl_generator_py/zed_msgs/msg/_plane_stamped_s.c.o[0m
[ 91%] [32mBuilding C object CMakeFiles/zed_msgs__rosidl_generator_py.dir/rosidl_generator_py/zed_msgs/msg/_heartbeat_s.c.o[0m
[ 92%] [32mBuilding C object CMakeFiles/zed_msgs__rosidl_generator_py.dir/rosidl_generator_py/zed_msgs/msg/_depth_info_stamped_s.c.o[0m
[ 93%] [32mBuilding C object CMakeFiles/zed_msgs__rosidl_generator_py.dir/rosidl_generator_py/zed_msgs/msg/_bounding_box2_di_s.c.o[0m
[ 94%] [32mBuilding C object CMakeFiles/zed_msgs__rosidl_generator_py.dir/rosidl_generator_py/zed_msgs/msg/_mag_heading_status_s.c.o[0m
[ 94%] [32mBuilding C object CMakeFiles/zed_msgs__rosidl_generator_py.dir/rosidl_generator_py/zed_msgs/msg/_svo_status_s.c.o[0m
[ 95%] [32mBuilding C object CMakeFiles/zed_msgs__rosidl_generator_py.dir/rosidl_generator_py/zed_msgs/msg/_health_status_stamped_s.c.o[0m
[ 95%] [32mBuilding C object CMakeFiles/zed_msgs__rosidl_generator_py.dir/rosidl_generator_py/zed_msgs/srv/_set_pose_s.c.o[0m
[ 95%] [32mBuilding C object CMakeFiles/zed_msgs__rosidl_generator_py.dir/rosidl_generator_py/zed_msgs/srv/_start_svo_rec_s.c.o[0m
[ 96%] [32mBuilding C object CMakeFiles/zed_msgs__rosidl_generator_py.dir/rosidl_generator_py/zed_msgs/srv/_set_roi_s.c.o[0m
[ 96%] [32mBuilding C object CMakeFiles/zed_msgs__rosidl_generator_py.dir/rosidl_generator_py/zed_msgs/srv/_set_svo_frame_s.c.o[0m
[ 97%] [32m[1mLinking C shared library libzed_msgs__rosidl_generator_py.so[0m
[ 97%] Built target zed_msgs__rosidl_generator_py
[ 97%] [32mBuilding C object CMakeFiles/zed_msgs_s__rosidl_typesupport_fastrtps_c.dir/rosidl_generator_py/zed_msgs/_zed_msgs_s.ep.rosidl_typesupport_fastrtps_c.c.o[0m
[ 97%] [32mBuilding C object CMakeFiles/zed_msgs_s__rosidl_typesupport_introspection_c.dir/rosidl_generator_py/zed_msgs/_zed_msgs_s.ep.rosidl_typesupport_introspection_c.c.o[0m
[ 97%] [32mBuilding C object CMakeFiles/zed_msgs_s__rosidl_typesupport_c.dir/rosidl_generator_py/zed_msgs/_zed_msgs_s.ep.rosidl_typesupport_c.c.o[0m
[ 98%] [32m[1mLinking C shared module rosidl_generator_py/zed_msgs/zed_msgs_s__rosidl_typesupport_introspection_c.so[0m
[ 99%] [32m[1mLinking C shared module rosidl_generator_py/zed_msgs/zed_msgs_s__rosidl_typesupport_fastrtps_c.so[0m
[100%] [32m[1mLinking C shared module rosidl_generator_py/zed_msgs/zed_msgs_s__rosidl_typesupport_c.so[0m
[100%] Built target zed_msgs_s__rosidl_typesupport_introspection_c
[100%] Built target zed_msgs_s__rosidl_typesupport_fastrtps_c
[100%] Built target zed_msgs_s__rosidl_typesupport_c
