[ 50%] Building CXX object CMakeFiles/scene_recorder_node.dir/src/scene_recorder_node.cpp.o
[100%] Linking CXX executable scene_recorder_node
[100%] Built target scene_recorder_node
-- Install configuration: ""
-- Installing: /home/olhamelnyk/colcon_venv/src/install/recording_scene_cpp/lib/recording_scene_cpp/scene_recorder_node
-- Set non-toolchain portion of runtime path of "/home/olhamelnyk/colcon_venv/src/install/recording_scene_cpp/lib/recording_scene_cpp/scene_recorder_node" to ""
-- Up-to-date: /home/olhamelnyk/colcon_venv/src/install/recording_scene_cpp/share/ament_index/resource_index/package_run_dependencies/recording_scene_cpp
-- Up-to-date: /home/olhamelnyk/colcon_venv/src/install/recording_scene_cpp/share/ament_index/resource_index/parent_prefix_path/recording_scene_cpp
-- Up-to-date: /home/olhamelnyk/colcon_venv/src/install/recording_scene_cpp/share/recording_scene_cpp/environment/ament_prefix_path.sh
-- Up-to-date: /home/olhamelnyk/colcon_venv/src/install/recording_scene_cpp/share/recording_scene_cpp/environment/ament_prefix_path.dsv
-- Up-to-date: /home/olhamelnyk/colcon_venv/src/install/recording_scene_cpp/share/recording_scene_cpp/environment/path.sh
-- Up-to-date: /home/olhamelnyk/colcon_venv/src/install/recording_scene_cpp/share/recording_scene_cpp/environment/path.dsv
-- Up-to-date: /home/olhamelnyk/colcon_venv/src/install/recording_scene_cpp/share/recording_scene_cpp/local_setup.bash
-- Up-to-date: /home/olhamelnyk/colcon_venv/src/install/recording_scene_cpp/share/recording_scene_cpp/local_setup.sh
-- Up-to-date: /home/olhamelnyk/colcon_venv/src/install/recording_scene_cpp/share/recording_scene_cpp/local_setup.zsh
-- Up-to-date: /home/olhamelnyk/colcon_venv/src/install/recording_scene_cpp/share/recording_scene_cpp/local_setup.dsv
-- Installing: /home/olhamelnyk/colcon_venv/src/install/recording_scene_cpp/share/recording_scene_cpp/package.dsv
-- Up-to-date: /home/olhamelnyk/colcon_venv/src/install/recording_scene_cpp/share/ament_index/resource_index/packages/recording_scene_cpp
-- Up-to-date: /home/olhamelnyk/colcon_venv/src/install/recording_scene_cpp/share/recording_scene_cpp/cmake/recording_scene_cppConfig.cmake
-- Up-to-date: /home/olhamelnyk/colcon_venv/src/install/recording_scene_cpp/share/recording_scene_cpp/cmake/recording_scene_cppConfig-version.cmake
-- Up-to-date: /home/olhamelnyk/colcon_venv/src/install/recording_scene_cpp/share/recording_scene_cpp/package.xml
