running egg_info
writing ../build/controller_with_gui/controller_with_gui.egg-info/PKG-INFO
writing dependency_links to ../build/controller_with_gui/controller_with_gui.egg-info/dependency_links.txt
writing requirements to ../build/controller_with_gui/controller_with_gui.egg-info/requires.txt
writing top-level names to ../build/controller_with_gui/controller_with_gui.egg-info/top_level.txt
reading manifest file '../build/controller_with_gui/controller_with_gui.egg-info/SOURCES.txt'
adding license file 'LICENSE'
writing manifest file '../build/controller_with_gui/controller_with_gui.egg-info/SOURCES.txt'
running build
running build_py
copying controller_with_gui/controller_gui.py -> /home/olhamelnyk/colcon_venv/src/build/controller_with_gui/build/lib/controller_with_gui
running install
running install_lib
copying /home/olhamelnyk/colcon_venv/src/build/controller_with_gui/build/lib/controller_with_gui/controller_gui.py -> /home/olhamelnyk/colcon_venv/src/install/controller_with_gui/lib/python3.12/site-packages/controller_with_gui
byte-compiling /home/olhamelnyk/colcon_venv/src/install/controller_with_gui/lib/python3.12/site-packages/controller_with_gui/controller_gui.py to controller_gui.cpython-312.pyc
running install_data
running install_egg_info
removing '/home/olhamelnyk/colcon_venv/src/install/controller_with_gui/lib/python3.12/site-packages/controller_with_gui-0.0.0-py3.12.egg-info' (and everything under it)
Copying ../build/controller_with_gui/controller_with_gui.egg-info to /home/olhamelnyk/colcon_venv/src/install/controller_with_gui/lib/python3.12/site-packages/controller_with_gui-0.0.0-py3.12.egg-info
running install_scripts
writing list of installed files to '/home/olhamelnyk/colcon_venv/src/build/controller_with_gui/install.log'
