[1.042s] Invoking command in '/home/olhamelnyk/colcon_venv/src/controller_with_gui': DEBUGINFOD_URLS=https://debuginfod.ubuntu.com PYTHONPATH=/home/olhamelnyk/colcon_venv/src/build/controller_with_gui/prefix_override:/usr/lib/python3/dist-packages/colcon_core/task/python/colcon_distutils_commands:/home/olhamelnyk/colcon_venv/src/install/controller_with_gui/lib/python3.12/site-packages:${PYTHONPATH} /usr/bin/python3 -W ignore:setup.py install is deprecated -W ignore:easy_install command is deprecated setup.py egg_info --egg-base ../build/controller_with_gui build --build-base /home/olhamelnyk/colcon_venv/src/build/controller_with_gui/build install --record /home/olhamelnyk/colcon_venv/src/build/controller_with_gui/install.log --single-version-externally-managed install_data
[1.401s] running egg_info
[1.432s] writing ../build/controller_with_gui/controller_with_gui.egg-info/PKG-INFO
[1.432s] writing dependency_links to ../build/controller_with_gui/controller_with_gui.egg-info/dependency_links.txt
[1.433s] writing requirements to ../build/controller_with_gui/controller_with_gui.egg-info/requires.txt
[1.433s] writing top-level names to ../build/controller_with_gui/controller_with_gui.egg-info/top_level.txt
[1.495s] reading manifest file '../build/controller_with_gui/controller_with_gui.egg-info/SOURCES.txt'
[1.495s] adding license file 'LICENSE'
[1.496s] writing manifest file '../build/controller_with_gui/controller_with_gui.egg-info/SOURCES.txt'
[1.496s] running build
[1.496s] running build_py
[1.496s] copying controller_with_gui/controller_gui.py -> /home/olhamelnyk/colcon_venv/src/build/controller_with_gui/build/lib/controller_with_gui
[1.496s] running install
[1.502s] running install_lib
[1.534s] copying /home/olhamelnyk/colcon_venv/src/build/controller_with_gui/build/lib/controller_with_gui/controller_gui.py -> /home/olhamelnyk/colcon_venv/src/install/controller_with_gui/lib/python3.12/site-packages/controller_with_gui
[1.534s] byte-compiling /home/olhamelnyk/colcon_venv/src/install/controller_with_gui/lib/python3.12/site-packages/controller_with_gui/controller_gui.py to controller_gui.cpython-312.pyc
[1.535s] running install_data
[1.535s] running install_egg_info
[1.568s] removing '/home/olhamelnyk/colcon_venv/src/install/controller_with_gui/lib/python3.12/site-packages/controller_with_gui-0.0.0-py3.12.egg-info' (and everything under it)
[1.568s] Copying ../build/controller_with_gui/controller_with_gui.egg-info to /home/olhamelnyk/colcon_venv/src/install/controller_with_gui/lib/python3.12/site-packages/controller_with_gui-0.0.0-py3.12.egg-info
[1.568s] running install_scripts
[1.761s] writing list of installed files to '/home/olhamelnyk/colcon_venv/src/build/controller_with_gui/install.log'
[1.793s] Invoked command in '/home/olhamelnyk/colcon_venv/src/controller_with_gui' returned '0': DEBUGINFOD_URLS=https://debuginfod.ubuntu.com PYTHONPATH=/home/olhamelnyk/colcon_venv/src/build/controller_with_gui/prefix_override:/usr/lib/python3/dist-packages/colcon_core/task/python/colcon_distutils_commands:/home/olhamelnyk/colcon_venv/src/install/controller_with_gui/lib/python3.12/site-packages:${PYTHONPATH} /usr/bin/python3 -W ignore:setup.py install is deprecated -W ignore:easy_install command is deprecated setup.py egg_info --egg-base ../build/controller_with_gui build --build-base /home/olhamelnyk/colcon_venv/src/build/controller_with_gui/build install --record /home/olhamelnyk/colcon_venv/src/build/controller_with_gui/install.log --single-version-externally-managed install_data
