running egg_info
creating ../build/recording_controller_pkg/recording_controller_pkg.egg-info
writing ../build/recording_controller_pkg/recording_controller_pkg.egg-info/PKG-INFO
writing dependency_links to ../build/recording_controller_pkg/recording_controller_pkg.egg-info/dependency_links.txt
writing entry points to ../build/recording_controller_pkg/recording_controller_pkg.egg-info/entry_points.txt
writing requirements to ../build/recording_controller_pkg/recording_controller_pkg.egg-info/requires.txt
writing top-level names to ../build/recording_controller_pkg/recording_controller_pkg.egg-info/top_level.txt
writing manifest file '../build/recording_controller_pkg/recording_controller_pkg.egg-info/SOURCES.txt'
reading manifest file '../build/recording_controller_pkg/recording_controller_pkg.egg-info/SOURCES.txt'
writing manifest file '../build/recording_controller_pkg/recording_controller_pkg.egg-info/SOURCES.txt'
running build
running build_py
creating /home/olhamelnyk/colcon_venv/src/build/recording_controller_pkg/build
creating /home/olhamelnyk/colcon_venv/src/build/recording_controller_pkg/build/lib
creating /home/olhamelnyk/colcon_venv/src/build/recording_controller_pkg/build/lib/recording_controller_pkg
copying recording_controller_pkg/__init__.py -> /home/olhamelnyk/colcon_venv/src/build/recording_controller_pkg/build/lib/recording_controller_pkg
copying recording_controller_pkg/controller_node.py -> /home/olhamelnyk/colcon_venv/src/build/recording_controller_pkg/build/lib/recording_controller_pkg
running install
running install_lib
creating /home/olhamelnyk/colcon_venv/src/install/recording_controller_pkg/lib/python3.12/site-packages/recording_controller_pkg
copying /home/olhamelnyk/colcon_venv/src/build/recording_controller_pkg/build/lib/recording_controller_pkg/__init__.py -> /home/olhamelnyk/colcon_venv/src/install/recording_controller_pkg/lib/python3.12/site-packages/recording_controller_pkg
copying /home/olhamelnyk/colcon_venv/src/build/recording_controller_pkg/build/lib/recording_controller_pkg/controller_node.py -> /home/olhamelnyk/colcon_venv/src/install/recording_controller_pkg/lib/python3.12/site-packages/recording_controller_pkg
byte-compiling /home/olhamelnyk/colcon_venv/src/install/recording_controller_pkg/lib/python3.12/site-packages/recording_controller_pkg/__init__.py to __init__.cpython-312.pyc
byte-compiling /home/olhamelnyk/colcon_venv/src/install/recording_controller_pkg/lib/python3.12/site-packages/recording_controller_pkg/controller_node.py to controller_node.cpython-312.pyc
running install_data
creating /home/olhamelnyk/colcon_venv/src/install/recording_controller_pkg/share/ament_index
creating /home/olhamelnyk/colcon_venv/src/install/recording_controller_pkg/share/ament_index/resource_index
creating /home/olhamelnyk/colcon_venv/src/install/recording_controller_pkg/share/ament_index/resource_index/packages
copying resource/recording_controller_pkg -> /home/olhamelnyk/colcon_venv/src/install/recording_controller_pkg/share/ament_index/resource_index/packages
copying package.xml -> /home/olhamelnyk/colcon_venv/src/install/recording_controller_pkg/share/recording_controller_pkg
running install_egg_info
Copying ../build/recording_controller_pkg/recording_controller_pkg.egg-info to /home/olhamelnyk/colcon_venv/src/install/recording_controller_pkg/lib/python3.12/site-packages/recording_controller_pkg-0.0.0-py3.12.egg-info
running install_scripts
Installing controller_node script to /home/olhamelnyk/colcon_venv/src/install/recording_controller_pkg/lib/recording_controller_pkg
writing list of installed files to '/home/olhamelnyk/colcon_venv/src/build/recording_controller_pkg/install.log'
