[3.415s] Invoking command in '/home/olhamelnyk/colcon_venv/src/recording_controller_pkg': DEBUGINFOD_URLS=https://debuginfod.ubuntu.com PYTHONPATH=/home/olhamelnyk/colcon_venv/src/build/recording_controller_pkg/prefix_override:/usr/lib/python3/dist-packages/colcon_core/task/python/colcon_distutils_commands:/home/olhamelnyk/colcon_venv/src/install/recording_controller_pkg/lib/python3.12/site-packages:${PYTHONPATH} /usr/bin/python3 -W ignore:setup.py install is deprecated -W ignore:easy_install command is deprecated setup.py egg_info --egg-base ../build/recording_controller_pkg build --build-base /home/olhamelnyk/colcon_venv/src/build/recording_controller_pkg/build install --record /home/olhamelnyk/colcon_venv/src/build/recording_controller_pkg/install.log --single-version-externally-managed install_data
[4.467s] running egg_info
[4.530s] writing ../build/recording_controller_pkg/recording_controller_pkg.egg-info/PKG-INFO
[4.531s] writing dependency_links to ../build/recording_controller_pkg/recording_controller_pkg.egg-info/dependency_links.txt
[4.531s] writing entry points to ../build/recording_controller_pkg/recording_controller_pkg.egg-info/entry_points.txt
[4.531s] writing requirements to ../build/recording_controller_pkg/recording_controller_pkg.egg-info/requires.txt
[4.532s] writing top-level names to ../build/recording_controller_pkg/recording_controller_pkg.egg-info/top_level.txt
[4.653s] reading manifest file '../build/recording_controller_pkg/recording_controller_pkg.egg-info/SOURCES.txt'
[4.655s] writing manifest file '../build/recording_controller_pkg/recording_controller_pkg.egg-info/SOURCES.txt'
[4.656s] running build
[4.656s] running build_py
[4.657s] copying recording_controller_pkg/controller_node.py -> /home/olhamelnyk/colcon_venv/src/build/recording_controller_pkg/build/lib/recording_controller_pkg
[4.659s] running install
[4.674s] running install_lib
[4.730s] copying /home/olhamelnyk/colcon_venv/src/build/recording_controller_pkg/build/lib/recording_controller_pkg/controller_node.py -> /home/olhamelnyk/colcon_venv/src/install/recording_controller_pkg/lib/python3.12/site-packages/recording_controller_pkg
[4.732s] byte-compiling /home/olhamelnyk/colcon_venv/src/install/recording_controller_pkg/lib/python3.12/site-packages/recording_controller_pkg/controller_node.py to controller_node.cpython-312.pyc
[4.737s] running install_data
[4.737s] running install_egg_info
[4.801s] removing '/home/olhamelnyk/colcon_venv/src/install/recording_controller_pkg/lib/python3.12/site-packages/recording_controller_pkg-0.0.0-py3.12.egg-info' (and everything under it)
[4.801s] Copying ../build/recording_controller_pkg/recording_controller_pkg.egg-info to /home/olhamelnyk/colcon_venv/src/install/recording_controller_pkg/lib/python3.12/site-packages/recording_controller_pkg-0.0.0-py3.12.egg-info
[4.807s] running install_scripts
[5.257s] Installing controller_node script to /home/olhamelnyk/colcon_venv/src/install/recording_controller_pkg/lib/recording_controller_pkg
[5.258s] writing list of installed files to '/home/olhamelnyk/colcon_venv/src/build/recording_controller_pkg/install.log'
[5.461s] Invoked command in '/home/olhamelnyk/colcon_venv/src/recording_controller_pkg' returned '0': DEBUGINFOD_URLS=https://debuginfod.ubuntu.com PYTHONPATH=/home/olhamelnyk/colcon_venv/src/build/recording_controller_pkg/prefix_override:/usr/lib/python3/dist-packages/colcon_core/task/python/colcon_distutils_commands:/home/olhamelnyk/colcon_venv/src/install/recording_controller_pkg/lib/python3.12/site-packages:${PYTHONPATH} /usr/bin/python3 -W ignore:setup.py install is deprecated -W ignore:easy_install command is deprecated setup.py egg_info --egg-base ../build/recording_controller_pkg build --build-base /home/olhamelnyk/colcon_venv/src/build/recording_controller_pkg/build install --record /home/olhamelnyk/colcon_venv/src/build/recording_controller_pkg/install.log --single-version-externally-managed install_data
