[  2%] [34m[1mGenerating type hashes for ROS interfaces[0m
[  2%] Built target ament_cmake_python_symlink_gaze_interface
[  2%] Built target gaze_interface__rosidl_generator_type_description
[  5%] [34m[1mGenerating C code for ROS interfaces[0m
[  8%] [34m[1mGenerating C++ code for ROS interfaces[0m
running egg_info
creating gaze_interface.egg-info
writing gaze_interface.egg-info/PKG-INFO
writing dependency_links to gaze_interface.egg-info/dependency_links.txt
writing top-level names to gaze_interface.egg-info/top_level.txt
writing manifest file 'gaze_interface.egg-info/SOURCES.txt'
reading manifest file 'gaze_interface.egg-info/SOURCES.txt'
writing manifest file 'gaze_interface.egg-info/SOURCES.txt'
[  8%] Built target ament_cmake_python_build_gaze_interface_egg
[  8%] Built target gaze_interface__cpp
[ 11%] [32mBuilding C object CMakeFiles/gaze_interface__rosidl_generator_c.dir/rosidl_generator_c/gaze_interface/msg/detail/gaze_data_async__functions.c.o[0m
[ 14%] [32mBuilding C object CMakeFiles/gaze_interface__rosidl_generator_c.dir/rosidl_generator_c/gaze_interface/msg/detail/gaze_data_async__description.c.o[0m
[ 17%] [32mBuilding C object CMakeFiles/gaze_interface__rosidl_generator_c.dir/rosidl_generator_c/gaze_interface/msg/detail/gaze_data_async__type_support.c.o[0m
[ 20%] [32m[1mLinking C shared library libgaze_interface__rosidl_generator_c.so[0m
[ 20%] Built target gaze_interface__rosidl_generator_c
[ 23%] [34m[1mGenerating C type support dispatch for ROS interfaces[0m
[ 26%] [34m[1mGenerating C++ type support dispatch for ROS interfaces[0m
[ 29%] [34m[1mGenerating C type support for eProsima Fast-RTPS[0m
[ 35%] [34m[1mGenerating C++ type support for eProsima Fast-RTPS[0m
[ 35%] [34m[1mGenerating C introspection for ROS interfaces[0m
[ 38%] [34m[1mGenerating C++ introspection for ROS interfaces[0m
[ 41%] [32mBuilding CXX object CMakeFiles/gaze_interface__rosidl_typesupport_cpp.dir/rosidl_typesupport_cpp/gaze_interface/msg/gaze_data_async__type_support.cpp.o[0m
[ 44%] [32mBuilding CXX object CMakeFiles/gaze_interface__rosidl_typesupport_introspection_cpp.dir/rosidl_typesupport_introspection_cpp/gaze_interface/msg/detail/gaze_data_async__type_support.cpp.o[0m
[ 47%] [32mBuilding C object CMakeFiles/gaze_interface__rosidl_typesupport_introspection_c.dir/rosidl_typesupport_introspection_c/gaze_interface/msg/detail/gaze_data_async__type_support.c.o[0m
[ 50%] [32mBuilding CXX object CMakeFiles/gaze_interface__rosidl_typesupport_fastrtps_c.dir/rosidl_typesupport_fastrtps_c/gaze_interface/msg/detail/gaze_data_async__type_support_c.cpp.o[0m
[ 52%] [32mBuilding CXX object CMakeFiles/gaze_interface__rosidl_typesupport_fastrtps_cpp.dir/rosidl_typesupport_fastrtps_cpp/gaze_interface/msg/detail/dds_fastrtps/gaze_data_async__type_support.cpp.o[0m
[ 55%] [32mBuilding CXX object CMakeFiles/gaze_interface__rosidl_typesupport_c.dir/rosidl_typesupport_c/gaze_interface/msg/gaze_data_async__type_support.cpp.o[0m
[ 58%] [32m[1mLinking C shared library libgaze_interface__rosidl_typesupport_introspection_c.so[0m
[ 61%] [32m[1mLinking CXX shared library libgaze_interface__rosidl_typesupport_c.so[0m
[ 61%] Built target gaze_interface__rosidl_typesupport_introspection_c
[ 61%] Built target gaze_interface__rosidl_typesupport_c
[ 64%] [32m[1mLinking CXX shared library libgaze_interface__rosidl_typesupport_introspection_cpp.so[0m
[ 67%] [32m[1mLinking CXX shared library libgaze_interface__rosidl_typesupport_cpp.so[0m
[ 67%] Built target gaze_interface__rosidl_typesupport_cpp
[ 67%] Built target gaze_interface__rosidl_typesupport_introspection_cpp
[ 70%] [32m[1mLinking CXX shared library libgaze_interface__rosidl_typesupport_fastrtps_cpp.so[0m
[ 73%] [32m[1mLinking CXX shared library libgaze_interface__rosidl_typesupport_fastrtps_c.so[0m
[ 73%] Built target gaze_interface__rosidl_typesupport_fastrtps_c
[ 73%] Built target gaze_interface__rosidl_typesupport_fastrtps_cpp
[ 73%] Built target gaze_interface
[ 76%] [34m[1mGenerating Python code for ROS interfaces[0m
[ 76%] Built target gaze_interface__py
[ 79%] [32mBuilding C object CMakeFiles/gaze_interface__rosidl_generator_py.dir/rosidl_generator_py/gaze_interface/msg/_gaze_data_async_s.c.o[0m
[ 82%] [32m[1mLinking C shared library libgaze_interface__rosidl_generator_py.so[0m
[ 82%] Built target gaze_interface__rosidl_generator_py
[ 88%] [32mBuilding C object CMakeFiles/gaze_interface_s__rosidl_typesupport_introspection_c.dir/rosidl_generator_py/gaze_interface/_gaze_interface_s.ep.rosidl_typesupport_introspection_c.c.o[0m
[ 88%] [32mBuilding C object CMakeFiles/gaze_interface_s__rosidl_typesupport_fastrtps_c.dir/rosidl_generator_py/gaze_interface/_gaze_interface_s.ep.rosidl_typesupport_fastrtps_c.c.o[0m
[ 91%] [32mBuilding C object CMakeFiles/gaze_interface_s__rosidl_typesupport_c.dir/rosidl_generator_py/gaze_interface/_gaze_interface_s.ep.rosidl_typesupport_c.c.o[0m
[ 94%] [32m[1mLinking C shared module rosidl_generator_py/gaze_interface/gaze_interface_s__rosidl_typesupport_introspection_c.so[0m
[ 97%] [32m[1mLinking C shared module rosidl_generator_py/gaze_interface/gaze_interface_s__rosidl_typesupport_c.so[0m
[100%] [32m[1mLinking C shared module rosidl_generator_py/gaze_interface/gaze_interface_s__rosidl_typesupport_fastrtps_c.so[0m
[100%] Built target gaze_interface_s__rosidl_typesupport_c
[100%] Built target gaze_interface_s__rosidl_typesupport_introspection_c
[100%] Built target gaze_interface_s__rosidl_typesupport_fastrtps_c
