[0.398s] Invoking command in '/home/olhamelnyk/colcon_venv/src/build/gaze_interface': CMAKE_PREFIX_PATH=${CMAKE_PREFIX_PATH}:/home/olhamelnyk/colcon_venv/install/recording_controller_pkg:/home/olhamelnyk/colcon_venv/install/zed_mini:/home/olhamelnyk/colcon_venv/install/recording_zed_rgb:/home/olhamelnyk/colcon_venv/install/recording_zed_depth_rgb:/home/olhamelnyk/colcon_venv/install/recording_zed_depth:/home/olhamelnyk/colcon_venv/install/recording_scene:/home/olhamelnyk/colcon_venv/install/recording_gaze:/home/olhamelnyk/colcon_venv/install/pupil_labs_wrapper:/home/olhamelnyk/colcon_venv/install/async_pupil_wrapper:/opt/ros/jazzy DEBUGINFOD_URLS=https://debuginfod.ubuntu.com /usr/bin/cmake --build /home/olhamelnyk/colcon_venv/src/build/gaze_interface -- -j16 -l16
[2.559s] [  2%] [34m[1mGenerating type hashes for ROS interfaces[0m
[2.559s] [  2%] Built target ament_cmake_python_symlink_gaze_interface
[2.559s] [  2%] Built target gaze_interface__rosidl_generator_type_description
[2.559s] [  5%] [34m[1mGenerating C code for ROS interfaces[0m
[2.560s] [  8%] [34m[1mGenerating C++ code for ROS interfaces[0m
[2.560s] running egg_info
[2.560s] creating gaze_interface.egg-info
[2.560s] writing gaze_interface.egg-info/PKG-INFO
[2.561s] writing dependency_links to gaze_interface.egg-info/dependency_links.txt
[2.561s] writing top-level names to gaze_interface.egg-info/top_level.txt
[2.561s] writing manifest file 'gaze_interface.egg-info/SOURCES.txt'
[2.561s] reading manifest file 'gaze_interface.egg-info/SOURCES.txt'
[2.561s] writing manifest file 'gaze_interface.egg-info/SOURCES.txt'
[2.562s] [  8%] Built target ament_cmake_python_build_gaze_interface_egg
[2.562s] [  8%] Built target gaze_interface__cpp
[2.562s] [ 11%] [32mBuilding C object CMakeFiles/gaze_interface__rosidl_generator_c.dir/rosidl_generator_c/gaze_interface/msg/detail/gaze_data_async__functions.c.o[0m
[2.562s] [ 14%] [32mBuilding C object CMakeFiles/gaze_interface__rosidl_generator_c.dir/rosidl_generator_c/gaze_interface/msg/detail/gaze_data_async__description.c.o[0m
[2.562s] [ 17%] [32mBuilding C object CMakeFiles/gaze_interface__rosidl_generator_c.dir/rosidl_generator_c/gaze_interface/msg/detail/gaze_data_async__type_support.c.o[0m
[2.562s] [ 20%] [32m[1mLinking C shared library libgaze_interface__rosidl_generator_c.so[0m
[2.562s] [ 20%] Built target gaze_interface__rosidl_generator_c
[2.563s] [ 23%] [34m[1mGenerating C type support dispatch for ROS interfaces[0m
[2.563s] [ 26%] [34m[1mGenerating C++ type support dispatch for ROS interfaces[0m
[2.563s] [ 29%] [34m[1mGenerating C type support for eProsima Fast-RTPS[0m
[2.563s] [ 35%] [34m[1mGenerating C++ type support for eProsima Fast-RTPS[0m
[2.563s] [ 35%] [34m[1mGenerating C introspection for ROS interfaces[0m
[2.563s] [ 38%] [34m[1mGenerating C++ introspection for ROS interfaces[0m
[2.564s] [ 41%] [32mBuilding CXX object CMakeFiles/gaze_interface__rosidl_typesupport_cpp.dir/rosidl_typesupport_cpp/gaze_interface/msg/gaze_data_async__type_support.cpp.o[0m
[2.564s] [ 44%] [32mBuilding CXX object CMakeFiles/gaze_interface__rosidl_typesupport_introspection_cpp.dir/rosidl_typesupport_introspection_cpp/gaze_interface/msg/detail/gaze_data_async__type_support.cpp.o[0m
[2.564s] [ 47%] [32mBuilding C object CMakeFiles/gaze_interface__rosidl_typesupport_introspection_c.dir/rosidl_typesupport_introspection_c/gaze_interface/msg/detail/gaze_data_async__type_support.c.o[0m
[2.564s] [ 50%] [32mBuilding CXX object CMakeFiles/gaze_interface__rosidl_typesupport_fastrtps_c.dir/rosidl_typesupport_fastrtps_c/gaze_interface/msg/detail/gaze_data_async__type_support_c.cpp.o[0m
[2.564s] [ 52%] [32mBuilding CXX object CMakeFiles/gaze_interface__rosidl_typesupport_fastrtps_cpp.dir/rosidl_typesupport_fastrtps_cpp/gaze_interface/msg/detail/dds_fastrtps/gaze_data_async__type_support.cpp.o[0m
[2.564s] [ 55%] [32mBuilding CXX object CMakeFiles/gaze_interface__rosidl_typesupport_c.dir/rosidl_typesupport_c/gaze_interface/msg/gaze_data_async__type_support.cpp.o[0m
[2.564s] [ 58%] [32m[1mLinking C shared library libgaze_interface__rosidl_typesupport_introspection_c.so[0m
[2.565s] [ 61%] [32m[1mLinking CXX shared library libgaze_interface__rosidl_typesupport_c.so[0m
[2.565s] [ 61%] Built target gaze_interface__rosidl_typesupport_introspection_c
[2.565s] [ 61%] Built target gaze_interface__rosidl_typesupport_c
[2.565s] [ 64%] [32m[1mLinking CXX shared library libgaze_interface__rosidl_typesupport_introspection_cpp.so[0m
[2.566s] [ 67%] [32m[1mLinking CXX shared library libgaze_interface__rosidl_typesupport_cpp.so[0m
[2.566s] [ 67%] Built target gaze_interface__rosidl_typesupport_cpp
[2.567s] [ 67%] Built target gaze_interface__rosidl_typesupport_introspection_cpp
[2.567s] [ 70%] [32m[1mLinking CXX shared library libgaze_interface__rosidl_typesupport_fastrtps_cpp.so[0m
[2.567s] [ 73%] [32m[1mLinking CXX shared library libgaze_interface__rosidl_typesupport_fastrtps_c.so[0m
[2.568s] [ 73%] Built target gaze_interface__rosidl_typesupport_fastrtps_c
[2.568s] [ 73%] Built target gaze_interface__rosidl_typesupport_fastrtps_cpp
[2.569s] [ 73%] Built target gaze_interface
[2.569s] [ 76%] [34m[1mGenerating Python code for ROS interfaces[0m
[2.757s] [ 76%] Built target gaze_interface__py
[2.791s] [ 79%] [32mBuilding C object CMakeFiles/gaze_interface__rosidl_generator_py.dir/rosidl_generator_py/gaze_interface/msg/_gaze_data_async_s.c.o[0m
[2.994s] [ 82%] [32m[1mLinking C shared library libgaze_interface__rosidl_generator_py.so[0m
[3.071s] [ 82%] Built target gaze_interface__rosidl_generator_py
[3.107s] [ 88%] [32mBuilding C object CMakeFiles/gaze_interface_s__rosidl_typesupport_introspection_c.dir/rosidl_generator_py/gaze_interface/_gaze_interface_s.ep.rosidl_typesupport_introspection_c.c.o[0m
[3.107s] [ 88%] [32mBuilding C object CMakeFiles/gaze_interface_s__rosidl_typesupport_fastrtps_c.dir/rosidl_generator_py/gaze_interface/_gaze_interface_s.ep.rosidl_typesupport_fastrtps_c.c.o[0m
[3.120s] [ 91%] [32mBuilding C object CMakeFiles/gaze_interface_s__rosidl_typesupport_c.dir/rosidl_generator_py/gaze_interface/_gaze_interface_s.ep.rosidl_typesupport_c.c.o[0m
[3.260s] [ 94%] [32m[1mLinking C shared module rosidl_generator_py/gaze_interface/gaze_interface_s__rosidl_typesupport_introspection_c.so[0m
[3.263s] [ 97%] [32m[1mLinking C shared module rosidl_generator_py/gaze_interface/gaze_interface_s__rosidl_typesupport_c.so[0m
[3.275s] [100%] [32m[1mLinking C shared module rosidl_generator_py/gaze_interface/gaze_interface_s__rosidl_typesupport_fastrtps_c.so[0m
[3.318s] [100%] Built target gaze_interface_s__rosidl_typesupport_c
[3.318s] [100%] Built target gaze_interface_s__rosidl_typesupport_introspection_c
[3.334s] [100%] Built target gaze_interface_s__rosidl_typesupport_fastrtps_c
