[  2%] Built target egocentric_msg__rosidl_generator_type_description
[  2%] Built target ament_cmake_python_copy_egocentric_msg
[ 17%] Built target egocentric_msg__rosidl_generator_c
[ 20%] Built target egocentric_msg__cpp
[ 38%] Built target egocentric_msg__rosidl_typesupport_c
[ 38%] Built target egocentric_msg__rosidl_typesupport_introspection_c
[ 47%] Built target egocentric_msg__rosidl_typesupport_fastrtps_c
[ 55%] Built target egocentric_msg__rosidl_typesupport_introspection_cpp
[ 64%] Built target egocentric_msg__rosidl_typesupport_fastrtps_cpp
[ 73%] Built target egocentric_msg__rosidl_typesupport_cpp
[ 73%] Built target egocentric_msg
[ 76%] Built target egocentric_msg__py
[ 82%] Built target egocentric_msg__rosidl_generator_py
[ 94%] Built target egocentric_msg_s__rosidl_typesupport_fastrtps_c
[ 94%] Built target egocentric_msg_s__rosidl_typesupport_c
[100%] Built target egocentric_msg_s__rosidl_typesupport_introspection_c
running egg_info
writing egocentric_msg.egg-info/PKG-INFO
writing dependency_links to egocentric_msg.egg-info/dependency_links.txt
writing top-level names to egocentric_msg.egg-info/top_level.txt
reading manifest file 'egocentric_msg.egg-info/SOURCES.txt'
writing manifest file 'egocentric_msg.egg-info/SOURCES.txt'
[100%] Built target ament_cmake_python_build_egocentric_msg_egg
-- Install configuration: ""
-- Up-to-date: /home/olhamelnyk/colcon_venv/src/install/egocentric_msg/share/ament_index/resource_index/rosidl_interfaces/egocentric_msg
-- Up-to-date: /home/olhamelnyk/colcon_venv/src/install/egocentric_msg/share/egocentric_msg/msg/GazeData.json
-- Up-to-date: /home/olhamelnyk/colcon_venv/src/install/egocentric_msg/include/egocentric_msg/egocentric_msg
-- Up-to-date: /home/olhamelnyk/colcon_venv/src/install/egocentric_msg/include/egocentric_msg/egocentric_msg/msg
-- Up-to-date: /home/olhamelnyk/colcon_venv/src/install/egocentric_msg/include/egocentric_msg/egocentric_msg/msg/rosidl_generator_c__visibility_control.h
-- Up-to-date: /home/olhamelnyk/colcon_venv/src/install/egocentric_msg/include/egocentric_msg/egocentric_msg/msg/detail
-- Up-to-date: /home/olhamelnyk/colcon_venv/src/install/egocentric_msg/include/egocentric_msg/egocentric_msg/msg/detail/gaze_data__description.c
-- Up-to-date: /home/olhamelnyk/colcon_venv/src/install/egocentric_msg/include/egocentric_msg/egocentric_msg/msg/detail/gaze_data__functions.c
-- Up-to-date: /home/olhamelnyk/colcon_venv/src/install/egocentric_msg/include/egocentric_msg/egocentric_msg/msg/detail/gaze_data__struct.h
-- Up-to-date: /home/olhamelnyk/colcon_venv/src/install/egocentric_msg/include/egocentric_msg/egocentric_msg/msg/detail/gaze_data__type_support.h
-- Up-to-date: /home/olhamelnyk/colcon_venv/src/install/egocentric_msg/include/egocentric_msg/egocentric_msg/msg/detail/gaze_data__type_support.c
-- Up-to-date: /home/olhamelnyk/colcon_venv/src/install/egocentric_msg/include/egocentric_msg/egocentric_msg/msg/detail/gaze_data__functions.h
-- Up-to-date: /home/olhamelnyk/colcon_venv/src/install/egocentric_msg/include/egocentric_msg/egocentric_msg/msg/gaze_data.h
-- Up-to-date: /home/olhamelnyk/colcon_venv/src/install/egocentric_msg/share/egocentric_msg/environment/library_path.sh
-- Up-to-date: /home/olhamelnyk/colcon_venv/src/install/egocentric_msg/share/egocentric_msg/environment/library_path.dsv
-- Up-to-date: /home/olhamelnyk/colcon_venv/src/install/egocentric_msg/lib/libegocentric_msg__rosidl_generator_c.so
-- Up-to-date: /home/olhamelnyk/colcon_venv/src/install/egocentric_msg/include/egocentric_msg/egocentric_msg
-- Up-to-date: /home/olhamelnyk/colcon_venv/src/install/egocentric_msg/include/egocentric_msg/egocentric_msg/msg
-- Up-to-date: /home/olhamelnyk/colcon_venv/src/install/egocentric_msg/include/egocentric_msg/egocentric_msg/msg/detail
-- Up-to-date: /home/olhamelnyk/colcon_venv/src/install/egocentric_msg/include/egocentric_msg/egocentric_msg/msg/detail/gaze_data__rosidl_typesupport_fastrtps_c.h
-- Up-to-date: /home/olhamelnyk/colcon_venv/src/install/egocentric_msg/include/egocentric_msg/egocentric_msg/msg/rosidl_typesupport_fastrtps_c__visibility_control.h
-- Up-to-date: /home/olhamelnyk/colcon_venv/src/install/egocentric_msg/lib/libegocentric_msg__rosidl_typesupport_fastrtps_c.so
-- Up-to-date: /home/olhamelnyk/colcon_venv/src/install/egocentric_msg/include/egocentric_msg/egocentric_msg
-- Up-to-date: /home/olhamelnyk/colcon_venv/src/install/egocentric_msg/include/egocentric_msg/egocentric_msg/msg
-- Up-to-date: /home/olhamelnyk/colcon_venv/src/install/egocentric_msg/include/egocentric_msg/egocentric_msg/msg/rosidl_typesupport_introspection_c__visibility_control.h
-- Up-to-date: /home/olhamelnyk/colcon_venv/src/install/egocentric_msg/include/egocentric_msg/egocentric_msg/msg/detail
-- Up-to-date: /home/olhamelnyk/colcon_venv/src/install/egocentric_msg/include/egocentric_msg/egocentric_msg/msg/detail/gaze_data__rosidl_typesupport_introspection_c.h
-- Up-to-date: /home/olhamelnyk/colcon_venv/src/install/egocentric_msg/include/egocentric_msg/egocentric_msg/msg/detail/gaze_data__type_support.c
-- Up-to-date: /home/olhamelnyk/colcon_venv/src/install/egocentric_msg/lib/libegocentric_msg__rosidl_typesupport_introspection_c.so
-- Up-to-date: /home/olhamelnyk/colcon_venv/src/install/egocentric_msg/lib/libegocentric_msg__rosidl_typesupport_c.so
-- Up-to-date: /home/olhamelnyk/colcon_venv/src/install/egocentric_msg/include/egocentric_msg/egocentric_msg
-- Up-to-date: /home/olhamelnyk/colcon_venv/src/install/egocentric_msg/include/egocentric_msg/egocentric_msg/msg
-- Up-to-date: /home/olhamelnyk/colcon_venv/src/install/egocentric_msg/include/egocentric_msg/egocentric_msg/msg/gaze_data.hpp
-- Up-to-date: /home/olhamelnyk/colcon_venv/src/install/egocentric_msg/include/egocentric_msg/egocentric_msg/msg/detail
-- Up-to-date: /home/olhamelnyk/colcon_venv/src/install/egocentric_msg/include/egocentric_msg/egocentric_msg/msg/detail/gaze_data__struct.hpp
-- Up-to-date: /home/olhamelnyk/colcon_venv/src/install/egocentric_msg/include/egocentric_msg/egocentric_msg/msg/detail/gaze_data__type_support.hpp
-- Up-to-date: /home/olhamelnyk/colcon_venv/src/install/egocentric_msg/include/egocentric_msg/egocentric_msg/msg/detail/gaze_data__builder.hpp
-- Up-to-date: /home/olhamelnyk/colcon_venv/src/install/egocentric_msg/include/egocentric_msg/egocentric_msg/msg/detail/gaze_data__traits.hpp
-- Up-to-date: /home/olhamelnyk/colcon_venv/src/install/egocentric_msg/include/egocentric_msg/egocentric_msg/msg/rosidl_generator_cpp__visibility_control.hpp
-- Up-to-date: /home/olhamelnyk/colcon_venv/src/install/egocentric_msg/include/egocentric_msg/egocentric_msg
-- Up-to-date: /home/olhamelnyk/colcon_venv/src/install/egocentric_msg/include/egocentric_msg/egocentric_msg/msg
-- Up-to-date: /home/olhamelnyk/colcon_venv/src/install/egocentric_msg/include/egocentric_msg/egocentric_msg/msg/detail
-- Up-to-date: /home/olhamelnyk/colcon_venv/src/install/egocentric_msg/include/egocentric_msg/egocentric_msg/msg/detail/dds_fastrtps
-- Up-to-date: /home/olhamelnyk/colcon_venv/src/install/egocentric_msg/include/egocentric_msg/egocentric_msg/msg/detail/gaze_data__rosidl_typesupport_fastrtps_cpp.hpp
-- Up-to-date: /home/olhamelnyk/colcon_venv/src/install/egocentric_msg/include/egocentric_msg/egocentric_msg/msg/rosidl_typesupport_fastrtps_cpp__visibility_control.h
-- Up-to-date: /home/olhamelnyk/colcon_venv/src/install/egocentric_msg/lib/libegocentric_msg__rosidl_typesupport_fastrtps_cpp.so
-- Up-to-date: /home/olhamelnyk/colcon_venv/src/install/egocentric_msg/include/egocentric_msg/egocentric_msg
-- Up-to-date: /home/olhamelnyk/colcon_venv/src/install/egocentric_msg/include/egocentric_msg/egocentric_msg/msg
-- Up-to-date: /home/olhamelnyk/colcon_venv/src/install/egocentric_msg/include/egocentric_msg/egocentric_msg/msg/detail
-- Up-to-date: /home/olhamelnyk/colcon_venv/src/install/egocentric_msg/include/egocentric_msg/egocentric_msg/msg/detail/gaze_data__rosidl_typesupport_introspection_cpp.hpp
-- Up-to-date: /home/olhamelnyk/colcon_venv/src/install/egocentric_msg/include/egocentric_msg/egocentric_msg/msg/detail/gaze_data__type_support.cpp
-- Up-to-date: /home/olhamelnyk/colcon_venv/src/install/egocentric_msg/lib/libegocentric_msg__rosidl_typesupport_introspection_cpp.so
-- Up-to-date: /home/olhamelnyk/colcon_venv/src/install/egocentric_msg/lib/libegocentric_msg__rosidl_typesupport_cpp.so
-- Up-to-date: /home/olhamelnyk/colcon_venv/src/install/egocentric_msg/share/egocentric_msg/environment/pythonpath.sh
-- Up-to-date: /home/olhamelnyk/colcon_venv/src/install/egocentric_msg/share/egocentric_msg/environment/pythonpath.dsv
-- Up-to-date: /home/olhamelnyk/colcon_venv/src/install/egocentric_msg/lib/python3.12/site-packages/egocentric_msg-0.0.0-py3.12.egg-info
-- Installing: /home/olhamelnyk/colcon_venv/src/install/egocentric_msg/lib/python3.12/site-packages/egocentric_msg-0.0.0-py3.12.egg-info/top_level.txt
-- Installing: /home/olhamelnyk/colcon_venv/src/install/egocentric_msg/lib/python3.12/site-packages/egocentric_msg-0.0.0-py3.12.egg-info/SOURCES.txt
-- Installing: /home/olhamelnyk/colcon_venv/src/install/egocentric_msg/lib/python3.12/site-packages/egocentric_msg-0.0.0-py3.12.egg-info/dependency_links.txt
-- Installing: /home/olhamelnyk/colcon_venv/src/install/egocentric_msg/lib/python3.12/site-packages/egocentric_msg-0.0.0-py3.12.egg-info/PKG-INFO
-- Up-to-date: /home/olhamelnyk/colcon_venv/src/install/egocentric_msg/lib/python3.12/site-packages/egocentric_msg
-- Up-to-date: /home/olhamelnyk/colcon_venv/src/install/egocentric_msg/lib/python3.12/site-packages/egocentric_msg/egocentric_msg_s__rosidl_typesupport_c.so
-- Up-to-date: /home/olhamelnyk/colcon_venv/src/install/egocentric_msg/lib/python3.12/site-packages/egocentric_msg/_egocentric_msg_s.ep.rosidl_typesupport_introspection_c.c
-- Up-to-date: /home/olhamelnyk/colcon_venv/src/install/egocentric_msg/lib/python3.12/site-packages/egocentric_msg/egocentric_msg_s__rosidl_typesupport_fastrtps_c.so
-- Up-to-date: /home/olhamelnyk/colcon_venv/src/install/egocentric_msg/lib/python3.12/site-packages/egocentric_msg/msg
-- Up-to-date: /home/olhamelnyk/colcon_venv/src/install/egocentric_msg/lib/python3.12/site-packages/egocentric_msg/msg/__init__.py
-- Up-to-date: /home/olhamelnyk/colcon_venv/src/install/egocentric_msg/lib/python3.12/site-packages/egocentric_msg/msg/_gaze_data_s.c
-- Up-to-date: /home/olhamelnyk/colcon_venv/src/install/egocentric_msg/lib/python3.12/site-packages/egocentric_msg/msg/_gaze_data.py
-- Up-to-date: /home/olhamelnyk/colcon_venv/src/install/egocentric_msg/lib/python3.12/site-packages/egocentric_msg/__init__.py
-- Up-to-date: /home/olhamelnyk/colcon_venv/src/install/egocentric_msg/lib/python3.12/site-packages/egocentric_msg/_egocentric_msg_s.ep.rosidl_typesupport_c.c
-- Up-to-date: /home/olhamelnyk/colcon_venv/src/install/egocentric_msg/lib/python3.12/site-packages/egocentric_msg/egocentric_msg_s__rosidl_typesupport_introspection_c.so
-- Up-to-date: /home/olhamelnyk/colcon_venv/src/install/egocentric_msg/lib/python3.12/site-packages/egocentric_msg/_egocentric_msg_s.ep.rosidl_typesupport_fastrtps_c.c
Listing '/home/olhamelnyk/colcon_venv/src/install/egocentric_msg/lib/python3.12/site-packages/egocentric_msg'...
Listing '/home/olhamelnyk/colcon_venv/src/install/egocentric_msg/lib/python3.12/site-packages/egocentric_msg/msg'...
-- Up-to-date: /home/olhamelnyk/colcon_venv/src/install/egocentric_msg/lib/python3.12/site-packages/egocentric_msg/egocentric_msg_s__rosidl_typesupport_fastrtps_c.so
-- Up-to-date: /home/olhamelnyk/colcon_venv/src/install/egocentric_msg/lib/python3.12/site-packages/egocentric_msg/egocentric_msg_s__rosidl_typesupport_introspection_c.so
-- Up-to-date: /home/olhamelnyk/colcon_venv/src/install/egocentric_msg/lib/python3.12/site-packages/egocentric_msg/egocentric_msg_s__rosidl_typesupport_c.so
-- Up-to-date: /home/olhamelnyk/colcon_venv/src/install/egocentric_msg/lib/libegocentric_msg__rosidl_generator_py.so
-- Up-to-date: /home/olhamelnyk/colcon_venv/src/install/egocentric_msg/share/egocentric_msg/msg/GazeData.idl
-- Up-to-date: /home/olhamelnyk/colcon_venv/src/install/egocentric_msg/share/egocentric_msg/msg/GazeData.msg
-- Up-to-date: /home/olhamelnyk/colcon_venv/src/install/egocentric_msg/share/ament_index/resource_index/package_run_dependencies/egocentric_msg
-- Up-to-date: /home/olhamelnyk/colcon_venv/src/install/egocentric_msg/share/ament_index/resource_index/parent_prefix_path/egocentric_msg
-- Up-to-date: /home/olhamelnyk/colcon_venv/src/install/egocentric_msg/share/egocentric_msg/environment/ament_prefix_path.sh
-- Up-to-date: /home/olhamelnyk/colcon_venv/src/install/egocentric_msg/share/egocentric_msg/environment/ament_prefix_path.dsv
-- Up-to-date: /home/olhamelnyk/colcon_venv/src/install/egocentric_msg/share/egocentric_msg/environment/path.sh
-- Up-to-date: /home/olhamelnyk/colcon_venv/src/install/egocentric_msg/share/egocentric_msg/environment/path.dsv
-- Up-to-date: /home/olhamelnyk/colcon_venv/src/install/egocentric_msg/share/egocentric_msg/local_setup.bash
-- Up-to-date: /home/olhamelnyk/colcon_venv/src/install/egocentric_msg/share/egocentric_msg/local_setup.sh
-- Up-to-date: /home/olhamelnyk/colcon_venv/src/install/egocentric_msg/share/egocentric_msg/local_setup.zsh
-- Up-to-date: /home/olhamelnyk/colcon_venv/src/install/egocentric_msg/share/egocentric_msg/local_setup.dsv
-- Installing: /home/olhamelnyk/colcon_venv/src/install/egocentric_msg/share/egocentric_msg/package.dsv
-- Up-to-date: /home/olhamelnyk/colcon_venv/src/install/egocentric_msg/share/ament_index/resource_index/packages/egocentric_msg
-- Up-to-date: /home/olhamelnyk/colcon_venv/src/install/egocentric_msg/share/egocentric_msg/cmake/export_egocentric_msg__rosidl_generator_cExport.cmake
-- Up-to-date: /home/olhamelnyk/colcon_venv/src/install/egocentric_msg/share/egocentric_msg/cmake/export_egocentric_msg__rosidl_generator_cExport-noconfig.cmake
-- Up-to-date: /home/olhamelnyk/colcon_venv/src/install/egocentric_msg/share/egocentric_msg/cmake/export_egocentric_msg__rosidl_typesupport_fastrtps_cExport.cmake
-- Up-to-date: /home/olhamelnyk/colcon_venv/src/install/egocentric_msg/share/egocentric_msg/cmake/export_egocentric_msg__rosidl_typesupport_fastrtps_cExport-noconfig.cmake
-- Up-to-date: /home/olhamelnyk/colcon_venv/src/install/egocentric_msg/share/egocentric_msg/cmake/egocentric_msg__rosidl_typesupport_introspection_cExport.cmake
-- Up-to-date: /home/olhamelnyk/colcon_venv/src/install/egocentric_msg/share/egocentric_msg/cmake/egocentric_msg__rosidl_typesupport_introspection_cExport-noconfig.cmake
-- Up-to-date: /home/olhamelnyk/colcon_venv/src/install/egocentric_msg/share/egocentric_msg/cmake/egocentric_msg__rosidl_typesupport_cExport.cmake
-- Up-to-date: /home/olhamelnyk/colcon_venv/src/install/egocentric_msg/share/egocentric_msg/cmake/egocentric_msg__rosidl_typesupport_cExport-noconfig.cmake
-- Up-to-date: /home/olhamelnyk/colcon_venv/src/install/egocentric_msg/share/egocentric_msg/cmake/export_egocentric_msg__rosidl_generator_cppExport.cmake
-- Up-to-date: /home/olhamelnyk/colcon_venv/src/install/egocentric_msg/share/egocentric_msg/cmake/export_egocentric_msg__rosidl_typesupport_fastrtps_cppExport.cmake
-- Up-to-date: /home/olhamelnyk/colcon_venv/src/install/egocentric_msg/share/egocentric_msg/cmake/export_egocentric_msg__rosidl_typesupport_fastrtps_cppExport-noconfig.cmake
-- Up-to-date: /home/olhamelnyk/colcon_venv/src/install/egocentric_msg/share/egocentric_msg/cmake/egocentric_msg__rosidl_typesupport_introspection_cppExport.cmake
-- Up-to-date: /home/olhamelnyk/colcon_venv/src/install/egocentric_msg/share/egocentric_msg/cmake/egocentric_msg__rosidl_typesupport_introspection_cppExport-noconfig.cmake
-- Up-to-date: /home/olhamelnyk/colcon_venv/src/install/egocentric_msg/share/egocentric_msg/cmake/egocentric_msg__rosidl_typesupport_cppExport.cmake
-- Up-to-date: /home/olhamelnyk/colcon_venv/src/install/egocentric_msg/share/egocentric_msg/cmake/egocentric_msg__rosidl_typesupport_cppExport-noconfig.cmake
-- Up-to-date: /home/olhamelnyk/colcon_venv/src/install/egocentric_msg/share/egocentric_msg/cmake/export_egocentric_msg__rosidl_generator_pyExport.cmake
-- Up-to-date: /home/olhamelnyk/colcon_venv/src/install/egocentric_msg/share/egocentric_msg/cmake/export_egocentric_msg__rosidl_generator_pyExport-noconfig.cmake
-- Up-to-date: /home/olhamelnyk/colcon_venv/src/install/egocentric_msg/share/egocentric_msg/cmake/rosidl_cmake-extras.cmake
-- Up-to-date: /home/olhamelnyk/colcon_venv/src/install/egocentric_msg/share/egocentric_msg/cmake/ament_cmake_export_dependencies-extras.cmake
-- Up-to-date: /home/olhamelnyk/colcon_venv/src/install/egocentric_msg/share/egocentric_msg/cmake/ament_cmake_export_include_directories-extras.cmake
-- Up-to-date: /home/olhamelnyk/colcon_venv/src/install/egocentric_msg/share/egocentric_msg/cmake/ament_cmake_export_libraries-extras.cmake
-- Up-to-date: /home/olhamelnyk/colcon_venv/src/install/egocentric_msg/share/egocentric_msg/cmake/ament_cmake_export_targets-extras.cmake
-- Up-to-date: /home/olhamelnyk/colcon_venv/src/install/egocentric_msg/share/egocentric_msg/cmake/rosidl_cmake_export_typesupport_targets-extras.cmake
-- Up-to-date: /home/olhamelnyk/colcon_venv/src/install/egocentric_msg/share/egocentric_msg/cmake/rosidl_cmake_export_typesupport_libraries-extras.cmake
-- Up-to-date: /home/olhamelnyk/colcon_venv/src/install/egocentric_msg/share/egocentric_msg/cmake/egocentric_msgConfig.cmake
-- Up-to-date: /home/olhamelnyk/colcon_venv/src/install/egocentric_msg/share/egocentric_msg/cmake/egocentric_msgConfig-version.cmake
-- Up-to-date: /home/olhamelnyk/colcon_venv/src/install/egocentric_msg/share/egocentric_msg/package.xml
