[0.015s] Invoking command in '/home/olhamelnyk/colcon_venv/src/build/egocentric_msg': CMAKE_PREFIX_PATH=${CMAKE_PREFIX_PATH}:/home/olhamelnyk/colcon_venv/src/install/system_controller:/home/olhamelnyk/colcon_venv/src/install/pupil_labs_wrapper:/home/olhamelnyk/colcon_venv/src/install/gaze_video_recorder:/home/olhamelnyk/colcon_venv/src/install/controller_with_gui:/opt/ros/jazzy DEBUGINFOD_URLS=https://debuginfod.ubuntu.com /usr/bin/cmake --build /home/olhamelnyk/colcon_venv/src/build/egocentric_msg -- -j16 -l16
[0.090s] [  2%] Built target egocentric_msg__rosidl_generator_type_description
[0.104s] [  2%] Built target ament_cmake_python_copy_egocentric_msg
[0.121s] [ 17%] Built target egocentric_msg__rosidl_generator_c
[0.128s] [ 20%] Built target egocentric_msg__cpp
[0.157s] [ 38%] Built target egocentric_msg__rosidl_typesupport_c
[0.157s] [ 38%] Built target egocentric_msg__rosidl_typesupport_introspection_c
[0.163s] [ 47%] Built target egocentric_msg__rosidl_typesupport_fastrtps_c
[0.167s] [ 55%] Built target egocentric_msg__rosidl_typesupport_introspection_cpp
[0.168s] [ 64%] Built target egocentric_msg__rosidl_typesupport_fastrtps_cpp
[0.170s] [ 73%] Built target egocentric_msg__rosidl_typesupport_cpp
[0.203s] [ 73%] Built target egocentric_msg
[0.233s] [ 76%] Built target egocentric_msg__py
[0.277s] [ 82%] Built target egocentric_msg__rosidl_generator_py
[0.312s] [ 94%] Built target egocentric_msg_s__rosidl_typesupport_fastrtps_c
[0.312s] [ 94%] Built target egocentric_msg_s__rosidl_typesupport_c
[0.318s] [100%] Built target egocentric_msg_s__rosidl_typesupport_introspection_c
[0.440s] running egg_info
[0.476s] writing egocentric_msg.egg-info/PKG-INFO
[0.476s] writing dependency_links to egocentric_msg.egg-info/dependency_links.txt
[0.476s] writing top-level names to egocentric_msg.egg-info/top_level.txt
[0.581s] reading manifest file 'egocentric_msg.egg-info/SOURCES.txt'
[0.581s] writing manifest file 'egocentric_msg.egg-info/SOURCES.txt'
[0.630s] [100%] Built target ament_cmake_python_build_egocentric_msg_egg
[0.650s] Invoked command in '/home/olhamelnyk/colcon_venv/src/build/egocentric_msg' returned '0': CMAKE_PREFIX_PATH=${CMAKE_PREFIX_PATH}:/home/olhamelnyk/colcon_venv/src/install/system_controller:/home/olhamelnyk/colcon_venv/src/install/pupil_labs_wrapper:/home/olhamelnyk/colcon_venv/src/install/gaze_video_recorder:/home/olhamelnyk/colcon_venv/src/install/controller_with_gui:/opt/ros/jazzy DEBUGINFOD_URLS=https://debuginfod.ubuntu.com /usr/bin/cmake --build /home/olhamelnyk/colcon_venv/src/build/egocentric_msg -- -j16 -l16
[0.667s] Invoking command in '/home/olhamelnyk/colcon_venv/src/build/egocentric_msg': CMAKE_PREFIX_PATH=${CMAKE_PREFIX_PATH}:/home/olhamelnyk/colcon_venv/src/install/system_controller:/home/olhamelnyk/colcon_venv/src/install/pupil_labs_wrapper:/home/olhamelnyk/colcon_venv/src/install/gaze_video_recorder:/home/olhamelnyk/colcon_venv/src/install/controller_with_gui:/opt/ros/jazzy DEBUGINFOD_URLS=https://debuginfod.ubuntu.com /usr/bin/cmake --install /home/olhamelnyk/colcon_venv/src/build/egocentric_msg
[0.688s] -- Install configuration: ""
[0.688s] -- Up-to-date: /home/olhamelnyk/colcon_venv/src/install/egocentric_msg/share/ament_index/resource_index/rosidl_interfaces/egocentric_msg
[0.688s] -- Up-to-date: /home/olhamelnyk/colcon_venv/src/install/egocentric_msg/share/egocentric_msg/msg/GazeData.json
[0.689s] -- Up-to-date: /home/olhamelnyk/colcon_venv/src/install/egocentric_msg/include/egocentric_msg/egocentric_msg
[0.689s] -- Up-to-date: /home/olhamelnyk/colcon_venv/src/install/egocentric_msg/include/egocentric_msg/egocentric_msg/msg
[0.689s] -- Up-to-date: /home/olhamelnyk/colcon_venv/src/install/egocentric_msg/include/egocentric_msg/egocentric_msg/msg/rosidl_generator_c__visibility_control.h
[0.690s] -- Up-to-date: /home/olhamelnyk/colcon_venv/src/install/egocentric_msg/include/egocentric_msg/egocentric_msg/msg/detail
[0.690s] -- Up-to-date: /home/olhamelnyk/colcon_venv/src/install/egocentric_msg/include/egocentric_msg/egocentric_msg/msg/detail/gaze_data__description.c
[0.690s] -- Up-to-date: /home/olhamelnyk/colcon_venv/src/install/egocentric_msg/include/egocentric_msg/egocentric_msg/msg/detail/gaze_data__functions.c
[0.691s] -- Up-to-date: /home/olhamelnyk/colcon_venv/src/install/egocentric_msg/include/egocentric_msg/egocentric_msg/msg/detail/gaze_data__struct.h
[0.691s] -- Up-to-date: /home/olhamelnyk/colcon_venv/src/install/egocentric_msg/include/egocentric_msg/egocentric_msg/msg/detail/gaze_data__type_support.h
[0.691s] -- Up-to-date: /home/olhamelnyk/colcon_venv/src/install/egocentric_msg/include/egocentric_msg/egocentric_msg/msg/detail/gaze_data__type_support.c
[0.691s] -- Up-to-date: /home/olhamelnyk/colcon_venv/src/install/egocentric_msg/include/egocentric_msg/egocentric_msg/msg/detail/gaze_data__functions.h
[0.691s] -- Up-to-date: /home/olhamelnyk/colcon_venv/src/install/egocentric_msg/include/egocentric_msg/egocentric_msg/msg/gaze_data.h
[0.692s] -- Up-to-date: /home/olhamelnyk/colcon_venv/src/install/egocentric_msg/share/egocentric_msg/environment/library_path.sh
[0.692s] -- Up-to-date: /home/olhamelnyk/colcon_venv/src/install/egocentric_msg/share/egocentric_msg/environment/library_path.dsv
[0.692s] -- Up-to-date: /home/olhamelnyk/colcon_venv/src/install/egocentric_msg/lib/libegocentric_msg__rosidl_generator_c.so
[0.692s] -- Up-to-date: /home/olhamelnyk/colcon_venv/src/install/egocentric_msg/include/egocentric_msg/egocentric_msg
[0.693s] -- Up-to-date: /home/olhamelnyk/colcon_venv/src/install/egocentric_msg/include/egocentric_msg/egocentric_msg/msg
[0.693s] -- Up-to-date: /home/olhamelnyk/colcon_venv/src/install/egocentric_msg/include/egocentric_msg/egocentric_msg/msg/detail
[0.693s] -- Up-to-date: /home/olhamelnyk/colcon_venv/src/install/egocentric_msg/include/egocentric_msg/egocentric_msg/msg/detail/gaze_data__rosidl_typesupport_fastrtps_c.h
[0.694s] -- Up-to-date: /home/olhamelnyk/colcon_venv/src/install/egocentric_msg/include/egocentric_msg/egocentric_msg/msg/rosidl_typesupport_fastrtps_c__visibility_control.h
[0.694s] -- Up-to-date: /home/olhamelnyk/colcon_venv/src/install/egocentric_msg/lib/libegocentric_msg__rosidl_typesupport_fastrtps_c.so
[0.694s] -- Up-to-date: /home/olhamelnyk/colcon_venv/src/install/egocentric_msg/include/egocentric_msg/egocentric_msg
[0.694s] -- Up-to-date: /home/olhamelnyk/colcon_venv/src/install/egocentric_msg/include/egocentric_msg/egocentric_msg/msg
[0.694s] -- Up-to-date: /home/olhamelnyk/colcon_venv/src/install/egocentric_msg/include/egocentric_msg/egocentric_msg/msg/rosidl_typesupport_introspection_c__visibility_control.h
[0.695s] -- Up-to-date: /home/olhamelnyk/colcon_venv/src/install/egocentric_msg/include/egocentric_msg/egocentric_msg/msg/detail
[0.695s] -- Up-to-date: /home/olhamelnyk/colcon_venv/src/install/egocentric_msg/include/egocentric_msg/egocentric_msg/msg/detail/gaze_data__rosidl_typesupport_introspection_c.h
[0.695s] -- Up-to-date: /home/olhamelnyk/colcon_venv/src/install/egocentric_msg/include/egocentric_msg/egocentric_msg/msg/detail/gaze_data__type_support.c
[0.695s] -- Up-to-date: /home/olhamelnyk/colcon_venv/src/install/egocentric_msg/lib/libegocentric_msg__rosidl_typesupport_introspection_c.so
[0.696s] -- Up-to-date: /home/olhamelnyk/colcon_venv/src/install/egocentric_msg/lib/libegocentric_msg__rosidl_typesupport_c.so
[0.696s] -- Up-to-date: /home/olhamelnyk/colcon_venv/src/install/egocentric_msg/include/egocentric_msg/egocentric_msg
[0.696s] -- Up-to-date: /home/olhamelnyk/colcon_venv/src/install/egocentric_msg/include/egocentric_msg/egocentric_msg/msg
[0.696s] -- Up-to-date: /home/olhamelnyk/colcon_venv/src/install/egocentric_msg/include/egocentric_msg/egocentric_msg/msg/gaze_data.hpp
[0.696s] -- Up-to-date: /home/olhamelnyk/colcon_venv/src/install/egocentric_msg/include/egocentric_msg/egocentric_msg/msg/detail
[0.697s] -- Up-to-date: /home/olhamelnyk/colcon_venv/src/install/egocentric_msg/include/egocentric_msg/egocentric_msg/msg/detail/gaze_data__struct.hpp
[0.697s] -- Up-to-date: /home/olhamelnyk/colcon_venv/src/install/egocentric_msg/include/egocentric_msg/egocentric_msg/msg/detail/gaze_data__type_support.hpp
[0.697s] -- Up-to-date: /home/olhamelnyk/colcon_venv/src/install/egocentric_msg/include/egocentric_msg/egocentric_msg/msg/detail/gaze_data__builder.hpp
[0.697s] -- Up-to-date: /home/olhamelnyk/colcon_venv/src/install/egocentric_msg/include/egocentric_msg/egocentric_msg/msg/detail/gaze_data__traits.hpp
[0.697s] -- Up-to-date: /home/olhamelnyk/colcon_venv/src/install/egocentric_msg/include/egocentric_msg/egocentric_msg/msg/rosidl_generator_cpp__visibility_control.hpp
[0.698s] -- Up-to-date: /home/olhamelnyk/colcon_venv/src/install/egocentric_msg/include/egocentric_msg/egocentric_msg
[0.698s] -- Up-to-date: /home/olhamelnyk/colcon_venv/src/install/egocentric_msg/include/egocentric_msg/egocentric_msg/msg
[0.698s] -- Up-to-date: /home/olhamelnyk/colcon_venv/src/install/egocentric_msg/include/egocentric_msg/egocentric_msg/msg/detail
[0.698s] -- Up-to-date: /home/olhamelnyk/colcon_venv/src/install/egocentric_msg/include/egocentric_msg/egocentric_msg/msg/detail/dds_fastrtps
[0.699s] -- Up-to-date: /home/olhamelnyk/colcon_venv/src/install/egocentric_msg/include/egocentric_msg/egocentric_msg/msg/detail/gaze_data__rosidl_typesupport_fastrtps_cpp.hpp
[0.699s] -- Up-to-date: /home/olhamelnyk/colcon_venv/src/install/egocentric_msg/include/egocentric_msg/egocentric_msg/msg/rosidl_typesupport_fastrtps_cpp__visibility_control.h
[0.699s] -- Up-to-date: /home/olhamelnyk/colcon_venv/src/install/egocentric_msg/lib/libegocentric_msg__rosidl_typesupport_fastrtps_cpp.so
[0.700s] -- Up-to-date: /home/olhamelnyk/colcon_venv/src/install/egocentric_msg/include/egocentric_msg/egocentric_msg
[0.700s] -- Up-to-date: /home/olhamelnyk/colcon_venv/src/install/egocentric_msg/include/egocentric_msg/egocentric_msg/msg
[0.700s] -- Up-to-date: /home/olhamelnyk/colcon_venv/src/install/egocentric_msg/include/egocentric_msg/egocentric_msg/msg/detail
[0.701s] -- Up-to-date: /home/olhamelnyk/colcon_venv/src/install/egocentric_msg/include/egocentric_msg/egocentric_msg/msg/detail/gaze_data__rosidl_typesupport_introspection_cpp.hpp
[0.701s] -- Up-to-date: /home/olhamelnyk/colcon_venv/src/install/egocentric_msg/include/egocentric_msg/egocentric_msg/msg/detail/gaze_data__type_support.cpp
[0.701s] -- Up-to-date: /home/olhamelnyk/colcon_venv/src/install/egocentric_msg/lib/libegocentric_msg__rosidl_typesupport_introspection_cpp.so
[0.701s] -- Up-to-date: /home/olhamelnyk/colcon_venv/src/install/egocentric_msg/lib/libegocentric_msg__rosidl_typesupport_cpp.so
[0.702s] -- Up-to-date: /home/olhamelnyk/colcon_venv/src/install/egocentric_msg/share/egocentric_msg/environment/pythonpath.sh
[0.702s] -- Up-to-date: /home/olhamelnyk/colcon_venv/src/install/egocentric_msg/share/egocentric_msg/environment/pythonpath.dsv
[0.702s] -- Up-to-date: /home/olhamelnyk/colcon_venv/src/install/egocentric_msg/lib/python3.12/site-packages/egocentric_msg-0.0.0-py3.12.egg-info
[0.702s] -- Installing: /home/olhamelnyk/colcon_venv/src/install/egocentric_msg/lib/python3.12/site-packages/egocentric_msg-0.0.0-py3.12.egg-info/top_level.txt
[0.702s] -- Installing: /home/olhamelnyk/colcon_venv/src/install/egocentric_msg/lib/python3.12/site-packages/egocentric_msg-0.0.0-py3.12.egg-info/SOURCES.txt
[0.703s] -- Installing: /home/olhamelnyk/colcon_venv/src/install/egocentric_msg/lib/python3.12/site-packages/egocentric_msg-0.0.0-py3.12.egg-info/dependency_links.txt
[0.703s] -- Installing: /home/olhamelnyk/colcon_venv/src/install/egocentric_msg/lib/python3.12/site-packages/egocentric_msg-0.0.0-py3.12.egg-info/PKG-INFO
[0.703s] -- Up-to-date: /home/olhamelnyk/colcon_venv/src/install/egocentric_msg/lib/python3.12/site-packages/egocentric_msg
[0.703s] -- Up-to-date: /home/olhamelnyk/colcon_venv/src/install/egocentric_msg/lib/python3.12/site-packages/egocentric_msg/egocentric_msg_s__rosidl_typesupport_c.so
[0.704s] -- Up-to-date: /home/olhamelnyk/colcon_venv/src/install/egocentric_msg/lib/python3.12/site-packages/egocentric_msg/_egocentric_msg_s.ep.rosidl_typesupport_introspection_c.c
[0.704s] -- Up-to-date: /home/olhamelnyk/colcon_venv/src/install/egocentric_msg/lib/python3.12/site-packages/egocentric_msg/egocentric_msg_s__rosidl_typesupport_fastrtps_c.so
[0.704s] -- Up-to-date: /home/olhamelnyk/colcon_venv/src/install/egocentric_msg/lib/python3.12/site-packages/egocentric_msg/msg
[0.704s] -- Up-to-date: /home/olhamelnyk/colcon_venv/src/install/egocentric_msg/lib/python3.12/site-packages/egocentric_msg/msg/__init__.py
[0.705s] -- Up-to-date: /home/olhamelnyk/colcon_venv/src/install/egocentric_msg/lib/python3.12/site-packages/egocentric_msg/msg/_gaze_data_s.c
[0.705s] -- Up-to-date: /home/olhamelnyk/colcon_venv/src/install/egocentric_msg/lib/python3.12/site-packages/egocentric_msg/msg/_gaze_data.py
[0.705s] -- Up-to-date: /home/olhamelnyk/colcon_venv/src/install/egocentric_msg/lib/python3.12/site-packages/egocentric_msg/__init__.py
[0.705s] -- Up-to-date: /home/olhamelnyk/colcon_venv/src/install/egocentric_msg/lib/python3.12/site-packages/egocentric_msg/_egocentric_msg_s.ep.rosidl_typesupport_c.c
[0.705s] -- Up-to-date: /home/olhamelnyk/colcon_venv/src/install/egocentric_msg/lib/python3.12/site-packages/egocentric_msg/egocentric_msg_s__rosidl_typesupport_introspection_c.so
[0.706s] -- Up-to-date: /home/olhamelnyk/colcon_venv/src/install/egocentric_msg/lib/python3.12/site-packages/egocentric_msg/_egocentric_msg_s.ep.rosidl_typesupport_fastrtps_c.c
[0.745s] Listing '/home/olhamelnyk/colcon_venv/src/install/egocentric_msg/lib/python3.12/site-packages/egocentric_msg'...
[0.745s] Listing '/home/olhamelnyk/colcon_venv/src/install/egocentric_msg/lib/python3.12/site-packages/egocentric_msg/msg'...
[0.751s] -- Up-to-date: /home/olhamelnyk/colcon_venv/src/install/egocentric_msg/lib/python3.12/site-packages/egocentric_msg/egocentric_msg_s__rosidl_typesupport_fastrtps_c.so
[0.752s] -- Up-to-date: /home/olhamelnyk/colcon_venv/src/install/egocentric_msg/lib/python3.12/site-packages/egocentric_msg/egocentric_msg_s__rosidl_typesupport_introspection_c.so
[0.752s] -- Up-to-date: /home/olhamelnyk/colcon_venv/src/install/egocentric_msg/lib/python3.12/site-packages/egocentric_msg/egocentric_msg_s__rosidl_typesupport_c.so
[0.753s] -- Up-to-date: /home/olhamelnyk/colcon_venv/src/install/egocentric_msg/lib/libegocentric_msg__rosidl_generator_py.so
[0.753s] -- Up-to-date: /home/olhamelnyk/colcon_venv/src/install/egocentric_msg/share/egocentric_msg/msg/GazeData.idl
[0.754s] -- Up-to-date: /home/olhamelnyk/colcon_venv/src/install/egocentric_msg/share/egocentric_msg/msg/GazeData.msg
[0.754s] -- Up-to-date: /home/olhamelnyk/colcon_venv/src/install/egocentric_msg/share/ament_index/resource_index/package_run_dependencies/egocentric_msg
[0.755s] -- Up-to-date: /home/olhamelnyk/colcon_venv/src/install/egocentric_msg/share/ament_index/resource_index/parent_prefix_path/egocentric_msg
[0.755s] -- Up-to-date: /home/olhamelnyk/colcon_venv/src/install/egocentric_msg/share/egocentric_msg/environment/ament_prefix_path.sh
[0.755s] -- Up-to-date: /home/olhamelnyk/colcon_venv/src/install/egocentric_msg/share/egocentric_msg/environment/ament_prefix_path.dsv
[0.756s] -- Up-to-date: /home/olhamelnyk/colcon_venv/src/install/egocentric_msg/share/egocentric_msg/environment/path.sh
[0.756s] -- Up-to-date: /home/olhamelnyk/colcon_venv/src/install/egocentric_msg/share/egocentric_msg/environment/path.dsv
[0.756s] -- Up-to-date: /home/olhamelnyk/colcon_venv/src/install/egocentric_msg/share/egocentric_msg/local_setup.bash
[0.757s] -- Up-to-date: /home/olhamelnyk/colcon_venv/src/install/egocentric_msg/share/egocentric_msg/local_setup.sh
[0.757s] -- Up-to-date: /home/olhamelnyk/colcon_venv/src/install/egocentric_msg/share/egocentric_msg/local_setup.zsh
[0.758s] -- Up-to-date: /home/olhamelnyk/colcon_venv/src/install/egocentric_msg/share/egocentric_msg/local_setup.dsv
[0.758s] -- Installing: /home/olhamelnyk/colcon_venv/src/install/egocentric_msg/share/egocentric_msg/package.dsv
[0.758s] -- Up-to-date: /home/olhamelnyk/colcon_venv/src/install/egocentric_msg/share/ament_index/resource_index/packages/egocentric_msg
[0.759s] -- Up-to-date: /home/olhamelnyk/colcon_venv/src/install/egocentric_msg/share/egocentric_msg/cmake/export_egocentric_msg__rosidl_generator_cExport.cmake
[0.759s] -- Up-to-date: /home/olhamelnyk/colcon_venv/src/install/egocentric_msg/share/egocentric_msg/cmake/export_egocentric_msg__rosidl_generator_cExport-noconfig.cmake
[0.759s] -- Up-to-date: /home/olhamelnyk/colcon_venv/src/install/egocentric_msg/share/egocentric_msg/cmake/export_egocentric_msg__rosidl_typesupport_fastrtps_cExport.cmake
[0.759s] -- Up-to-date: /home/olhamelnyk/colcon_venv/src/install/egocentric_msg/share/egocentric_msg/cmake/export_egocentric_msg__rosidl_typesupport_fastrtps_cExport-noconfig.cmake
[0.760s] -- Up-to-date: /home/olhamelnyk/colcon_venv/src/install/egocentric_msg/share/egocentric_msg/cmake/egocentric_msg__rosidl_typesupport_introspection_cExport.cmake
[0.760s] -- Up-to-date: /home/olhamelnyk/colcon_venv/src/install/egocentric_msg/share/egocentric_msg/cmake/egocentric_msg__rosidl_typesupport_introspection_cExport-noconfig.cmake
[0.760s] -- Up-to-date: /home/olhamelnyk/colcon_venv/src/install/egocentric_msg/share/egocentric_msg/cmake/egocentric_msg__rosidl_typesupport_cExport.cmake
[0.761s] -- Up-to-date: /home/olhamelnyk/colcon_venv/src/install/egocentric_msg/share/egocentric_msg/cmake/egocentric_msg__rosidl_typesupport_cExport-noconfig.cmake
[0.761s] -- Up-to-date: /home/olhamelnyk/colcon_venv/src/install/egocentric_msg/share/egocentric_msg/cmake/export_egocentric_msg__rosidl_generator_cppExport.cmake
[0.762s] -- Up-to-date: /home/olhamelnyk/colcon_venv/src/install/egocentric_msg/share/egocentric_msg/cmake/export_egocentric_msg__rosidl_typesupport_fastrtps_cppExport.cmake
[0.764s] -- Up-to-date: /home/olhamelnyk/colcon_venv/src/install/egocentric_msg/share/egocentric_msg/cmake/export_egocentric_msg__rosidl_typesupport_fastrtps_cppExport-noconfig.cmake
[0.764s] -- Up-to-date: /home/olhamelnyk/colcon_venv/src/install/egocentric_msg/share/egocentric_msg/cmake/egocentric_msg__rosidl_typesupport_introspection_cppExport.cmake
[0.764s] -- Up-to-date: /home/olhamelnyk/colcon_venv/src/install/egocentric_msg/share/egocentric_msg/cmake/egocentric_msg__rosidl_typesupport_introspection_cppExport-noconfig.cmake
[0.764s] -- Up-to-date: /home/olhamelnyk/colcon_venv/src/install/egocentric_msg/share/egocentric_msg/cmake/egocentric_msg__rosidl_typesupport_cppExport.cmake
[0.765s] -- Up-to-date: /home/olhamelnyk/colcon_venv/src/install/egocentric_msg/share/egocentric_msg/cmake/egocentric_msg__rosidl_typesupport_cppExport-noconfig.cmake
[0.765s] -- Up-to-date: /home/olhamelnyk/colcon_venv/src/install/egocentric_msg/share/egocentric_msg/cmake/export_egocentric_msg__rosidl_generator_pyExport.cmake
[0.765s] -- Up-to-date: /home/olhamelnyk/colcon_venv/src/install/egocentric_msg/share/egocentric_msg/cmake/export_egocentric_msg__rosidl_generator_pyExport-noconfig.cmake
[0.766s] -- Up-to-date: /home/olhamelnyk/colcon_venv/src/install/egocentric_msg/share/egocentric_msg/cmake/rosidl_cmake-extras.cmake
[0.766s] -- Up-to-date: /home/olhamelnyk/colcon_venv/src/install/egocentric_msg/share/egocentric_msg/cmake/ament_cmake_export_dependencies-extras.cmake
[0.767s] -- Up-to-date: /home/olhamelnyk/colcon_venv/src/install/egocentric_msg/share/egocentric_msg/cmake/ament_cmake_export_include_directories-extras.cmake
[0.767s] -- Up-to-date: /home/olhamelnyk/colcon_venv/src/install/egocentric_msg/share/egocentric_msg/cmake/ament_cmake_export_libraries-extras.cmake
[0.768s] -- Up-to-date: /home/olhamelnyk/colcon_venv/src/install/egocentric_msg/share/egocentric_msg/cmake/ament_cmake_export_targets-extras.cmake
[0.768s] -- Up-to-date: /home/olhamelnyk/colcon_venv/src/install/egocentric_msg/share/egocentric_msg/cmake/rosidl_cmake_export_typesupport_targets-extras.cmake
[0.768s] -- Up-to-date: /home/olhamelnyk/colcon_venv/src/install/egocentric_msg/share/egocentric_msg/cmake/rosidl_cmake_export_typesupport_libraries-extras.cmake
[0.769s] -- Up-to-date: /home/olhamelnyk/colcon_venv/src/install/egocentric_msg/share/egocentric_msg/cmake/egocentric_msgConfig.cmake
[0.769s] -- Up-to-date: /home/olhamelnyk/colcon_venv/src/install/egocentric_msg/share/egocentric_msg/cmake/egocentric_msgConfig-version.cmake
[0.770s] -- Up-to-date: /home/olhamelnyk/colcon_venv/src/install/egocentric_msg/share/egocentric_msg/package.xml
[0.771s] Invoked command in '/home/olhamelnyk/colcon_venv/src/build/egocentric_msg' returned '0': CMAKE_PREFIX_PATH=${CMAKE_PREFIX_PATH}:/home/olhamelnyk/colcon_venv/src/install/system_controller:/home/olhamelnyk/colcon_venv/src/install/pupil_labs_wrapper:/home/olhamelnyk/colcon_venv/src/install/gaze_video_recorder:/home/olhamelnyk/colcon_venv/src/install/controller_with_gui:/opt/ros/jazzy DEBUGINFOD_URLS=https://debuginfod.ubuntu.com /usr/bin/cmake --install /home/olhamelnyk/colcon_venv/src/build/egocentric_msg
