running egg_info
creating ../build/pupil_labs_wrapper/pupil_labs_wrapper.egg-info
writing ../build/pupil_labs_wrapper/pupil_labs_wrapper.egg-info/PKG-INFO
writing dependency_links to ../build/pupil_labs_wrapper/pupil_labs_wrapper.egg-info/dependency_links.txt
writing entry points to ../build/pupil_labs_wrapper/pupil_labs_wrapper.egg-info/entry_points.txt
writing requirements to ../build/pupil_labs_wrapper/pupil_labs_wrapper.egg-info/requires.txt
writing top-level names to ../build/pupil_labs_wrapper/pupil_labs_wrapper.egg-info/top_level.txt
writing manifest file '../build/pupil_labs_wrapper/pupil_labs_wrapper.egg-info/SOURCES.txt'
reading manifest file '../build/pupil_labs_wrapper/pupil_labs_wrapper.egg-info/SOURCES.txt'
adding license file 'LICENSE'
writing manifest file '../build/pupil_labs_wrapper/pupil_labs_wrapper.egg-info/SOURCES.txt'
running build
running build_py
creating /home/olhamelnyk/colcon_venv/src/build/pupil_labs_wrapper/build
creating /home/olhamelnyk/colcon_venv/src/build/pupil_labs_wrapper/build/lib
creating /home/olhamelnyk/colcon_venv/src/build/pupil_labs_wrapper/build/lib/pupil_labs_wrapper
copying pupil_labs_wrapper/__init__.py -> /home/olhamelnyk/colcon_venv/src/build/pupil_labs_wrapper/build/lib/pupil_labs_wrapper
copying pupil_labs_wrapper/wrapper.py -> /home/olhamelnyk/colcon_venv/src/build/pupil_labs_wrapper/build/lib/pupil_labs_wrapper
running install
running install_lib
creating /home/olhamelnyk/colcon_venv/src/install/pupil_labs_wrapper/lib/python3.12/site-packages/pupil_labs_wrapper
copying /home/olhamelnyk/colcon_venv/src/build/pupil_labs_wrapper/build/lib/pupil_labs_wrapper/__init__.py -> /home/olhamelnyk/colcon_venv/src/install/pupil_labs_wrapper/lib/python3.12/site-packages/pupil_labs_wrapper
copying /home/olhamelnyk/colcon_venv/src/build/pupil_labs_wrapper/build/lib/pupil_labs_wrapper/wrapper.py -> /home/olhamelnyk/colcon_venv/src/install/pupil_labs_wrapper/lib/python3.12/site-packages/pupil_labs_wrapper
byte-compiling /home/olhamelnyk/colcon_venv/src/install/pupil_labs_wrapper/lib/python3.12/site-packages/pupil_labs_wrapper/__init__.py to __init__.cpython-312.pyc
byte-compiling /home/olhamelnyk/colcon_venv/src/install/pupil_labs_wrapper/lib/python3.12/site-packages/pupil_labs_wrapper/wrapper.py to wrapper.cpython-312.pyc
running install_data
creating /home/olhamelnyk/colcon_venv/src/install/pupil_labs_wrapper/share/ament_index
creating /home/olhamelnyk/colcon_venv/src/install/pupil_labs_wrapper/share/ament_index/resource_index
creating /home/olhamelnyk/colcon_venv/src/install/pupil_labs_wrapper/share/ament_index/resource_index/packages
copying resource/pupil_labs_wrapper -> /home/olhamelnyk/colcon_venv/src/install/pupil_labs_wrapper/share/ament_index/resource_index/packages
copying package.xml -> /home/olhamelnyk/colcon_venv/src/install/pupil_labs_wrapper/share/pupil_labs_wrapper
running install_egg_info
Copying ../build/pupil_labs_wrapper/pupil_labs_wrapper.egg-info to /home/olhamelnyk/colcon_venv/src/install/pupil_labs_wrapper/lib/python3.12/site-packages/pupil_labs_wrapper-0.0.0-py3.12.egg-info
running install_scripts
Installing wrapper script to /home/olhamelnyk/colcon_venv/src/install/pupil_labs_wrapper/lib/pupil_labs_wrapper
writing list of installed files to '/home/olhamelnyk/colcon_venv/src/build/pupil_labs_wrapper/install.log'
