-- The C compiler identification is GNU 13.3.0
-- The CXX compiler identification is GNU 13.3.0
-- Detecting C compiler ABI info
-- Detecting C compiler ABI info - done
-- Check for working C compiler: /usr/bin/cc - skipped
-- Detecting C compile features
-- Detecting C compile features - done
-- Detecting CXX compiler ABI info
-- Detecting CXX compiler ABI info - done
-- Check for working CXX compiler: /usr/bin/c++ - skipped
-- Detecting CXX compile features
-- Detecting CXX compile features - done
-- Looking for sgemm_
-- Looking for sgemm_ - not found
-- Performing Test CMAKE_HAVE_LIBC_PTHREAD
-- Performing Test CMAKE_HAVE_LIBC_PTHREAD - Success
-- Found Threads: TRUE  
-- Looking for sgemm_
-- Looking for sgemm_ - found
-- Found BLAS: /usr/lib/x86_64-linux-gnu/libopenblas.so  
[33mCMake Warning (dev) at /usr/local/zed/zed-config.cmake:73 (find_package):
  Policy CMP0146 is not set: The FindCUDA module is removed.  Run "cmake
  --help-policy CMP0146" for policy details.  Use the cmake_policy command to
  set the policy and suppress this warning.

Call Stack (most recent call first):
  CMakeLists.txt:84 (find_package)
This warning is for project developers.  Use -Wno-dev to suppress it.
[0m
-- Found CUDA: /usr/local/cuda (found suitable version "12.9", minimum required is "12") 
[33mCMake Warning (dev) at /usr/local/zed/zed-config.cmake:78 (exec_program):
  Policy CMP0153 is not set: The exec_program command should not be called.
  Run "cmake --help-policy CMP0153" for policy details.  Use the cmake_policy
  command to set the policy and suppress this warning.

  Use execute_process() instead.
Call Stack (most recent call first):
  CMakeLists.txt:84 (find_package)
This warning is for project developers.  Use -Wno-dev to suppress it.
[0m
[33mCMake Warning (dev) at /usr/local/zed/zed-config.cmake:79 (exec_program):
  Policy CMP0153 is not set: The exec_program command should not be called.
  Run "cmake --help-policy CMP0153" for policy details.  Use the cmake_policy
  command to set the policy and suppress this warning.

  Use execute_process() instead.
Call Stack (most recent call first):
  CMakeLists.txt:84 (find_package)
This warning is for project developers.  Use -Wno-dev to suppress it.
[0m
[33mCMake Warning (dev) at /usr/local/zed/zed-config.cmake:95 (exec_program):
  Policy CMP0153 is not set: The exec_program command should not be called.
  Run "cmake --help-policy CMP0153" for policy details.  Use the cmake_policy
  command to set the policy and suppress this warning.

  Use execute_process() instead.
Call Stack (most recent call first):
  CMakeLists.txt:84 (find_package)
This warning is for project developers.  Use -Wno-dev to suppress it.
[0m
[33mCMake Warning (dev) at /usr/local/zed/zed-config.cmake:115 (exec_program):
  Policy CMP0153 is not set: The exec_program command should not be called.
  Run "cmake --help-policy CMP0153" for policy details.  Use the cmake_policy
  command to set the policy and suppress this warning.

  Use execute_process() instead.
Call Stack (most recent call first):
  CMakeLists.txt:84 (find_package)
This warning is for project developers.  Use -Wno-dev to suppress it.
[0m
[33mCMake Warning (dev) at /usr/local/zed/zed-config.cmake:117 (exec_program):
  Policy CMP0153 is not set: The exec_program command should not be called.
  Run "cmake --help-policy CMP0153" for policy details.  Use the cmake_policy
  command to set the policy and suppress this warning.

  Use execute_process() instead.
Call Stack (most recent call first):
  CMakeLists.txt:84 (find_package)
This warning is for project developers.  Use -Wno-dev to suppress it.
[0m
[33mCMake Warning (dev) at CMakeLists.txt:86 (exec_program):
  Policy CMP0153 is not set: The exec_program command should not be called.
  Run "cmake --help-policy CMP0153" for policy details.  Use the cmake_policy
  command to set the policy and suppress this warning.

  Use execute_process() instead.
This warning is for project developers.  Use -Wno-dev to suppress it.
[0m
[33mCMake Warning (dev) at CMakeLists.txt:91 (find_package):
  Policy CMP0146 is not set: The FindCUDA module is removed.  Run "cmake
  --help-policy CMP0146" for policy details.  Use the cmake_policy command to
  set the policy and suppress this warning.

This warning is for project developers.  Use -Wno-dev to suppress it.
[0m
-- Found CUDA: /usr/local/cuda (found version "12.9") 
-- Found ament_cmake_auto: 2.5.4 (/opt/ros/jazzy/share/ament_cmake_auto/cmake)
-- Found Python3: /usr/bin/python3 (found version "3.12.3") found components: Interpreter 
-- Override CMake install command with custom implementation using symlinks instead of copying resources
-- Found rosidl_generator_c: 4.6.5 (/opt/ros/jazzy/share/rosidl_generator_c/cmake)
-- Found rosidl_generator_cpp: 4.6.5 (/opt/ros/jazzy/share/rosidl_generator_cpp/cmake)
-- Using all available rosidl_typesupport_c: rosidl_typesupport_fastrtps_c;rosidl_typesupport_introspection_c
-- Using all available rosidl_typesupport_cpp: rosidl_typesupport_fastrtps_cpp;rosidl_typesupport_introspection_cpp
-- Found rmw_implementation_cmake: 7.3.2 (/opt/ros/jazzy/share/rmw_implementation_cmake/cmake)
-- Found rmw_fastrtps_cpp: 8.4.2 (/opt/ros/jazzy/share/rmw_fastrtps_cpp/cmake)
-- Found OpenSSL: /usr/lib/x86_64-linux-gnu/libcrypto.so (found version "3.0.13")  
-- Found FastRTPS: /opt/ros/jazzy/include (Required is at least version "2.13") 
-- Using RMW implementation 'rmw_fastrtps_cpp' as default
-- Found eigen3_cmake_module: 0.3.0 (/opt/ros/jazzy/share/eigen3_cmake_module/cmake)
-- Found Eigen3: TRUE (found version "3.4.0") 
-- Ensuring Eigen3 include directory is part of orocos-kdl CMake target
[33mCMake Warning at CMakeLists.txt:122 (find_package):
  By not providing "Findzed_msgs.cmake" in CMAKE_MODULE_PATH this project has
  asked CMake to find a package configuration file provided by "zed_msgs",
  but CMake did not find one.

  Could not find a package configuration file provided by "zed_msgs" with any
  of the following names:

    zed_msgsConfig.cmake
    zed_msgs-config.cmake

  Add the installation prefix of "zed_msgs" to CMAKE_PREFIX_PATH or set
  "zed_msgs_DIR" to a directory containing one of the above files.  If
  "zed_msgs" provides a separate development package or SDK, be sure it has
  been installed.

[0m
[31mCMake Error at CMakeLists.txt:133 (find_package):
  By not providing "Findnmea_msgs.cmake" in CMAKE_MODULE_PATH this project
  has asked CMake to find a package configuration file provided by
  "nmea_msgs", but CMake did not find one.

  Could not find a package configuration file provided by "nmea_msgs" with
  any of the following names:

    nmea_msgsConfig.cmake
    nmea_msgs-config.cmake

  Add the installation prefix of "nmea_msgs" to CMAKE_PREFIX_PATH or set
  "nmea_msgs_DIR" to a directory containing one of the above files.  If
  "nmea_msgs" provides a separate development package or SDK, be sure it has
  been installed.

[0m
-- Configuring incomplete, errors occurred!
